Analysis & Synthesis report for aula5
Wed Mar 15 23:34:23 2023
Quartus Prime Version 20.1.0 Build 711 06/05/2020 SJ Lite Edition


---------------------
; Table of Contents ;
---------------------
  1. Legal Notice
  2. Analysis & Synthesis Summary
  3. Analysis & Synthesis Settings
  4. Parallel Compilation
  5. Analysis & Synthesis Source Files Read
  6. Analysis & Synthesis Resource Usage Summary
  7. Analysis & Synthesis Resource Utilization by Entity
  8. Registers Removed During Synthesis
  9. General Register Statistics
 10. Multiplexer Restructuring Statistics (Restructuring Performed)
 11. Parameter Settings for User Entity Instance: Top-level Entity: |aula5
 12. Parameter Settings for User Entity Instance: muxGenerico2x1:MUX1
 13. Parameter Settings for User Entity Instance: registradorGenerico:REGA
 14. Parameter Settings for User Entity Instance: registradorGenerico:PC
 15. Parameter Settings for User Entity Instance: somaConstante:incrementaPC
 16. Parameter Settings for User Entity Instance: ULASomaSub:ULA1
 17. Parameter Settings for User Entity Instance: memoriaROM:ROM1
 18. Parameter Settings for User Entity Instance: memoriaRAM:RAM
 19. Parameter Settings for User Entity Instance: registradorGenerico:Salva_Ret
 20. Parameter Settings for User Entity Instance: muxGenerico4x2:MUX_JMP
 21. Port Connectivity Checks: "muxGenerico4x2:MUX_JMP"
 22. Port Connectivity Checks: "registradorGenerico:Salva_Ret"
 23. Port Connectivity Checks: "flipflop:flag_ula"
 24. Port Connectivity Checks: "registradorGenerico:PC"
 25. Port Connectivity Checks: "registradorGenerico:REGA"
 26. Post-Synthesis Netlist Statistics for Top Partition
 27. Elapsed Time Per Partition
 28. Analysis & Synthesis Messages



----------------
; Legal Notice ;
----------------
Copyright (C) 2020  Intel Corporation. All rights reserved.
Your use of Intel Corporation's design tools, logic functions 
and other software and tools, and any partner logic 
functions, and any output files from any of the foregoing 
(including device programming or simulation files), and any 
associated documentation or information are expressly subject 
to the terms and conditions of the Intel Program License 
Subscription Agreement, the Intel Quartus Prime License Agreement,
the Intel FPGA IP License Agreement, or other applicable license
agreement, including, without limitation, that your use is for
the sole purpose of programming logic devices manufactured by
Intel and sold by Intel or its authorized distributors.  Please
refer to the applicable agreement for further details, at
https://fpgasoftware.intel.com/eula.



+-------------------------------------------------------------------------------+
; Analysis & Synthesis Summary                                                  ;
+---------------------------------+---------------------------------------------+
; Analysis & Synthesis Status     ; Successful - Wed Mar 15 23:34:23 2023       ;
; Quartus Prime Version           ; 20.1.0 Build 711 06/05/2020 SJ Lite Edition ;
; Revision Name                   ; aula5                                       ;
; Top-level Entity Name           ; aula5                                       ;
; Family                          ; Cyclone V                                   ;
; Logic utilization (in ALMs)     ; N/A                                         ;
; Total registers                 ; 59                                          ;
; Total pins                      ; 35                                          ;
; Total virtual pins              ; 0                                           ;
; Total block memory bits         ; 0                                           ;
; Total DSP Blocks                ; 0                                           ;
; Total HSSI RX PCSs              ; 0                                           ;
; Total HSSI PMA RX Deserializers ; 0                                           ;
; Total HSSI TX PCSs              ; 0                                           ;
; Total HSSI PMA TX Serializers   ; 0                                           ;
; Total PLLs                      ; 0                                           ;
; Total DLLs                      ; 0                                           ;
+---------------------------------+---------------------------------------------+


+---------------------------------------------------------------------------------------------------------------------------+
; Analysis & Synthesis Settings                                                                                             ;
+---------------------------------------------------------------------------------+--------------------+--------------------+
; Option                                                                          ; Setting            ; Default Value      ;
+---------------------------------------------------------------------------------+--------------------+--------------------+
; Device                                                                          ; 5CEBA4F23C7        ;                    ;
; Top-level entity name                                                           ; aula5              ; aula5              ;
; Family name                                                                     ; Cyclone V          ; Cyclone V          ;
; VHDL Show LMF Mapping Messages                                                  ; Off                ;                    ;
; VHDL Version                                                                    ; VHDL_2008          ; VHDL_1993          ;
; Use smart compilation                                                           ; Off                ; Off                ;
; Enable parallel Assembler and Timing Analyzer during compilation                ; On                 ; On                 ;
; Enable compact report table                                                     ; Off                ; Off                ;
; Restructure Multiplexers                                                        ; Auto               ; Auto               ;
; MLAB Add Timing Constraints For Mixed-Port Feed-Through Mode Setting Don't Care ; Off                ; Off                ;
; Create Debugging Nodes for IP Cores                                             ; Off                ; Off                ;
; Preserve fewer node names                                                       ; On                 ; On                 ;
; Intel FPGA IP Evaluation Mode                                                   ; Enable             ; Enable             ;
; Verilog Version                                                                 ; Verilog_2001       ; Verilog_2001       ;
; State Machine Processing                                                        ; Auto               ; Auto               ;
; Safe State Machine                                                              ; Off                ; Off                ;
; Extract Verilog State Machines                                                  ; On                 ; On                 ;
; Extract VHDL State Machines                                                     ; On                 ; On                 ;
; Ignore Verilog initial constructs                                               ; Off                ; Off                ;
; Iteration limit for constant Verilog loops                                      ; 5000               ; 5000               ;
; Iteration limit for non-constant Verilog loops                                  ; 250                ; 250                ;
; Add Pass-Through Logic to Inferred RAMs                                         ; On                 ; On                 ;
; Infer RAMs from Raw Logic                                                       ; On                 ; On                 ;
; Parallel Synthesis                                                              ; On                 ; On                 ;
; DSP Block Balancing                                                             ; Auto               ; Auto               ;
; NOT Gate Push-Back                                                              ; On                 ; On                 ;
; Power-Up Don't Care                                                             ; On                 ; On                 ;
; Remove Redundant Logic Cells                                                    ; Off                ; Off                ;
; Remove Duplicate Registers                                                      ; On                 ; On                 ;
; Ignore CARRY Buffers                                                            ; Off                ; Off                ;
; Ignore CASCADE Buffers                                                          ; Off                ; Off                ;
; Ignore GLOBAL Buffers                                                           ; Off                ; Off                ;
; Ignore ROW GLOBAL Buffers                                                       ; Off                ; Off                ;
; Ignore LCELL Buffers                                                            ; Off                ; Off                ;
; Ignore SOFT Buffers                                                             ; On                 ; On                 ;
; Limit AHDL Integers to 32 Bits                                                  ; Off                ; Off                ;
; Optimization Technique                                                          ; Balanced           ; Balanced           ;
; Carry Chain Length                                                              ; 70                 ; 70                 ;
; Auto Carry Chains                                                               ; On                 ; On                 ;
; Auto Open-Drain Pins                                                            ; On                 ; On                 ;
; Perform WYSIWYG Primitive Resynthesis                                           ; Off                ; Off                ;
; Auto ROM Replacement                                                            ; On                 ; On                 ;
; Auto RAM Replacement                                                            ; On                 ; On                 ;
; Auto DSP Block Replacement                                                      ; On                 ; On                 ;
; Auto Shift Register Replacement                                                 ; Auto               ; Auto               ;
; Allow Shift Register Merging across Hierarchies                                 ; Auto               ; Auto               ;
; Auto Clock Enable Replacement                                                   ; On                 ; On                 ;
; Strict RAM Replacement                                                          ; Off                ; Off                ;
; Allow Synchronous Control Signals                                               ; On                 ; On                 ;
; Force Use of Synchronous Clear Signals                                          ; Off                ; Off                ;
; Auto Resource Sharing                                                           ; Off                ; Off                ;
; Allow Any RAM Size For Recognition                                              ; Off                ; Off                ;
; Allow Any ROM Size For Recognition                                              ; Off                ; Off                ;
; Allow Any Shift Register Size For Recognition                                   ; Off                ; Off                ;
; Use LogicLock Constraints during Resource Balancing                             ; On                 ; On                 ;
; Ignore translate_off and synthesis_off directives                               ; Off                ; Off                ;
; Timing-Driven Synthesis                                                         ; On                 ; On                 ;
; Report Parameter Settings                                                       ; On                 ; On                 ;
; Report Source Assignments                                                       ; On                 ; On                 ;
; Report Connectivity Checks                                                      ; On                 ; On                 ;
; Ignore Maximum Fan-Out Assignments                                              ; Off                ; Off                ;
; Synchronization Register Chain Length                                           ; 3                  ; 3                  ;
; Power Optimization During Synthesis                                             ; Normal compilation ; Normal compilation ;
; HDL message level                                                               ; Level2             ; Level2             ;
; Suppress Register Optimization Related Messages                                 ; Off                ; Off                ;
; Number of Removed Registers Reported in Synthesis Report                        ; 5000               ; 5000               ;
; Number of Swept Nodes Reported in Synthesis Report                              ; 5000               ; 5000               ;
; Number of Inverted Registers Reported in Synthesis Report                       ; 100                ; 100                ;
; Clock MUX Protection                                                            ; On                 ; On                 ;
; Auto Gated Clock Conversion                                                     ; Off                ; Off                ;
; Block Design Naming                                                             ; Auto               ; Auto               ;
; SDC constraint protection                                                       ; Off                ; Off                ;
; Synthesis Effort                                                                ; Auto               ; Auto               ;
; Shift Register Replacement - Allow Asynchronous Clear Signal                    ; On                 ; On                 ;
; Pre-Mapping Resynthesis Optimization                                            ; Off                ; Off                ;
; Analysis & Synthesis Message Level                                              ; Medium             ; Medium             ;
; Disable Register Merging Across Hierarchies                                     ; Auto               ; Auto               ;
; Resource Aware Inference For Block RAM                                          ; On                 ; On                 ;
; Automatic Parallel Synthesis                                                    ; On                 ; On                 ;
; Partial Reconfiguration Bitstream ID                                            ; Off                ; Off                ;
+---------------------------------------------------------------------------------+--------------------+--------------------+


+------------------------------------------+
; Parallel Compilation                     ;
+----------------------------+-------------+
; Processors                 ; Number      ;
+----------------------------+-------------+
; Number detected on machine ; 8           ;
; Maximum allowed            ; 4           ;
;                            ;             ;
; Average used               ; 1.00        ;
; Maximum used               ; 4           ;
;                            ;             ;
; Usage by Processor         ; % Time Used ;
;     Processor 1            ; 100.0%      ;
;     Processors 2-4         ;   0.0%      ;
+----------------------------+-------------+


+-----------------------------------------------------------------------------------------------------------------------------------------------------------+
; Analysis & Synthesis Source Files Read                                                                                                                    ;
+----------------------------------+-----------------+-----------------+--------------------------------------------------------------------------+---------+
; File Name with User-Entered Path ; Used in Netlist ; File Type       ; File Name with Absolute Path                                             ; Library ;
+----------------------------------+-----------------+-----------------+--------------------------------------------------------------------------+---------+
; ULASomaSub.vhd                   ; yes             ; User VHDL File  ; /home/antonio/Desktop/Desing_Computadores/aula_5/ULASomaSub.vhd          ;         ;
; somaConstante.vhd                ; yes             ; User VHDL File  ; /home/antonio/Desktop/Desing_Computadores/aula_5/somaConstante.vhd       ;         ;
; registradorGenerico.vhd          ; yes             ; User VHDL File  ; /home/antonio/Desktop/Desing_Computadores/aula_5/registradorGenerico.vhd ;         ;
; muxGenerico2x1.vhd               ; yes             ; User VHDL File  ; /home/antonio/Desktop/Desing_Computadores/aula_5/muxGenerico2x1.vhd      ;         ;
; memoriaROM.vhd                   ; yes             ; User VHDL File  ; /home/antonio/Desktop/Desing_Computadores/aula_5/memoriaROM.vhd          ;         ;
; memoriaRAM.vhd                   ; yes             ; User VHDL File  ; /home/antonio/Desktop/Desing_Computadores/aula_5/memoriaRAM.vhd          ;         ;
; decoderInstru.vhd                ; yes             ; User VHDL File  ; /home/antonio/Desktop/Desing_Computadores/aula_5/decoderInstru.vhd       ;         ;
; aula5.vhd                        ; yes             ; User VHDL File  ; /home/antonio/Desktop/Desing_Computadores/aula_5/aula5.vhd               ;         ;
; logDesvio.vhd                    ; yes             ; User VHDL File  ; /home/antonio/Desktop/Desing_Computadores/aula_5/logDesvio.vhd           ;         ;
; flipflop.vhd                     ; yes             ; User VHDL File  ; /home/antonio/Desktop/Desing_Computadores/aula_5/flipflop.vhd            ;         ;
; muxGenerico4x2.vhd               ; yes             ; User VHDL File  ; /home/antonio/Desktop/Desing_Computadores/aula_5/muxGenerico4x2.vhd      ;         ;
+----------------------------------+-----------------+-----------------+--------------------------------------------------------------------------+---------+


+------------------------------------------------------------------------+
; Analysis & Synthesis Resource Usage Summary                            ;
+---------------------------------------------+--------------------------+
; Resource                                    ; Usage                    ;
+---------------------------------------------+--------------------------+
; Estimate of Logic utilization (ALMs needed) ; 85                       ;
;                                             ;                          ;
; Combinational ALUT usage for logic          ; 142                      ;
;     -- 7 input functions                    ; 8                        ;
;     -- 6 input functions                    ; 12                       ;
;     -- 5 input functions                    ; 21                       ;
;     -- 4 input functions                    ; 21                       ;
;     -- <=3 input functions                  ; 80                       ;
;                                             ;                          ;
; Dedicated logic registers                   ; 59                       ;
;                                             ;                          ;
; I/O pins                                    ; 35                       ;
;                                             ;                          ;
; Total DSP Blocks                            ; 0                        ;
;                                             ;                          ;
; Maximum fan-out node                        ; memoriaROM:ROM1|memROM~4 ;
; Maximum fan-out                             ; 68                       ;
; Total fan-out                               ; 733                      ;
; Average fan-out                             ; 2.70                     ;
+---------------------------------------------+--------------------------+


+-------------------------------------------------------------------------------------------------------------------------------------------------------------------------------------------------------------------------+
; Analysis & Synthesis Resource Utilization by Entity                                                                                                                                                                     ;
+------------------------------------+---------------------+---------------------------+-------------------+------------+------+--------------+--------------------------------------+---------------------+--------------+
; Compilation Hierarchy Node         ; Combinational ALUTs ; Dedicated Logic Registers ; Block Memory Bits ; DSP Blocks ; Pins ; Virtual Pins ; Full Hierarchy Name                  ; Entity Name         ; Library Name ;
+------------------------------------+---------------------+---------------------------+-------------------+------------+------+--------------+--------------------------------------+---------------------+--------------+
; |aula5                             ; 142 (0)             ; 59 (0)                    ; 0                 ; 0          ; 35   ; 0            ; |aula5                               ; aula5               ; work         ;
;    |ULASomaSub:ULA1|               ; 9 (9)               ; 0 (0)                     ; 0                 ; 0          ; 0    ; 0            ; |aula5|ULASomaSub:ULA1               ; ULASomaSub          ; work         ;
;    |decoderInstru:decoder|         ; 6 (6)               ; 0 (0)                     ; 0                 ; 0          ; 0    ; 0            ; |aula5|decoderInstru:decoder         ; decoderInstru       ; work         ;
;    |flipflop:flag_ula|             ; 3 (3)               ; 1 (1)                     ; 0                 ; 0          ; 0    ; 0            ; |aula5|flipflop:flag_ula             ; flipflop            ; work         ;
;    |memoriaRAM:RAM|                ; 78 (78)             ; 32 (32)                   ; 0                 ; 0          ; 0    ; 0            ; |aula5|memoriaRAM:RAM                ; memoriaRAM          ; work         ;
;    |memoriaROM:ROM1|               ; 19 (19)             ; 0 (0)                     ; 0                 ; 0          ; 0    ; 0            ; |aula5|memoriaROM:ROM1               ; memoriaROM          ; work         ;
;    |muxGenerico2x1:MUX1|           ; 8 (8)               ; 0 (0)                     ; 0                 ; 0          ; 0    ; 0            ; |aula5|muxGenerico2x1:MUX1           ; muxGenerico2x1      ; work         ;
;    |muxGenerico4x2:MUX_JMP|        ; 10 (10)             ; 0 (0)                     ; 0                 ; 0          ; 0    ; 0            ; |aula5|muxGenerico4x2:MUX_JMP        ; muxGenerico4x2      ; work         ;
;    |registradorGenerico:PC|        ; 0 (0)               ; 9 (9)                     ; 0                 ; 0          ; 0    ; 0            ; |aula5|registradorGenerico:PC        ; registradorGenerico ; work         ;
;    |registradorGenerico:REGA|      ; 0 (0)               ; 8 (8)                     ; 0                 ; 0          ; 0    ; 0            ; |aula5|registradorGenerico:REGA      ; registradorGenerico ; work         ;
;    |registradorGenerico:Salva_Ret| ; 0 (0)               ; 9 (9)                     ; 0                 ; 0          ; 0    ; 0            ; |aula5|registradorGenerico:Salva_Ret ; registradorGenerico ; work         ;
;    |somaConstante:incrementaPC|    ; 9 (9)               ; 0 (0)                     ; 0                 ; 0          ; 0    ; 0            ; |aula5|somaConstante:incrementaPC    ; somaConstante       ; work         ;
+------------------------------------+---------------------+---------------------------+-------------------+------------+------+--------------+--------------------------------------+---------------------+--------------+
Note: For table entries with two numbers listed, the numbers in parentheses indicate the number of resources of the given type used by the specific entity alone. The numbers listed outside of parentheses indicate the total resources of the given type used by the specific entity and all of its sub-entities in the hierarchy.


+---------------------------------------------------------------------------------------+
; Registers Removed During Synthesis                                                    ;
+-----------------------------------------+---------------------------------------------+
; Register name                           ; Reason for Removal                          ;
+-----------------------------------------+---------------------------------------------+
; memoriaRAM:RAM|ram~57                   ; Stuck at GND due to stuck port clock_enable ;
; memoriaRAM:RAM|ram~73                   ; Stuck at GND due to stuck port clock_enable ;
; memoriaRAM:RAM|ram~49                   ; Stuck at GND due to stuck port clock_enable ;
; memoriaRAM:RAM|ram~65                   ; Stuck at GND due to stuck port clock_enable ;
; memoriaRAM:RAM|ram~121                  ; Stuck at GND due to stuck port clock_enable ;
; memoriaRAM:RAM|ram~137                  ; Stuck at GND due to stuck port clock_enable ;
; memoriaRAM:RAM|ram~113                  ; Stuck at GND due to stuck port clock_enable ;
; memoriaRAM:RAM|ram~129                  ; Stuck at GND due to stuck port clock_enable ;
; memoriaRAM:RAM|ram~185                  ; Stuck at GND due to stuck port clock_enable ;
; memoriaRAM:RAM|ram~201                  ; Stuck at GND due to stuck port clock_enable ;
; memoriaRAM:RAM|ram~177                  ; Stuck at GND due to stuck port clock_enable ;
; memoriaRAM:RAM|ram~193                  ; Stuck at GND due to stuck port clock_enable ;
; memoriaRAM:RAM|ram~249                  ; Stuck at GND due to stuck port clock_enable ;
; memoriaRAM:RAM|ram~265                  ; Stuck at GND due to stuck port clock_enable ;
; memoriaRAM:RAM|ram~241                  ; Stuck at GND due to stuck port clock_enable ;
; memoriaRAM:RAM|ram~257                  ; Stuck at GND due to stuck port clock_enable ;
; memoriaRAM:RAM|ram~58                   ; Stuck at GND due to stuck port clock_enable ;
; memoriaRAM:RAM|ram~74                   ; Stuck at GND due to stuck port clock_enable ;
; memoriaRAM:RAM|ram~50                   ; Stuck at GND due to stuck port clock_enable ;
; memoriaRAM:RAM|ram~66                   ; Stuck at GND due to stuck port clock_enable ;
; memoriaRAM:RAM|ram~122                  ; Stuck at GND due to stuck port clock_enable ;
; memoriaRAM:RAM|ram~138                  ; Stuck at GND due to stuck port clock_enable ;
; memoriaRAM:RAM|ram~114                  ; Stuck at GND due to stuck port clock_enable ;
; memoriaRAM:RAM|ram~130                  ; Stuck at GND due to stuck port clock_enable ;
; memoriaRAM:RAM|ram~186                  ; Stuck at GND due to stuck port clock_enable ;
; memoriaRAM:RAM|ram~202                  ; Stuck at GND due to stuck port clock_enable ;
; memoriaRAM:RAM|ram~178                  ; Stuck at GND due to stuck port clock_enable ;
; memoriaRAM:RAM|ram~194                  ; Stuck at GND due to stuck port clock_enable ;
; memoriaRAM:RAM|ram~250                  ; Stuck at GND due to stuck port clock_enable ;
; memoriaRAM:RAM|ram~266                  ; Stuck at GND due to stuck port clock_enable ;
; memoriaRAM:RAM|ram~242                  ; Stuck at GND due to stuck port clock_enable ;
; memoriaRAM:RAM|ram~258                  ; Stuck at GND due to stuck port clock_enable ;
; memoriaRAM:RAM|ram~59                   ; Stuck at GND due to stuck port clock_enable ;
; memoriaRAM:RAM|ram~75                   ; Stuck at GND due to stuck port clock_enable ;
; memoriaRAM:RAM|ram~51                   ; Stuck at GND due to stuck port clock_enable ;
; memoriaRAM:RAM|ram~67                   ; Stuck at GND due to stuck port clock_enable ;
; memoriaRAM:RAM|ram~123                  ; Stuck at GND due to stuck port clock_enable ;
; memoriaRAM:RAM|ram~139                  ; Stuck at GND due to stuck port clock_enable ;
; memoriaRAM:RAM|ram~115                  ; Stuck at GND due to stuck port clock_enable ;
; memoriaRAM:RAM|ram~131                  ; Stuck at GND due to stuck port clock_enable ;
; memoriaRAM:RAM|ram~187                  ; Stuck at GND due to stuck port clock_enable ;
; memoriaRAM:RAM|ram~203                  ; Stuck at GND due to stuck port clock_enable ;
; memoriaRAM:RAM|ram~179                  ; Stuck at GND due to stuck port clock_enable ;
; memoriaRAM:RAM|ram~195                  ; Stuck at GND due to stuck port clock_enable ;
; memoriaRAM:RAM|ram~251                  ; Stuck at GND due to stuck port clock_enable ;
; memoriaRAM:RAM|ram~267                  ; Stuck at GND due to stuck port clock_enable ;
; memoriaRAM:RAM|ram~243                  ; Stuck at GND due to stuck port clock_enable ;
; memoriaRAM:RAM|ram~259                  ; Stuck at GND due to stuck port clock_enable ;
; memoriaRAM:RAM|ram~60                   ; Stuck at GND due to stuck port clock_enable ;
; memoriaRAM:RAM|ram~76                   ; Stuck at GND due to stuck port clock_enable ;
; memoriaRAM:RAM|ram~52                   ; Stuck at GND due to stuck port clock_enable ;
; memoriaRAM:RAM|ram~68                   ; Stuck at GND due to stuck port clock_enable ;
; memoriaRAM:RAM|ram~124                  ; Stuck at GND due to stuck port clock_enable ;
; memoriaRAM:RAM|ram~140                  ; Stuck at GND due to stuck port clock_enable ;
; memoriaRAM:RAM|ram~116                  ; Stuck at GND due to stuck port clock_enable ;
; memoriaRAM:RAM|ram~132                  ; Stuck at GND due to stuck port clock_enable ;
; memoriaRAM:RAM|ram~188                  ; Stuck at GND due to stuck port clock_enable ;
; memoriaRAM:RAM|ram~204                  ; Stuck at GND due to stuck port clock_enable ;
; memoriaRAM:RAM|ram~180                  ; Stuck at GND due to stuck port clock_enable ;
; memoriaRAM:RAM|ram~196                  ; Stuck at GND due to stuck port clock_enable ;
; memoriaRAM:RAM|ram~252                  ; Stuck at GND due to stuck port clock_enable ;
; memoriaRAM:RAM|ram~268                  ; Stuck at GND due to stuck port clock_enable ;
; memoriaRAM:RAM|ram~244                  ; Stuck at GND due to stuck port clock_enable ;
; memoriaRAM:RAM|ram~260                  ; Stuck at GND due to stuck port clock_enable ;
; memoriaRAM:RAM|ram~61                   ; Stuck at GND due to stuck port clock_enable ;
; memoriaRAM:RAM|ram~77                   ; Stuck at GND due to stuck port clock_enable ;
; memoriaRAM:RAM|ram~53                   ; Stuck at GND due to stuck port clock_enable ;
; memoriaRAM:RAM|ram~69                   ; Stuck at GND due to stuck port clock_enable ;
; memoriaRAM:RAM|ram~125                  ; Stuck at GND due to stuck port clock_enable ;
; memoriaRAM:RAM|ram~141                  ; Stuck at GND due to stuck port clock_enable ;
; memoriaRAM:RAM|ram~117                  ; Stuck at GND due to stuck port clock_enable ;
; memoriaRAM:RAM|ram~133                  ; Stuck at GND due to stuck port clock_enable ;
; memoriaRAM:RAM|ram~189                  ; Stuck at GND due to stuck port clock_enable ;
; memoriaRAM:RAM|ram~205                  ; Stuck at GND due to stuck port clock_enable ;
; memoriaRAM:RAM|ram~181                  ; Stuck at GND due to stuck port clock_enable ;
; memoriaRAM:RAM|ram~197                  ; Stuck at GND due to stuck port clock_enable ;
; memoriaRAM:RAM|ram~253                  ; Stuck at GND due to stuck port clock_enable ;
; memoriaRAM:RAM|ram~269                  ; Stuck at GND due to stuck port clock_enable ;
; memoriaRAM:RAM|ram~245                  ; Stuck at GND due to stuck port clock_enable ;
; memoriaRAM:RAM|ram~261                  ; Stuck at GND due to stuck port clock_enable ;
; memoriaRAM:RAM|ram~62                   ; Stuck at GND due to stuck port clock_enable ;
; memoriaRAM:RAM|ram~78                   ; Stuck at GND due to stuck port clock_enable ;
; memoriaRAM:RAM|ram~54                   ; Stuck at GND due to stuck port clock_enable ;
; memoriaRAM:RAM|ram~70                   ; Stuck at GND due to stuck port clock_enable ;
; memoriaRAM:RAM|ram~126                  ; Stuck at GND due to stuck port clock_enable ;
; memoriaRAM:RAM|ram~142                  ; Stuck at GND due to stuck port clock_enable ;
; memoriaRAM:RAM|ram~118                  ; Stuck at GND due to stuck port clock_enable ;
; memoriaRAM:RAM|ram~134                  ; Stuck at GND due to stuck port clock_enable ;
; memoriaRAM:RAM|ram~190                  ; Stuck at GND due to stuck port clock_enable ;
; memoriaRAM:RAM|ram~206                  ; Stuck at GND due to stuck port clock_enable ;
; memoriaRAM:RAM|ram~182                  ; Stuck at GND due to stuck port clock_enable ;
; memoriaRAM:RAM|ram~198                  ; Stuck at GND due to stuck port clock_enable ;
; memoriaRAM:RAM|ram~254                  ; Stuck at GND due to stuck port clock_enable ;
; memoriaRAM:RAM|ram~270                  ; Stuck at GND due to stuck port clock_enable ;
; memoriaRAM:RAM|ram~246                  ; Stuck at GND due to stuck port clock_enable ;
; memoriaRAM:RAM|ram~262                  ; Stuck at GND due to stuck port clock_enable ;
; memoriaRAM:RAM|ram~63                   ; Stuck at GND due to stuck port clock_enable ;
; memoriaRAM:RAM|ram~79                   ; Stuck at GND due to stuck port clock_enable ;
; memoriaRAM:RAM|ram~55                   ; Stuck at GND due to stuck port clock_enable ;
; memoriaRAM:RAM|ram~71                   ; Stuck at GND due to stuck port clock_enable ;
; memoriaRAM:RAM|ram~127                  ; Stuck at GND due to stuck port clock_enable ;
; memoriaRAM:RAM|ram~143                  ; Stuck at GND due to stuck port clock_enable ;
; memoriaRAM:RAM|ram~119                  ; Stuck at GND due to stuck port clock_enable ;
; memoriaRAM:RAM|ram~135                  ; Stuck at GND due to stuck port clock_enable ;
; memoriaRAM:RAM|ram~191                  ; Stuck at GND due to stuck port clock_enable ;
; memoriaRAM:RAM|ram~207                  ; Stuck at GND due to stuck port clock_enable ;
; memoriaRAM:RAM|ram~183                  ; Stuck at GND due to stuck port clock_enable ;
; memoriaRAM:RAM|ram~199                  ; Stuck at GND due to stuck port clock_enable ;
; memoriaRAM:RAM|ram~255                  ; Stuck at GND due to stuck port clock_enable ;
; memoriaRAM:RAM|ram~271                  ; Stuck at GND due to stuck port clock_enable ;
; memoriaRAM:RAM|ram~247                  ; Stuck at GND due to stuck port clock_enable ;
; memoriaRAM:RAM|ram~263                  ; Stuck at GND due to stuck port clock_enable ;
; memoriaRAM:RAM|ram~64                   ; Stuck at GND due to stuck port clock_enable ;
; memoriaRAM:RAM|ram~80                   ; Stuck at GND due to stuck port clock_enable ;
; memoriaRAM:RAM|ram~56                   ; Stuck at GND due to stuck port clock_enable ;
; memoriaRAM:RAM|ram~72                   ; Stuck at GND due to stuck port clock_enable ;
; memoriaRAM:RAM|ram~128                  ; Stuck at GND due to stuck port clock_enable ;
; memoriaRAM:RAM|ram~144                  ; Stuck at GND due to stuck port clock_enable ;
; memoriaRAM:RAM|ram~120                  ; Stuck at GND due to stuck port clock_enable ;
; memoriaRAM:RAM|ram~136                  ; Stuck at GND due to stuck port clock_enable ;
; memoriaRAM:RAM|ram~192                  ; Stuck at GND due to stuck port clock_enable ;
; memoriaRAM:RAM|ram~208                  ; Stuck at GND due to stuck port clock_enable ;
; memoriaRAM:RAM|ram~184                  ; Stuck at GND due to stuck port clock_enable ;
; memoriaRAM:RAM|ram~200                  ; Stuck at GND due to stuck port clock_enable ;
; memoriaRAM:RAM|ram~256                  ; Stuck at GND due to stuck port clock_enable ;
; memoriaRAM:RAM|ram~272                  ; Stuck at GND due to stuck port clock_enable ;
; memoriaRAM:RAM|ram~248                  ; Stuck at GND due to stuck port clock_enable ;
; memoriaRAM:RAM|ram~264                  ; Stuck at GND due to stuck port clock_enable ;
; memoriaRAM:RAM|ram~89                   ; Stuck at GND due to stuck port clock_enable ;
; memoriaRAM:RAM|ram~105                  ; Stuck at GND due to stuck port clock_enable ;
; memoriaRAM:RAM|ram~81                   ; Stuck at GND due to stuck port clock_enable ;
; memoriaRAM:RAM|ram~97                   ; Stuck at GND due to stuck port clock_enable ;
; memoriaRAM:RAM|ram~153                  ; Stuck at GND due to stuck port clock_enable ;
; memoriaRAM:RAM|ram~169                  ; Stuck at GND due to stuck port clock_enable ;
; memoriaRAM:RAM|ram~145                  ; Stuck at GND due to stuck port clock_enable ;
; memoriaRAM:RAM|ram~161                  ; Stuck at GND due to stuck port clock_enable ;
; memoriaRAM:RAM|ram~217                  ; Stuck at GND due to stuck port clock_enable ;
; memoriaRAM:RAM|ram~233                  ; Stuck at GND due to stuck port clock_enable ;
; memoriaRAM:RAM|ram~209                  ; Stuck at GND due to stuck port clock_enable ;
; memoriaRAM:RAM|ram~225                  ; Stuck at GND due to stuck port clock_enable ;
; memoriaRAM:RAM|ram~90                   ; Stuck at GND due to stuck port clock_enable ;
; memoriaRAM:RAM|ram~106                  ; Stuck at GND due to stuck port clock_enable ;
; memoriaRAM:RAM|ram~82                   ; Stuck at GND due to stuck port clock_enable ;
; memoriaRAM:RAM|ram~98                   ; Stuck at GND due to stuck port clock_enable ;
; memoriaRAM:RAM|ram~154                  ; Stuck at GND due to stuck port clock_enable ;
; memoriaRAM:RAM|ram~170                  ; Stuck at GND due to stuck port clock_enable ;
; memoriaRAM:RAM|ram~146                  ; Stuck at GND due to stuck port clock_enable ;
; memoriaRAM:RAM|ram~162                  ; Stuck at GND due to stuck port clock_enable ;
; memoriaRAM:RAM|ram~218                  ; Stuck at GND due to stuck port clock_enable ;
; memoriaRAM:RAM|ram~234                  ; Stuck at GND due to stuck port clock_enable ;
; memoriaRAM:RAM|ram~210                  ; Stuck at GND due to stuck port clock_enable ;
; memoriaRAM:RAM|ram~226                  ; Stuck at GND due to stuck port clock_enable ;
; memoriaRAM:RAM|ram~91                   ; Stuck at GND due to stuck port clock_enable ;
; memoriaRAM:RAM|ram~107                  ; Stuck at GND due to stuck port clock_enable ;
; memoriaRAM:RAM|ram~83                   ; Stuck at GND due to stuck port clock_enable ;
; memoriaRAM:RAM|ram~99                   ; Stuck at GND due to stuck port clock_enable ;
; memoriaRAM:RAM|ram~155                  ; Stuck at GND due to stuck port clock_enable ;
; memoriaRAM:RAM|ram~171                  ; Stuck at GND due to stuck port clock_enable ;
; memoriaRAM:RAM|ram~147                  ; Stuck at GND due to stuck port clock_enable ;
; memoriaRAM:RAM|ram~163                  ; Stuck at GND due to stuck port clock_enable ;
; memoriaRAM:RAM|ram~219                  ; Stuck at GND due to stuck port clock_enable ;
; memoriaRAM:RAM|ram~235                  ; Stuck at GND due to stuck port clock_enable ;
; memoriaRAM:RAM|ram~211                  ; Stuck at GND due to stuck port clock_enable ;
; memoriaRAM:RAM|ram~227                  ; Stuck at GND due to stuck port clock_enable ;
; memoriaRAM:RAM|ram~92                   ; Stuck at GND due to stuck port clock_enable ;
; memoriaRAM:RAM|ram~108                  ; Stuck at GND due to stuck port clock_enable ;
; memoriaRAM:RAM|ram~84                   ; Stuck at GND due to stuck port clock_enable ;
; memoriaRAM:RAM|ram~100                  ; Stuck at GND due to stuck port clock_enable ;
; memoriaRAM:RAM|ram~156                  ; Stuck at GND due to stuck port clock_enable ;
; memoriaRAM:RAM|ram~172                  ; Stuck at GND due to stuck port clock_enable ;
; memoriaRAM:RAM|ram~148                  ; Stuck at GND due to stuck port clock_enable ;
; memoriaRAM:RAM|ram~164                  ; Stuck at GND due to stuck port clock_enable ;
; memoriaRAM:RAM|ram~220                  ; Stuck at GND due to stuck port clock_enable ;
; memoriaRAM:RAM|ram~236                  ; Stuck at GND due to stuck port clock_enable ;
; memoriaRAM:RAM|ram~212                  ; Stuck at GND due to stuck port clock_enable ;
; memoriaRAM:RAM|ram~228                  ; Stuck at GND due to stuck port clock_enable ;
; memoriaRAM:RAM|ram~93                   ; Stuck at GND due to stuck port clock_enable ;
; memoriaRAM:RAM|ram~109                  ; Stuck at GND due to stuck port clock_enable ;
; memoriaRAM:RAM|ram~85                   ; Stuck at GND due to stuck port clock_enable ;
; memoriaRAM:RAM|ram~101                  ; Stuck at GND due to stuck port clock_enable ;
; memoriaRAM:RAM|ram~157                  ; Stuck at GND due to stuck port clock_enable ;
; memoriaRAM:RAM|ram~173                  ; Stuck at GND due to stuck port clock_enable ;
; memoriaRAM:RAM|ram~149                  ; Stuck at GND due to stuck port clock_enable ;
; memoriaRAM:RAM|ram~165                  ; Stuck at GND due to stuck port clock_enable ;
; memoriaRAM:RAM|ram~221                  ; Stuck at GND due to stuck port clock_enable ;
; memoriaRAM:RAM|ram~237                  ; Stuck at GND due to stuck port clock_enable ;
; memoriaRAM:RAM|ram~213                  ; Stuck at GND due to stuck port clock_enable ;
; memoriaRAM:RAM|ram~229                  ; Stuck at GND due to stuck port clock_enable ;
; memoriaRAM:RAM|ram~94                   ; Stuck at GND due to stuck port clock_enable ;
; memoriaRAM:RAM|ram~110                  ; Stuck at GND due to stuck port clock_enable ;
; memoriaRAM:RAM|ram~86                   ; Stuck at GND due to stuck port clock_enable ;
; memoriaRAM:RAM|ram~102                  ; Stuck at GND due to stuck port clock_enable ;
; memoriaRAM:RAM|ram~158                  ; Stuck at GND due to stuck port clock_enable ;
; memoriaRAM:RAM|ram~174                  ; Stuck at GND due to stuck port clock_enable ;
; memoriaRAM:RAM|ram~150                  ; Stuck at GND due to stuck port clock_enable ;
; memoriaRAM:RAM|ram~166                  ; Stuck at GND due to stuck port clock_enable ;
; memoriaRAM:RAM|ram~222                  ; Stuck at GND due to stuck port clock_enable ;
; memoriaRAM:RAM|ram~238                  ; Stuck at GND due to stuck port clock_enable ;
; memoriaRAM:RAM|ram~214                  ; Stuck at GND due to stuck port clock_enable ;
; memoriaRAM:RAM|ram~230                  ; Stuck at GND due to stuck port clock_enable ;
; memoriaRAM:RAM|ram~95                   ; Stuck at GND due to stuck port clock_enable ;
; memoriaRAM:RAM|ram~111                  ; Stuck at GND due to stuck port clock_enable ;
; memoriaRAM:RAM|ram~87                   ; Stuck at GND due to stuck port clock_enable ;
; memoriaRAM:RAM|ram~103                  ; Stuck at GND due to stuck port clock_enable ;
; memoriaRAM:RAM|ram~159                  ; Stuck at GND due to stuck port clock_enable ;
; memoriaRAM:RAM|ram~175                  ; Stuck at GND due to stuck port clock_enable ;
; memoriaRAM:RAM|ram~151                  ; Stuck at GND due to stuck port clock_enable ;
; memoriaRAM:RAM|ram~167                  ; Stuck at GND due to stuck port clock_enable ;
; memoriaRAM:RAM|ram~223                  ; Stuck at GND due to stuck port clock_enable ;
; memoriaRAM:RAM|ram~239                  ; Stuck at GND due to stuck port clock_enable ;
; memoriaRAM:RAM|ram~215                  ; Stuck at GND due to stuck port clock_enable ;
; memoriaRAM:RAM|ram~231                  ; Stuck at GND due to stuck port clock_enable ;
; memoriaRAM:RAM|ram~96                   ; Stuck at GND due to stuck port clock_enable ;
; memoriaRAM:RAM|ram~112                  ; Stuck at GND due to stuck port clock_enable ;
; memoriaRAM:RAM|ram~88                   ; Stuck at GND due to stuck port clock_enable ;
; memoriaRAM:RAM|ram~104                  ; Stuck at GND due to stuck port clock_enable ;
; memoriaRAM:RAM|ram~160                  ; Stuck at GND due to stuck port clock_enable ;
; memoriaRAM:RAM|ram~176                  ; Stuck at GND due to stuck port clock_enable ;
; memoriaRAM:RAM|ram~152                  ; Stuck at GND due to stuck port clock_enable ;
; memoriaRAM:RAM|ram~168                  ; Stuck at GND due to stuck port clock_enable ;
; memoriaRAM:RAM|ram~224                  ; Stuck at GND due to stuck port clock_enable ;
; memoriaRAM:RAM|ram~240                  ; Stuck at GND due to stuck port clock_enable ;
; memoriaRAM:RAM|ram~216                  ; Stuck at GND due to stuck port clock_enable ;
; memoriaRAM:RAM|ram~232                  ; Stuck at GND due to stuck port clock_enable ;
; Total Number of Removed Registers = 224 ;                                             ;
+-----------------------------------------+---------------------------------------------+


+------------------------------------------------------+
; General Register Statistics                          ;
+----------------------------------------------+-------+
; Statistic                                    ; Value ;
+----------------------------------------------+-------+
; Total registers                              ; 59    ;
; Number of registers using Synchronous Clear  ; 0     ;
; Number of registers using Synchronous Load   ; 8     ;
; Number of registers using Asynchronous Clear ; 0     ;
; Number of registers using Asynchronous Load  ; 0     ;
; Number of registers using Clock Enable       ; 49    ;
; Number of registers using Preset             ; 0     ;
+----------------------------------------------+-------+


+-----------------------------------------------------------------------------------------------------------------------------------------------------+
; Multiplexer Restructuring Statistics (Restructuring Performed)                                                                                      ;
+--------------------+-----------+---------------+----------------------+------------------------+------------+---------------------------------------+
; Multiplexer Inputs ; Bus Width ; Baseline Area ; Area if Restructured ; Saving if Restructured ; Registered ; Example Multiplexer Output            ;
+--------------------+-----------+---------------+----------------------+------------------------+------------+---------------------------------------+
; 4:1                ; 3 bits    ; 6 LEs         ; 6 LEs                ; 0 LEs                  ; Yes        ; |aula5|registradorGenerico:PC|DOUT[5] ;
; 4:1                ; 6 bits    ; 12 LEs        ; 12 LEs               ; 0 LEs                  ; Yes        ; |aula5|registradorGenerico:PC|DOUT[0] ;
+--------------------+-----------+---------------+----------------------+------------------------+------------+---------------------------------------+


+-----------------------------------------------------------------------+
; Parameter Settings for User Entity Instance: Top-level Entity: |aula5 ;
+------------------+-------+--------------------------------------------+
; Parameter Name   ; Value ; Type                                       ;
+------------------+-------+--------------------------------------------+
; larguraDados     ; 8     ; Signed Integer                             ;
; larguraEnderecos ; 9     ; Signed Integer                             ;
; larguraPalavra   ; 12    ; Signed Integer                             ;
; simulacao        ; true  ; Enumerated                                 ;
+------------------+-------+--------------------------------------------+
Note: In order to hide this table in the UI and the text report file, please set the "Show Parameter Settings in Synthesis Report" option in "Analysis and Synthesis Settings -> More Settings" to "Off".


+------------------------------------------------------------------+
; Parameter Settings for User Entity Instance: muxGenerico2x1:MUX1 ;
+----------------+-------+-----------------------------------------+
; Parameter Name ; Value ; Type                                    ;
+----------------+-------+-----------------------------------------+
; larguradados   ; 8     ; Signed Integer                          ;
+----------------+-------+-----------------------------------------+
Note: In order to hide this table in the UI and the text report file, please set the "Show Parameter Settings in Synthesis Report" option in "Analysis and Synthesis Settings -> More Settings" to "Off".


+-----------------------------------------------------------------------+
; Parameter Settings for User Entity Instance: registradorGenerico:REGA ;
+----------------+-------+----------------------------------------------+
; Parameter Name ; Value ; Type                                         ;
+----------------+-------+----------------------------------------------+
; larguradados   ; 8     ; Signed Integer                               ;
+----------------+-------+----------------------------------------------+
Note: In order to hide this table in the UI and the text report file, please set the "Show Parameter Settings in Synthesis Report" option in "Analysis and Synthesis Settings -> More Settings" to "Off".


+---------------------------------------------------------------------+
; Parameter Settings for User Entity Instance: registradorGenerico:PC ;
+----------------+-------+--------------------------------------------+
; Parameter Name ; Value ; Type                                       ;
+----------------+-------+--------------------------------------------+
; larguradados   ; 9     ; Signed Integer                             ;
+----------------+-------+--------------------------------------------+
Note: In order to hide this table in the UI and the text report file, please set the "Show Parameter Settings in Synthesis Report" option in "Analysis and Synthesis Settings -> More Settings" to "Off".


+-------------------------------------------------------------------------+
; Parameter Settings for User Entity Instance: somaConstante:incrementaPC ;
+----------------+-------+------------------------------------------------+
; Parameter Name ; Value ; Type                                           ;
+----------------+-------+------------------------------------------------+
; larguradados   ; 9     ; Signed Integer                                 ;
; constante      ; 1     ; Signed Integer                                 ;
+----------------+-------+------------------------------------------------+
Note: In order to hide this table in the UI and the text report file, please set the "Show Parameter Settings in Synthesis Report" option in "Analysis and Synthesis Settings -> More Settings" to "Off".


+--------------------------------------------------------------+
; Parameter Settings for User Entity Instance: ULASomaSub:ULA1 ;
+----------------+-------+-------------------------------------+
; Parameter Name ; Value ; Type                                ;
+----------------+-------+-------------------------------------+
; larguradados   ; 8     ; Signed Integer                      ;
+----------------+-------+-------------------------------------+
Note: In order to hide this table in the UI and the text report file, please set the "Show Parameter Settings in Synthesis Report" option in "Analysis and Synthesis Settings -> More Settings" to "Off".


+--------------------------------------------------------------+
; Parameter Settings for User Entity Instance: memoriaROM:ROM1 ;
+----------------+-------+-------------------------------------+
; Parameter Name ; Value ; Type                                ;
+----------------+-------+-------------------------------------+
; datawidth      ; 13    ; Signed Integer                      ;
; addrwidth      ; 9     ; Signed Integer                      ;
+----------------+-------+-------------------------------------+
Note: In order to hide this table in the UI and the text report file, please set the "Show Parameter Settings in Synthesis Report" option in "Analysis and Synthesis Settings -> More Settings" to "Off".


+-------------------------------------------------------------+
; Parameter Settings for User Entity Instance: memoriaRAM:RAM ;
+----------------+-------+------------------------------------+
; Parameter Name ; Value ; Type                               ;
+----------------+-------+------------------------------------+
; datawidth      ; 8     ; Signed Integer                     ;
; addrwidth      ; 8     ; Signed Integer                     ;
+----------------+-------+------------------------------------+
Note: In order to hide this table in the UI and the text report file, please set the "Show Parameter Settings in Synthesis Report" option in "Analysis and Synthesis Settings -> More Settings" to "Off".


+----------------------------------------------------------------------------+
; Parameter Settings for User Entity Instance: registradorGenerico:Salva_Ret ;
+----------------+-------+---------------------------------------------------+
; Parameter Name ; Value ; Type                                              ;
+----------------+-------+---------------------------------------------------+
; larguradados   ; 9     ; Signed Integer                                    ;
+----------------+-------+---------------------------------------------------+
Note: In order to hide this table in the UI and the text report file, please set the "Show Parameter Settings in Synthesis Report" option in "Analysis and Synthesis Settings -> More Settings" to "Off".


+---------------------------------------------------------------------+
; Parameter Settings for User Entity Instance: muxGenerico4x2:MUX_JMP ;
+----------------+-------+--------------------------------------------+
; Parameter Name ; Value ; Type                                       ;
+----------------+-------+--------------------------------------------+
; larguradados   ; 9     ; Signed Integer                             ;
+----------------+-------+--------------------------------------------+
Note: In order to hide this table in the UI and the text report file, please set the "Show Parameter Settings in Synthesis Report" option in "Analysis and Synthesis Settings -> More Settings" to "Off".


+----------------------------------------------------+
; Port Connectivity Checks: "muxGenerico4x2:MUX_JMP" ;
+-----------+-------+----------+---------------------+
; Port      ; Type  ; Severity ; Details             ;
+-----------+-------+----------+---------------------+
; entrada11 ; Input ; Info     ; Stuck at GND        ;
+-----------+-------+----------+---------------------+


+-----------------------------------------------------------+
; Port Connectivity Checks: "registradorGenerico:Salva_Ret" ;
+------+-------+----------+---------------------------------+
; Port ; Type  ; Severity ; Details                         ;
+------+-------+----------+---------------------------------+
; rst  ; Input ; Info     ; Stuck at GND                    ;
+------+-------+----------+---------------------------------+


+-----------------------------------------------+
; Port Connectivity Checks: "flipflop:flag_ula" ;
+------+-------+----------+---------------------+
; Port ; Type  ; Severity ; Details             ;
+------+-------+----------+---------------------+
; rst  ; Input ; Info     ; Stuck at GND        ;
+------+-------+----------+---------------------+


+----------------------------------------------------+
; Port Connectivity Checks: "registradorGenerico:PC" ;
+--------+-------+----------+------------------------+
; Port   ; Type  ; Severity ; Details                ;
+--------+-------+----------+------------------------+
; enable ; Input ; Info     ; Stuck at VCC           ;
; rst    ; Input ; Info     ; Stuck at GND           ;
+--------+-------+----------+------------------------+


+------------------------------------------------------+
; Port Connectivity Checks: "registradorGenerico:REGA" ;
+------+-------+----------+----------------------------+
; Port ; Type  ; Severity ; Details                    ;
+------+-------+----------+----------------------------+
; rst  ; Input ; Info     ; Stuck at GND               ;
+------+-------+----------+----------------------------+


+-----------------------------------------------------+
; Post-Synthesis Netlist Statistics for Top Partition ;
+-----------------------+-----------------------------+
; Type                  ; Count                       ;
+-----------------------+-----------------------------+
; arriav_ff             ; 59                          ;
;     ENA               ; 41                          ;
;     ENA SLD           ; 8                           ;
;     plain             ; 10                          ;
; arriav_lcell_comb     ; 143                         ;
;     arith             ; 18                          ;
;         1 data inputs ; 10                          ;
;         4 data inputs ; 3                           ;
;         5 data inputs ; 5                           ;
;     extend            ; 8                           ;
;         7 data inputs ; 8                           ;
;     normal            ; 117                         ;
;         0 data inputs ; 1                           ;
;         2 data inputs ; 65                          ;
;         3 data inputs ; 5                           ;
;         4 data inputs ; 18                          ;
;         5 data inputs ; 16                          ;
;         6 data inputs ; 12                          ;
; boundary_port         ; 35                          ;
;                       ;                             ;
; Max LUT depth         ; 8.30                        ;
; Average LUT depth     ; 5.91                        ;
+-----------------------+-----------------------------+


+-------------------------------+
; Elapsed Time Per Partition    ;
+----------------+--------------+
; Partition Name ; Elapsed Time ;
+----------------+--------------+
; Top            ; 00:00:00     ;
+----------------+--------------+


+-------------------------------+
; Analysis & Synthesis Messages ;
+-------------------------------+
Info: *******************************************************************
Info: Running Quartus Prime Analysis & Synthesis
    Info: Version 20.1.0 Build 711 06/05/2020 SJ Lite Edition
    Info: Processing started: Wed Mar 15 23:34:16 2023
Info: Command: quartus_map --read_settings_files=on --write_settings_files=off aula5 -c aula5
Warning (18236): Number of processors has not been specified which may cause overloading on shared machines.  Set the global assignment NUM_PARALLEL_PROCESSORS in your QSF to an appropriate value for best performance.
Info (20030): Parallel compilation is enabled and will use 4 of the 4 processors detected
Info (12021): Found 2 design units, including 1 entities, in source file ULASomaSub.vhd
    Info (12022): Found design unit 1: ULASomaSub-comportamento File: /home/antonio/Desktop/Desing_Computadores/aula_5/ULASomaSub.vhd Line: 15
    Info (12023): Found entity 1: ULASomaSub File: /home/antonio/Desktop/Desing_Computadores/aula_5/ULASomaSub.vhd Line: 5
Info (12021): Found 2 design units, including 1 entities, in source file somaConstante.vhd
    Info (12022): Found design unit 1: somaConstante-comportamento File: /home/antonio/Desktop/Desing_Computadores/aula_5/somaConstante.vhd Line: 18
    Info (12023): Found entity 1: somaConstante File: /home/antonio/Desktop/Desing_Computadores/aula_5/somaConstante.vhd Line: 5
Info (12021): Found 2 design units, including 1 entities, in source file registradorGenerico.vhd
    Info (12022): Found design unit 1: registradorGenerico-comportamento File: /home/antonio/Desktop/Desing_Computadores/aula_5/registradorGenerico.vhd Line: 15
    Info (12023): Found entity 1: registradorGenerico File: /home/antonio/Desktop/Desing_Computadores/aula_5/registradorGenerico.vhd Line: 4
Info (12021): Found 2 design units, including 1 entities, in source file muxGenerico2x1.vhd
    Info (12022): Found design unit 1: muxGenerico2x1-comportamento File: /home/antonio/Desktop/Desing_Computadores/aula_5/muxGenerico2x1.vhd Line: 14
    Info (12023): Found entity 1: muxGenerico2x1 File: /home/antonio/Desktop/Desing_Computadores/aula_5/muxGenerico2x1.vhd Line: 4
Info (12021): Found 2 design units, including 1 entities, in source file memoriaROM.vhd
    Info (12022): Found design unit 1: memoriaROM-assincrona File: /home/antonio/Desktop/Desing_Computadores/aula_5/memoriaROM.vhd Line: 16
    Info (12023): Found entity 1: memoriaROM File: /home/antonio/Desktop/Desing_Computadores/aula_5/memoriaROM.vhd Line: 5
Info (12021): Found 2 design units, including 1 entities, in source file memoriaRAM.vhd
    Info (12022): Found design unit 1: memoriaRAM-rtl File: /home/antonio/Desktop/Desing_Computadores/aula_5/memoriaRAM.vhd Line: 21
    Info (12023): Found entity 1: memoriaRAM File: /home/antonio/Desktop/Desing_Computadores/aula_5/memoriaRAM.vhd Line: 5
Info (12021): Found 3 design units, including 1 entities, in source file edgeDetector.vhd
    Info (12022): Found design unit 1: edgeDetector-bordaSubida File: /home/antonio/Desktop/Desing_Computadores/aula_5/edgeDetector.vhd Line: 10
    Info (12022): Found design unit 2: edgeDetector-bordaDescida File: /home/antonio/Desktop/Desing_Computadores/aula_5/edgeDetector.vhd Line: 23
    Info (12023): Found entity 1: edgeDetector File: /home/antonio/Desktop/Desing_Computadores/aula_5/edgeDetector.vhd Line: 4
Info (12021): Found 2 design units, including 1 entities, in source file decoderInstru.vhd
    Info (12022): Found design unit 1: decoderInstru-comportamento File: /home/antonio/Desktop/Desing_Computadores/aula_5/decoderInstru.vhd Line: 10
    Info (12023): Found entity 1: decoderInstru File: /home/antonio/Desktop/Desing_Computadores/aula_5/decoderInstru.vhd Line: 4
Info (12021): Found 2 design units, including 1 entities, in source file aula5.vhd
    Info (12022): Found design unit 1: aula5-arquitetura File: /home/antonio/Desktop/Desing_Computadores/aula_5/aula5.vhd Line: 21
    Info (12023): Found entity 1: aula5 File: /home/antonio/Desktop/Desing_Computadores/aula_5/aula5.vhd Line: 4
Info (12021): Found 2 design units, including 1 entities, in source file logDesvio.vhd
    Info (12022): Found design unit 1: logDesvio-comportamento File: /home/antonio/Desktop/Desing_Computadores/aula_5/logDesvio.vhd Line: 14
    Info (12023): Found entity 1: logDesvio File: /home/antonio/Desktop/Desing_Computadores/aula_5/logDesvio.vhd Line: 4
Info (12021): Found 2 design units, including 1 entities, in source file flipflop.vhd
    Info (12022): Found design unit 1: flipflop-comportamento File: /home/antonio/Desktop/Desing_Computadores/aula_5/flipflop.vhd Line: 14
    Info (12023): Found entity 1: flipflop File: /home/antonio/Desktop/Desing_Computadores/aula_5/flipflop.vhd Line: 5
Info (12021): Found 2 design units, including 1 entities, in source file muxGenerico4x2.vhd
    Info (12022): Found design unit 1: muxGenerico4x2-comportamento File: /home/antonio/Desktop/Desing_Computadores/aula_5/muxGenerico4x2.vhd Line: 14
    Info (12023): Found entity 1: muxGenerico4x2 File: /home/antonio/Desktop/Desing_Computadores/aula_5/muxGenerico4x2.vhd Line: 4
Info (12127): Elaborating entity "aula5" for the top level hierarchy
Info (12128): Elaborating entity "muxGenerico2x1" for hierarchy "muxGenerico2x1:MUX1" File: /home/antonio/Desktop/Desing_Computadores/aula_5/aula5.vhd Line: 66
Info (12128): Elaborating entity "registradorGenerico" for hierarchy "registradorGenerico:REGA" File: /home/antonio/Desktop/Desing_Computadores/aula_5/aula5.vhd Line: 74
Info (12128): Elaborating entity "registradorGenerico" for hierarchy "registradorGenerico:PC" File: /home/antonio/Desktop/Desing_Computadores/aula_5/aula5.vhd Line: 78
Info (12128): Elaborating entity "somaConstante" for hierarchy "somaConstante:incrementaPC" File: /home/antonio/Desktop/Desing_Computadores/aula_5/aula5.vhd Line: 81
Info (12128): Elaborating entity "ULASomaSub" for hierarchy "ULASomaSub:ULA1" File: /home/antonio/Desktop/Desing_Computadores/aula_5/aula5.vhd Line: 86
Info (12128): Elaborating entity "memoriaROM" for hierarchy "memoriaROM:ROM1" File: /home/antonio/Desktop/Desing_Computadores/aula_5/aula5.vhd Line: 91
Info (12128): Elaborating entity "memoriaRAM" for hierarchy "memoriaRAM:RAM" File: /home/antonio/Desktop/Desing_Computadores/aula_5/aula5.vhd Line: 94
Info (12128): Elaborating entity "decoderInstru" for hierarchy "decoderInstru:decoder" File: /home/antonio/Desktop/Desing_Computadores/aula_5/aula5.vhd Line: 97
Info (12128): Elaborating entity "logDesvio" for hierarchy "logDesvio:Log_Desvio" File: /home/antonio/Desktop/Desing_Computadores/aula_5/aula5.vhd Line: 104
Info (12128): Elaborating entity "flipflop" for hierarchy "flipflop:flag_ula" File: /home/antonio/Desktop/Desing_Computadores/aula_5/aula5.vhd Line: 108
Info (12128): Elaborating entity "muxGenerico4x2" for hierarchy "muxGenerico4x2:MUX_JMP" File: /home/antonio/Desktop/Desing_Computadores/aula_5/aula5.vhd Line: 113
Info (10041): Inferred latch for "saida_MUX[0]" at muxGenerico4x2.vhd(16) File: /home/antonio/Desktop/Desing_Computadores/aula_5/muxGenerico4x2.vhd Line: 16
Info (10041): Inferred latch for "saida_MUX[1]" at muxGenerico4x2.vhd(16) File: /home/antonio/Desktop/Desing_Computadores/aula_5/muxGenerico4x2.vhd Line: 16
Info (10041): Inferred latch for "saida_MUX[2]" at muxGenerico4x2.vhd(16) File: /home/antonio/Desktop/Desing_Computadores/aula_5/muxGenerico4x2.vhd Line: 16
Info (10041): Inferred latch for "saida_MUX[3]" at muxGenerico4x2.vhd(16) File: /home/antonio/Desktop/Desing_Computadores/aula_5/muxGenerico4x2.vhd Line: 16
Info (10041): Inferred latch for "saida_MUX[4]" at muxGenerico4x2.vhd(16) File: /home/antonio/Desktop/Desing_Computadores/aula_5/muxGenerico4x2.vhd Line: 16
Info (10041): Inferred latch for "saida_MUX[5]" at muxGenerico4x2.vhd(16) File: /home/antonio/Desktop/Desing_Computadores/aula_5/muxGenerico4x2.vhd Line: 16
Info (10041): Inferred latch for "saida_MUX[6]" at muxGenerico4x2.vhd(16) File: /home/antonio/Desktop/Desing_Computadores/aula_5/muxGenerico4x2.vhd Line: 16
Info (10041): Inferred latch for "saida_MUX[7]" at muxGenerico4x2.vhd(16) File: /home/antonio/Desktop/Desing_Computadores/aula_5/muxGenerico4x2.vhd Line: 16
Info (10041): Inferred latch for "saida_MUX[8]" at muxGenerico4x2.vhd(16) File: /home/antonio/Desktop/Desing_Computadores/aula_5/muxGenerico4x2.vhd Line: 16
Info (276014): Found 1 instances of uninferred RAM logic
    Info (276007): RAM logic "memoriaRAM:RAM|ram" is uninferred due to asynchronous read logic File: /home/antonio/Desktop/Desing_Computadores/aula_5/memoriaRAM.vhd Line: 27
Warning (13046): Tri-state node(s) do not directly drive top-level pin(s)
    Warning (13049): Converted tri-state buffer "memoriaRAM:RAM|dado_out[0]" feeding internal logic into a wire File: /home/antonio/Desktop/Desing_Computadores/aula_5/memoriaRAM.vhd Line: 17
    Warning (13049): Converted tri-state buffer "memoriaRAM:RAM|dado_out[1]" feeding internal logic into a wire File: /home/antonio/Desktop/Desing_Computadores/aula_5/memoriaRAM.vhd Line: 17
    Warning (13049): Converted tri-state buffer "memoriaRAM:RAM|dado_out[2]" feeding internal logic into a wire File: /home/antonio/Desktop/Desing_Computadores/aula_5/memoriaRAM.vhd Line: 17
    Warning (13049): Converted tri-state buffer "memoriaRAM:RAM|dado_out[3]" feeding internal logic into a wire File: /home/antonio/Desktop/Desing_Computadores/aula_5/memoriaRAM.vhd Line: 17
    Warning (13049): Converted tri-state buffer "memoriaRAM:RAM|dado_out[4]" feeding internal logic into a wire File: /home/antonio/Desktop/Desing_Computadores/aula_5/memoriaRAM.vhd Line: 17
    Warning (13049): Converted tri-state buffer "memoriaRAM:RAM|dado_out[5]" feeding internal logic into a wire File: /home/antonio/Desktop/Desing_Computadores/aula_5/memoriaRAM.vhd Line: 17
    Warning (13049): Converted tri-state buffer "memoriaRAM:RAM|dado_out[6]" feeding internal logic into a wire File: /home/antonio/Desktop/Desing_Computadores/aula_5/memoriaRAM.vhd Line: 17
    Warning (13049): Converted tri-state buffer "memoriaRAM:RAM|dado_out[7]" feeding internal logic into a wire File: /home/antonio/Desktop/Desing_Computadores/aula_5/memoriaRAM.vhd Line: 17
Warning (14026): LATCH primitive "muxGenerico4x2:MUX_JMP|saida_MUX[0]" is permanently enabled File: /home/antonio/Desktop/Desing_Computadores/aula_5/muxGenerico4x2.vhd Line: 16
Warning (14026): LATCH primitive "muxGenerico4x2:MUX_JMP|saida_MUX[1]" is permanently enabled File: /home/antonio/Desktop/Desing_Computadores/aula_5/muxGenerico4x2.vhd Line: 16
Warning (14026): LATCH primitive "muxGenerico4x2:MUX_JMP|saida_MUX[2]" is permanently enabled File: /home/antonio/Desktop/Desing_Computadores/aula_5/muxGenerico4x2.vhd Line: 16
Warning (14026): LATCH primitive "muxGenerico4x2:MUX_JMP|saida_MUX[3]" is permanently enabled File: /home/antonio/Desktop/Desing_Computadores/aula_5/muxGenerico4x2.vhd Line: 16
Warning (14026): LATCH primitive "muxGenerico4x2:MUX_JMP|saida_MUX[4]" is permanently enabled File: /home/antonio/Desktop/Desing_Computadores/aula_5/muxGenerico4x2.vhd Line: 16
Warning (14026): LATCH primitive "muxGenerico4x2:MUX_JMP|saida_MUX[5]" is permanently enabled File: /home/antonio/Desktop/Desing_Computadores/aula_5/muxGenerico4x2.vhd Line: 16
Warning (14026): LATCH primitive "muxGenerico4x2:MUX_JMP|saida_MUX[6]" is permanently enabled File: /home/antonio/Desktop/Desing_Computadores/aula_5/muxGenerico4x2.vhd Line: 16
Warning (14026): LATCH primitive "muxGenerico4x2:MUX_JMP|saida_MUX[7]" is permanently enabled File: /home/antonio/Desktop/Desing_Computadores/aula_5/muxGenerico4x2.vhd Line: 16
Warning (14026): LATCH primitive "muxGenerico4x2:MUX_JMP|saida_MUX[8]" is permanently enabled File: /home/antonio/Desktop/Desing_Computadores/aula_5/muxGenerico4x2.vhd Line: 16
Warning (13024): Output pins are stuck at VCC or GND
    Warning (13410): Pin "SW[5]" is stuck at GND File: /home/antonio/Desktop/Desing_Computadores/aula_5/aula5.vhd Line: 14
    Warning (13410): Pin "SW[6]" is stuck at GND File: /home/antonio/Desktop/Desing_Computadores/aula_5/aula5.vhd Line: 14
    Warning (13410): Pin "SW[7]" is stuck at GND File: /home/antonio/Desktop/Desing_Computadores/aula_5/aula5.vhd Line: 14
Info (286030): Timing-Driven Synthesis is running
Info (16010): Generating hard_block partition "hard_block:auto_generated_inst"
    Info (16011): Adding 0 node(s), including 0 DDIO, 0 PLL, 0 transceiver and 0 LCELL
Warning (21074): Design contains 4 input pin(s) that do not drive logic
    Warning (15610): No output dependent on input pin "CLOCK_50" File: /home/antonio/Desktop/Desing_Computadores/aula_5/aula5.vhd Line: 12
    Warning (15610): No output dependent on input pin "KEY[1]" File: /home/antonio/Desktop/Desing_Computadores/aula_5/aula5.vhd Line: 13
    Warning (15610): No output dependent on input pin "KEY[2]" File: /home/antonio/Desktop/Desing_Computadores/aula_5/aula5.vhd Line: 13
    Warning (15610): No output dependent on input pin "KEY[3]" File: /home/antonio/Desktop/Desing_Computadores/aula_5/aula5.vhd Line: 13
Info (21057): Implemented 226 device resources after synthesis - the final resource count might be different
    Info (21058): Implemented 5 input pins
    Info (21059): Implemented 30 output pins
    Info (21061): Implemented 191 logic cells
Info: Quartus Prime Analysis & Synthesis was successful. 0 errors, 28 warnings
    Info: Peak virtual memory: 480 megabytes
    Info: Processing ended: Wed Mar 15 23:34:23 2023
    Info: Elapsed time: 00:00:07
    Info: Total CPU time (on all processors): 00:00:18


