------------------------------------------------------------
Timing Analyzer Summary
------------------------------------------------------------

Type  : Slow 1100mV 85C Model Setup 'KEY[0]'
Slack : -10.562
TNS   : -939.517

Type  : Slow 1100mV 85C Model Hold 'KEY[0]'
Slack : 0.822
TNS   : 0.000

Type  : Slow 1100mV 85C Model Minimum Pulse Width 'KEY[0]'
Slack : -0.538
TNS   : -118.428

Type  : Slow 1100mV 0C Model Setup 'KEY[0]'
Slack : -10.525
TNS   : -935.505

Type  : Slow 1100mV 0C Model Hold 'KEY[0]'
Slack : 0.799
TNS   : 0.000

Type  : Slow 1100mV 0C Model Minimum Pulse Width 'KEY[0]'
Slack : -0.538
TNS   : -111.837

Type  : Fast 1100mV 85C Model Setup 'KEY[0]'
Slack : -4.710
TNS   : -409.683

Type  : Fast 1100mV 85C Model Hold 'KEY[0]'
Slack : 0.391
TNS   : 0.000

Type  : Fast 1100mV 85C Model Minimum Pulse Width 'KEY[0]'
Slack : -0.578
TNS   : -93.079

Type  : Fast 1100mV 0C Model Setup 'KEY[0]'
Slack : -4.199
TNS   : -362.218

Type  : Fast 1100mV 0C Model Hold 'KEY[0]'
Slack : 0.355
TNS   : 0.000

Type  : Fast 1100mV 0C Model Minimum Pulse Width 'KEY[0]'
Slack : -0.611
TNS   : -101.965

------------------------------------------------------------
