Analysis & Elaboration report for contador
Thu May  4 12:09:13 2023
Quartus Prime Version 20.1.0 Build 711 06/05/2020 SJ Lite Edition


---------------------
; Table of Contents ;
---------------------
  1. Legal Notice
  2. Analysis & Elaboration Summary
  3. Parallel Compilation
  4. Parameter Settings for User Entity Instance: Top-level Entity: |contador
  5. Parameter Settings for User Entity Instance: processador:Processador
  6. Parameter Settings for User Entity Instance: processador:Processador|muxGenerico2x1:MUX1
  7. Parameter Settings for User Entity Instance: processador:Processador|bancoRegistradoresArqRegMem:Banco_Reg
  8. Parameter Settings for User Entity Instance: processador:Processador|registradorGenerico:PC
  9. Parameter Settings for User Entity Instance: processador:Processador|somaConstante:incrementaPC
 10. Parameter Settings for User Entity Instance: processador:Processador|ULASomaSub:ULA1
 11. Parameter Settings for User Entity Instance: processador:Processador|memoriaROM:ROM1
 12. Parameter Settings for User Entity Instance: processador:Processador|registradorGenerico:Salva_Ret
 13. Parameter Settings for User Entity Instance: processador:Processador|muxGenerico4x2:MUX_JMP
 14. Parameter Settings for User Entity Instance: memoriaRAM:RAM
 15. Parameter Settings for User Entity Instance: Segs7:BLOCO_7seg
 16. Parameter Settings for User Entity Instance: Segs7:BLOCO_7seg|registradorGenerico:REG_0
 17. Parameter Settings for User Entity Instance: Segs7:BLOCO_7seg|registradorGenerico:REG_1
 18. Parameter Settings for User Entity Instance: Segs7:BLOCO_7seg|registradorGenerico:REG_2
 19. Parameter Settings for User Entity Instance: Segs7:BLOCO_7seg|registradorGenerico:REG_3
 20. Parameter Settings for User Entity Instance: Segs7:BLOCO_7seg|registradorGenerico:REG_4
 21. Parameter Settings for User Entity Instance: Segs7:BLOCO_7seg|registradorGenerico:REG_5
 22. Parameter Settings for User Entity Instance: LEDs:BLOCO_LEDs
 23. Parameter Settings for User Entity Instance: LEDs:BLOCO_LEDs|registradorGenerico:REG_07
 24. Parameter Settings for User Entity Instance: Input:BLOCO_SW
 25. Parameter Settings for User Entity Instance: divisorGenerico_e_Interface:interfaceBaseTempo|divisorGenerico:baseTempo
 26. Analysis & Elaboration Settings
 27. Port Connectivity Checks: "buffer_3_state_8portas:Buffer_k0"
 28. Port Connectivity Checks: "divisorGenerico_e_Interface:interfaceBaseTempo|flipflop:registraUmSegundo"
 29. Port Connectivity Checks: "divisorGenerico_e_Interface:interfaceBaseTempo"
 30. Port Connectivity Checks: "Input:BLOCO_SW|buffer_3_state_8portas:Buffer_sw9"
 31. Port Connectivity Checks: "Input:BLOCO_SW|buffer_3_state_8portas:Buffer_sw8"
 32. Port Connectivity Checks: "LEDs:BLOCO_LEDs|flipflop:FF_9"
 33. Port Connectivity Checks: "LEDs:BLOCO_LEDs|flipflop:FF_8"
 34. Port Connectivity Checks: "LEDs:BLOCO_LEDs|registradorGenerico:REG_07"
 35. Port Connectivity Checks: "LEDs:BLOCO_LEDs"
 36. Port Connectivity Checks: "Segs7:BLOCO_7seg|conversorHex7Seg:DEC_5"
 37. Port Connectivity Checks: "Segs7:BLOCO_7seg|registradorGenerico:REG_5"
 38. Port Connectivity Checks: "Segs7:BLOCO_7seg|conversorHex7Seg:DEC_4"
 39. Port Connectivity Checks: "Segs7:BLOCO_7seg|registradorGenerico:REG_4"
 40. Port Connectivity Checks: "Segs7:BLOCO_7seg|conversorHex7Seg:DEC_3"
 41. Port Connectivity Checks: "Segs7:BLOCO_7seg|registradorGenerico:REG_3"
 42. Port Connectivity Checks: "Segs7:BLOCO_7seg|conversorHex7Seg:DEC_2"
 43. Port Connectivity Checks: "Segs7:BLOCO_7seg|registradorGenerico:REG_2"
 44. Port Connectivity Checks: "Segs7:BLOCO_7seg|conversorHex7Seg:DEC_1"
 45. Port Connectivity Checks: "Segs7:BLOCO_7seg|registradorGenerico:REG_1"
 46. Port Connectivity Checks: "Segs7:BLOCO_7seg|conversorHex7Seg:DEC_0"
 47. Port Connectivity Checks: "Segs7:BLOCO_7seg|registradorGenerico:REG_0"
 48. Port Connectivity Checks: "processador:Processador|muxGenerico4x2:MUX_JMP"
 49. Port Connectivity Checks: "processador:Processador|registradorGenerico:Salva_Ret"
 50. Port Connectivity Checks: "processador:Processador|flipflop:flag_ula"
 51. Port Connectivity Checks: "processador:Processador|registradorGenerico:PC"
 52. Port Connectivity Checks: "processador:Processador"
 53. Analysis & Elaboration Messages



----------------
; Legal Notice ;
----------------
Copyright (C) 2020  Intel Corporation. All rights reserved.
Your use of Intel Corporation's design tools, logic functions 
and other software and tools, and any partner logic 
functions, and any output files from any of the foregoing 
(including device programming or simulation files), and any 
associated documentation or information are expressly subject 
to the terms and conditions of the Intel Program License 
Subscription Agreement, the Intel Quartus Prime License Agreement,
the Intel FPGA IP License Agreement, or other applicable license
agreement, including, without limitation, that your use is for
the sole purpose of programming logic devices manufactured by
Intel and sold by Intel or its authorized distributors.  Please
refer to the applicable agreement for further details, at
https://fpgasoftware.intel.com/eula.



+-----------------------------------------------------------------------------+
; Analysis & Elaboration Summary                                              ;
+-------------------------------+---------------------------------------------+
; Analysis & Elaboration Status ; Successful - Thu May  4 12:09:13 2023       ;
; Quartus Prime Version         ; 20.1.0 Build 711 06/05/2020 SJ Lite Edition ;
; Revision Name                 ; contador                                    ;
; Top-level Entity Name         ; contador                                    ;
; Family                        ; Cyclone V                                   ;
; Logic utilization (in ALMs)   ; N/A until Partition Merge                   ;
; Total registers               ; N/A until Partition Merge                   ;
; Total pins                    ; N/A until Partition Merge                   ;
; Total virtual pins            ; N/A until Partition Merge                   ;
; Total block memory bits       ; N/A until Partition Merge                   ;
; Total PLLs                    ; N/A until Partition Merge                   ;
; Total DLLs                    ; N/A until Partition Merge                   ;
+-------------------------------+---------------------------------------------+


+------------------------------------------+
; Parallel Compilation                     ;
+----------------------------+-------------+
; Processors                 ; Number      ;
+----------------------------+-------------+
; Number detected on machine ; 8           ;
; Maximum allowed            ; 4           ;
;                            ;             ;
; Average used               ; 1.00        ;
; Maximum used               ; 1           ;
;                            ;             ;
; Usage by Processor         ; % Time Used ;
;     Processor 1            ; 100.0%      ;
+----------------------------+-------------+


+--------------------------------------------------------------------------+
; Parameter Settings for User Entity Instance: Top-level Entity: |contador ;
+------------------+-------+-----------------------------------------------+
; Parameter Name   ; Value ; Type                                          ;
+------------------+-------+-----------------------------------------------+
; larguraDados     ; 8     ; Signed Integer                                ;
; larguraEnderecos ; 9     ; Signed Integer                                ;
; larguraPalavra   ; 13    ; Signed Integer                                ;
; simulacao        ; false ; Enumerated                                    ;
+------------------+-------+-----------------------------------------------+
Note: In order to hide this table in the UI and the text report file, please set the "Show Parameter Settings in Synthesis Report" option in "Analysis and Synthesis Settings -> More Settings" to "Off".


+----------------------------------------------------------------------+
; Parameter Settings for User Entity Instance: processador:Processador ;
+------------------+-------+-------------------------------------------+
; Parameter Name   ; Value ; Type                                      ;
+------------------+-------+-------------------------------------------+
; larguradados     ; 8     ; Signed Integer                            ;
; larguraenderecos ; 9     ; Signed Integer                            ;
; largurapalavra   ; 13    ; Signed Integer                            ;
+------------------+-------+-------------------------------------------+
Note: In order to hide this table in the UI and the text report file, please set the "Show Parameter Settings in Synthesis Report" option in "Analysis and Synthesis Settings -> More Settings" to "Off".


+------------------------------------------------------------------------------------------+
; Parameter Settings for User Entity Instance: processador:Processador|muxGenerico2x1:MUX1 ;
+----------------+-------+-----------------------------------------------------------------+
; Parameter Name ; Value ; Type                                                            ;
+----------------+-------+-----------------------------------------------------------------+
; larguradados   ; 8     ; Signed Integer                                                  ;
+----------------+-------+-----------------------------------------------------------------+
Note: In order to hide this table in the UI and the text report file, please set the "Show Parameter Settings in Synthesis Report" option in "Analysis and Synthesis Settings -> More Settings" to "Off".


+------------------------------------------------------------------------------------------------------------+
; Parameter Settings for User Entity Instance: processador:Processador|bancoRegistradoresArqRegMem:Banco_Reg ;
+---------------------+-------+------------------------------------------------------------------------------+
; Parameter Name      ; Value ; Type                                                                         ;
+---------------------+-------+------------------------------------------------------------------------------+
; larguradados        ; 8     ; Signed Integer                                                               ;
; larguraendbancoregs ; 2     ; Signed Integer                                                               ;
+---------------------+-------+------------------------------------------------------------------------------+
Note: In order to hide this table in the UI and the text report file, please set the "Show Parameter Settings in Synthesis Report" option in "Analysis and Synthesis Settings -> More Settings" to "Off".


+---------------------------------------------------------------------------------------------+
; Parameter Settings for User Entity Instance: processador:Processador|registradorGenerico:PC ;
+----------------+-------+--------------------------------------------------------------------+
; Parameter Name ; Value ; Type                                                               ;
+----------------+-------+--------------------------------------------------------------------+
; larguradados   ; 9     ; Signed Integer                                                     ;
+----------------+-------+--------------------------------------------------------------------+
Note: In order to hide this table in the UI and the text report file, please set the "Show Parameter Settings in Synthesis Report" option in "Analysis and Synthesis Settings -> More Settings" to "Off".


+-------------------------------------------------------------------------------------------------+
; Parameter Settings for User Entity Instance: processador:Processador|somaConstante:incrementaPC ;
+----------------+-------+------------------------------------------------------------------------+
; Parameter Name ; Value ; Type                                                                   ;
+----------------+-------+------------------------------------------------------------------------+
; larguradados   ; 9     ; Signed Integer                                                         ;
; constante      ; 1     ; Signed Integer                                                         ;
+----------------+-------+------------------------------------------------------------------------+
Note: In order to hide this table in the UI and the text report file, please set the "Show Parameter Settings in Synthesis Report" option in "Analysis and Synthesis Settings -> More Settings" to "Off".


+--------------------------------------------------------------------------------------+
; Parameter Settings for User Entity Instance: processador:Processador|ULASomaSub:ULA1 ;
+----------------+-------+-------------------------------------------------------------+
; Parameter Name ; Value ; Type                                                        ;
+----------------+-------+-------------------------------------------------------------+
; larguradados   ; 8     ; Signed Integer                                              ;
+----------------+-------+-------------------------------------------------------------+
Note: In order to hide this table in the UI and the text report file, please set the "Show Parameter Settings in Synthesis Report" option in "Analysis and Synthesis Settings -> More Settings" to "Off".


+--------------------------------------------------------------------------------------+
; Parameter Settings for User Entity Instance: processador:Processador|memoriaROM:ROM1 ;
+----------------+-------+-------------------------------------------------------------+
; Parameter Name ; Value ; Type                                                        ;
+----------------+-------+-------------------------------------------------------------+
; datawidth      ; 15    ; Signed Integer                                              ;
; addrwidth      ; 9     ; Signed Integer                                              ;
+----------------+-------+-------------------------------------------------------------+
Note: In order to hide this table in the UI and the text report file, please set the "Show Parameter Settings in Synthesis Report" option in "Analysis and Synthesis Settings -> More Settings" to "Off".


+----------------------------------------------------------------------------------------------------+
; Parameter Settings for User Entity Instance: processador:Processador|registradorGenerico:Salva_Ret ;
+----------------+-------+---------------------------------------------------------------------------+
; Parameter Name ; Value ; Type                                                                      ;
+----------------+-------+---------------------------------------------------------------------------+
; larguradados   ; 9     ; Signed Integer                                                            ;
+----------------+-------+---------------------------------------------------------------------------+
Note: In order to hide this table in the UI and the text report file, please set the "Show Parameter Settings in Synthesis Report" option in "Analysis and Synthesis Settings -> More Settings" to "Off".


+---------------------------------------------------------------------------------------------+
; Parameter Settings for User Entity Instance: processador:Processador|muxGenerico4x2:MUX_JMP ;
+----------------+-------+--------------------------------------------------------------------+
; Parameter Name ; Value ; Type                                                               ;
+----------------+-------+--------------------------------------------------------------------+
; larguradados   ; 9     ; Signed Integer                                                     ;
+----------------+-------+--------------------------------------------------------------------+
Note: In order to hide this table in the UI and the text report file, please set the "Show Parameter Settings in Synthesis Report" option in "Analysis and Synthesis Settings -> More Settings" to "Off".


+-------------------------------------------------------------+
; Parameter Settings for User Entity Instance: memoriaRAM:RAM ;
+----------------+-------+------------------------------------+
; Parameter Name ; Value ; Type                               ;
+----------------+-------+------------------------------------+
; datawidth      ; 8     ; Signed Integer                     ;
; addrwidth      ; 6     ; Signed Integer                     ;
+----------------+-------+------------------------------------+
Note: In order to hide this table in the UI and the text report file, please set the "Show Parameter Settings in Synthesis Report" option in "Analysis and Synthesis Settings -> More Settings" to "Off".


+---------------------------------------------------------------+
; Parameter Settings for User Entity Instance: Segs7:BLOCO_7seg ;
+----------------+-------+--------------------------------------+
; Parameter Name ; Value ; Type                                 ;
+----------------+-------+--------------------------------------+
; larguradados   ; 4     ; Signed Integer                       ;
+----------------+-------+--------------------------------------+
Note: In order to hide this table in the UI and the text report file, please set the "Show Parameter Settings in Synthesis Report" option in "Analysis and Synthesis Settings -> More Settings" to "Off".


+-----------------------------------------------------------------------------------------+
; Parameter Settings for User Entity Instance: Segs7:BLOCO_7seg|registradorGenerico:REG_0 ;
+----------------+-------+----------------------------------------------------------------+
; Parameter Name ; Value ; Type                                                           ;
+----------------+-------+----------------------------------------------------------------+
; larguradados   ; 4     ; Signed Integer                                                 ;
+----------------+-------+----------------------------------------------------------------+
Note: In order to hide this table in the UI and the text report file, please set the "Show Parameter Settings in Synthesis Report" option in "Analysis and Synthesis Settings -> More Settings" to "Off".


+-----------------------------------------------------------------------------------------+
; Parameter Settings for User Entity Instance: Segs7:BLOCO_7seg|registradorGenerico:REG_1 ;
+----------------+-------+----------------------------------------------------------------+
; Parameter Name ; Value ; Type                                                           ;
+----------------+-------+----------------------------------------------------------------+
; larguradados   ; 4     ; Signed Integer                                                 ;
+----------------+-------+----------------------------------------------------------------+
Note: In order to hide this table in the UI and the text report file, please set the "Show Parameter Settings in Synthesis Report" option in "Analysis and Synthesis Settings -> More Settings" to "Off".


+-----------------------------------------------------------------------------------------+
; Parameter Settings for User Entity Instance: Segs7:BLOCO_7seg|registradorGenerico:REG_2 ;
+----------------+-------+----------------------------------------------------------------+
; Parameter Name ; Value ; Type                                                           ;
+----------------+-------+----------------------------------------------------------------+
; larguradados   ; 4     ; Signed Integer                                                 ;
+----------------+-------+----------------------------------------------------------------+
Note: In order to hide this table in the UI and the text report file, please set the "Show Parameter Settings in Synthesis Report" option in "Analysis and Synthesis Settings -> More Settings" to "Off".


+-----------------------------------------------------------------------------------------+
; Parameter Settings for User Entity Instance: Segs7:BLOCO_7seg|registradorGenerico:REG_3 ;
+----------------+-------+----------------------------------------------------------------+
; Parameter Name ; Value ; Type                                                           ;
+----------------+-------+----------------------------------------------------------------+
; larguradados   ; 4     ; Signed Integer                                                 ;
+----------------+-------+----------------------------------------------------------------+
Note: In order to hide this table in the UI and the text report file, please set the "Show Parameter Settings in Synthesis Report" option in "Analysis and Synthesis Settings -> More Settings" to "Off".


+-----------------------------------------------------------------------------------------+
; Parameter Settings for User Entity Instance: Segs7:BLOCO_7seg|registradorGenerico:REG_4 ;
+----------------+-------+----------------------------------------------------------------+
; Parameter Name ; Value ; Type                                                           ;
+----------------+-------+----------------------------------------------------------------+
; larguradados   ; 4     ; Signed Integer                                                 ;
+----------------+-------+----------------------------------------------------------------+
Note: In order to hide this table in the UI and the text report file, please set the "Show Parameter Settings in Synthesis Report" option in "Analysis and Synthesis Settings -> More Settings" to "Off".


+-----------------------------------------------------------------------------------------+
; Parameter Settings for User Entity Instance: Segs7:BLOCO_7seg|registradorGenerico:REG_5 ;
+----------------+-------+----------------------------------------------------------------+
; Parameter Name ; Value ; Type                                                           ;
+----------------+-------+----------------------------------------------------------------+
; larguradados   ; 4     ; Signed Integer                                                 ;
+----------------+-------+----------------------------------------------------------------+
Note: In order to hide this table in the UI and the text report file, please set the "Show Parameter Settings in Synthesis Report" option in "Analysis and Synthesis Settings -> More Settings" to "Off".


+--------------------------------------------------------------+
; Parameter Settings for User Entity Instance: LEDs:BLOCO_LEDs ;
+----------------+-------+-------------------------------------+
; Parameter Name ; Value ; Type                                ;
+----------------+-------+-------------------------------------+
; larguradados   ; 8     ; Signed Integer                      ;
+----------------+-------+-------------------------------------+
Note: In order to hide this table in the UI and the text report file, please set the "Show Parameter Settings in Synthesis Report" option in "Analysis and Synthesis Settings -> More Settings" to "Off".


+-----------------------------------------------------------------------------------------+
; Parameter Settings for User Entity Instance: LEDs:BLOCO_LEDs|registradorGenerico:REG_07 ;
+----------------+-------+----------------------------------------------------------------+
; Parameter Name ; Value ; Type                                                           ;
+----------------+-------+----------------------------------------------------------------+
; larguradados   ; 8     ; Signed Integer                                                 ;
+----------------+-------+----------------------------------------------------------------+
Note: In order to hide this table in the UI and the text report file, please set the "Show Parameter Settings in Synthesis Report" option in "Analysis and Synthesis Settings -> More Settings" to "Off".


+-------------------------------------------------------------+
; Parameter Settings for User Entity Instance: Input:BLOCO_SW ;
+----------------+-------+------------------------------------+
; Parameter Name ; Value ; Type                               ;
+----------------+-------+------------------------------------+
; larguradados   ; 8     ; Signed Integer                     ;
+----------------+-------+------------------------------------+
Note: In order to hide this table in the UI and the text report file, please set the "Show Parameter Settings in Synthesis Report" option in "Analysis and Synthesis Settings -> More Settings" to "Off".


+-----------------------------------------------------------------------------------------------------------------------+
; Parameter Settings for User Entity Instance: divisorGenerico_e_Interface:interfaceBaseTempo|divisorGenerico:baseTempo ;
+----------------+-------+----------------------------------------------------------------------------------------------+
; Parameter Name ; Value ; Type                                                                                         ;
+----------------+-------+----------------------------------------------------------------------------------------------+
; divisor        ; 5     ; Signed Integer                                                                               ;
+----------------+-------+----------------------------------------------------------------------------------------------+
Note: In order to hide this table in the UI and the text report file, please set the "Show Parameter Settings in Synthesis Report" option in "Analysis and Synthesis Settings -> More Settings" to "Off".


+---------------------------------------------------------------------------------------------------------------------------+
; Analysis & Elaboration Settings                                                                                           ;
+---------------------------------------------------------------------------------+--------------------+--------------------+
; Option                                                                          ; Setting            ; Default Value      ;
+---------------------------------------------------------------------------------+--------------------+--------------------+
; Device                                                                          ; 5CEBA4F23C7        ;                    ;
; Top-level entity name                                                           ; contador           ; contador           ;
; Family name                                                                     ; Cyclone V          ; Cyclone V          ;
; VHDL Show LMF Mapping Messages                                                  ; Off                ;                    ;
; VHDL Version                                                                    ; VHDL_2008          ; VHDL_1993          ;
; Use smart compilation                                                           ; Off                ; Off                ;
; Enable parallel Assembler and Timing Analyzer during compilation                ; On                 ; On                 ;
; Enable compact report table                                                     ; Off                ; Off                ;
; Restructure Multiplexers                                                        ; Auto               ; Auto               ;
; MLAB Add Timing Constraints For Mixed-Port Feed-Through Mode Setting Don't Care ; Off                ; Off                ;
; Create Debugging Nodes for IP Cores                                             ; Off                ; Off                ;
; Preserve fewer node names                                                       ; On                 ; On                 ;
; Intel FPGA IP Evaluation Mode                                                   ; Enable             ; Enable             ;
; Verilog Version                                                                 ; Verilog_2001       ; Verilog_2001       ;
; State Machine Processing                                                        ; Auto               ; Auto               ;
; Safe State Machine                                                              ; Off                ; Off                ;
; Extract Verilog State Machines                                                  ; On                 ; On                 ;
; Extract VHDL State Machines                                                     ; On                 ; On                 ;
; Ignore Verilog initial constructs                                               ; Off                ; Off                ;
; Iteration limit for constant Verilog loops                                      ; 5000               ; 5000               ;
; Iteration limit for non-constant Verilog loops                                  ; 250                ; 250                ;
; Add Pass-Through Logic to Inferred RAMs                                         ; On                 ; On                 ;
; Infer RAMs from Raw Logic                                                       ; On                 ; On                 ;
; Parallel Synthesis                                                              ; On                 ; On                 ;
; DSP Block Balancing                                                             ; Auto               ; Auto               ;
; NOT Gate Push-Back                                                              ; On                 ; On                 ;
; Power-Up Don't Care                                                             ; On                 ; On                 ;
; Remove Redundant Logic Cells                                                    ; Off                ; Off                ;
; Remove Duplicate Registers                                                      ; On                 ; On                 ;
; Ignore CARRY Buffers                                                            ; Off                ; Off                ;
; Ignore CASCADE Buffers                                                          ; Off                ; Off                ;
; Ignore GLOBAL Buffers                                                           ; Off                ; Off                ;
; Ignore ROW GLOBAL Buffers                                                       ; Off                ; Off                ;
; Ignore LCELL Buffers                                                            ; Off                ; Off                ;
; Ignore SOFT Buffers                                                             ; On                 ; On                 ;
; Limit AHDL Integers to 32 Bits                                                  ; Off                ; Off                ;
; Optimization Technique                                                          ; Balanced           ; Balanced           ;
; Carry Chain Length                                                              ; 70                 ; 70                 ;
; Auto Carry Chains                                                               ; On                 ; On                 ;
; Auto Open-Drain Pins                                                            ; On                 ; On                 ;
; Perform WYSIWYG Primitive Resynthesis                                           ; Off                ; Off                ;
; Auto ROM Replacement                                                            ; On                 ; On                 ;
; Auto RAM Replacement                                                            ; On                 ; On                 ;
; Auto DSP Block Replacement                                                      ; On                 ; On                 ;
; Auto Shift Register Replacement                                                 ; Auto               ; Auto               ;
; Allow Shift Register Merging across Hierarchies                                 ; Auto               ; Auto               ;
; Auto Clock Enable Replacement                                                   ; On                 ; On                 ;
; Strict RAM Replacement                                                          ; Off                ; Off                ;
; Allow Synchronous Control Signals                                               ; On                 ; On                 ;
; Force Use of Synchronous Clear Signals                                          ; Off                ; Off                ;
; Auto Resource Sharing                                                           ; Off                ; Off                ;
; Allow Any RAM Size For Recognition                                              ; Off                ; Off                ;
; Allow Any ROM Size For Recognition                                              ; Off                ; Off                ;
; Allow Any Shift Register Size For Recognition                                   ; Off                ; Off                ;
; Use LogicLock Constraints during Resource Balancing                             ; On                 ; On                 ;
; Ignore translate_off and synthesis_off directives                               ; Off                ; Off                ;
; Timing-Driven Synthesis                                                         ; On                 ; On                 ;
; Report Parameter Settings                                                       ; On                 ; On                 ;
; Report Source Assignments                                                       ; On                 ; On                 ;
; Report Connectivity Checks                                                      ; On                 ; On                 ;
; Ignore Maximum Fan-Out Assignments                                              ; Off                ; Off                ;
; Synchronization Register Chain Length                                           ; 3                  ; 3                  ;
; Power Optimization During Synthesis                                             ; Normal compilation ; Normal compilation ;
; HDL message level                                                               ; Level2             ; Level2             ;
; Suppress Register Optimization Related Messages                                 ; Off                ; Off                ;
; Number of Removed Registers Reported in Synthesis Report                        ; 5000               ; 5000               ;
; Number of Swept Nodes Reported in Synthesis Report                              ; 5000               ; 5000               ;
; Number of Inverted Registers Reported in Synthesis Report                       ; 100                ; 100                ;
; Clock MUX Protection                                                            ; On                 ; On                 ;
; Auto Gated Clock Conversion                                                     ; Off                ; Off                ;
; Block Design Naming                                                             ; Auto               ; Auto               ;
; SDC constraint protection                                                       ; Off                ; Off                ;
; Synthesis Effort                                                                ; Auto               ; Auto               ;
; Shift Register Replacement - Allow Asynchronous Clear Signal                    ; On                 ; On                 ;
; Pre-Mapping Resynthesis Optimization                                            ; Off                ; Off                ;
; Analysis & Synthesis Message Level                                              ; Medium             ; Medium             ;
; Disable Register Merging Across Hierarchies                                     ; Auto               ; Auto               ;
; Resource Aware Inference For Block RAM                                          ; On                 ; On                 ;
; Automatic Parallel Synthesis                                                    ; On                 ; On                 ;
; Partial Reconfiguration Bitstream ID                                            ; Off                ; Off                ;
+---------------------------------------------------------------------------------+--------------------+--------------------+


+--------------------------------------------------------------+
; Port Connectivity Checks: "buffer_3_state_8portas:Buffer_k0" ;
+---------------+-------+----------+---------------------------+
; Port          ; Type  ; Severity ; Details                   ;
+---------------+-------+----------+---------------------------+
; entrada[7..1] ; Input ; Info     ; Stuck at GND              ;
+---------------+-------+----------+---------------------------+


+-------------------------------------------------------------------------------------------------------+
; Port Connectivity Checks: "divisorGenerico_e_Interface:interfaceBaseTempo|flipflop:registraUmSegundo" ;
+--------+-------+----------+---------------------------------------------------------------------------+
; Port   ; Type  ; Severity ; Details                                                                   ;
+--------+-------+----------+---------------------------------------------------------------------------+
; din    ; Input ; Info     ; Stuck at VCC                                                              ;
; enable ; Input ; Info     ; Stuck at VCC                                                              ;
+--------+-------+----------+---------------------------------------------------------------------------+


+----------------------------------------------------------------------------+
; Port Connectivity Checks: "divisorGenerico_e_Interface:interfaceBaseTempo" ;
+-----------------+-------+----------+---------------------------------------+
; Port            ; Type  ; Severity ; Details                               ;
+-----------------+-------+----------+---------------------------------------+
; habilitaleitura ; Input ; Info     ; Stuck at VCC                          ;
+-----------------+-------+----------+---------------------------------------+


+------------------------------------------------------------------------------+
; Port Connectivity Checks: "Input:BLOCO_SW|buffer_3_state_8portas:Buffer_sw9" ;
+---------------+-------+----------+-------------------------------------------+
; Port          ; Type  ; Severity ; Details                                   ;
+---------------+-------+----------+-------------------------------------------+
; entrada[7..1] ; Input ; Info     ; Stuck at GND                              ;
+---------------+-------+----------+-------------------------------------------+


+------------------------------------------------------------------------------+
; Port Connectivity Checks: "Input:BLOCO_SW|buffer_3_state_8portas:Buffer_sw8" ;
+---------------+-------+----------+-------------------------------------------+
; Port          ; Type  ; Severity ; Details                                   ;
+---------------+-------+----------+-------------------------------------------+
; entrada[7..1] ; Input ; Info     ; Stuck at GND                              ;
+---------------+-------+----------+-------------------------------------------+


+-----------------------------------------------------------+
; Port Connectivity Checks: "LEDs:BLOCO_LEDs|flipflop:FF_9" ;
+------+-------+----------+---------------------------------+
; Port ; Type  ; Severity ; Details                         ;
+------+-------+----------+---------------------------------+
; rst  ; Input ; Info     ; Stuck at GND                    ;
+------+-------+----------+---------------------------------+


+-----------------------------------------------------------+
; Port Connectivity Checks: "LEDs:BLOCO_LEDs|flipflop:FF_8" ;
+------+-------+----------+---------------------------------+
; Port ; Type  ; Severity ; Details                         ;
+------+-------+----------+---------------------------------+
; rst  ; Input ; Info     ; Stuck at GND                    ;
+------+-------+----------+---------------------------------+


+------------------------------------------------------------------------+
; Port Connectivity Checks: "LEDs:BLOCO_LEDs|registradorGenerico:REG_07" ;
+------+-------+----------+----------------------------------------------+
; Port ; Type  ; Severity ; Details                                      ;
+------+-------+----------+----------------------------------------------+
; rst  ; Input ; Info     ; Stuck at GND                                 ;
+------+-------+----------+----------------------------------------------+


+---------------------------------------------------------------------------------------------------------------------+
; Port Connectivity Checks: "LEDs:BLOCO_LEDs"                                                                         ;
+-----------+--------+----------+-------------------------------------------------------------------------------------+
; Port      ; Type   ; Severity ; Details                                                                             ;
+-----------+--------+----------+-------------------------------------------------------------------------------------+
; ret[9..8] ; Output ; Info     ; Connected to dangling logic. Logic that only feeds a dangling port will be removed. ;
+-----------+--------+----------+-------------------------------------------------------------------------------------+


+---------------------------------------------------------------------+
; Port Connectivity Checks: "Segs7:BLOCO_7seg|conversorHex7Seg:DEC_5" ;
+----------+-------+----------+---------------------------------------+
; Port     ; Type  ; Severity ; Details                               ;
+----------+-------+----------+---------------------------------------+
; apaga    ; Input ; Info     ; Stuck at GND                          ;
; negativo ; Input ; Info     ; Stuck at GND                          ;
; overflow ; Input ; Info     ; Stuck at GND                          ;
+----------+-------+----------+---------------------------------------+


+------------------------------------------------------------------------+
; Port Connectivity Checks: "Segs7:BLOCO_7seg|registradorGenerico:REG_5" ;
+------+-------+----------+----------------------------------------------+
; Port ; Type  ; Severity ; Details                                      ;
+------+-------+----------+----------------------------------------------+
; rst  ; Input ; Info     ; Stuck at GND                                 ;
+------+-------+----------+----------------------------------------------+


+---------------------------------------------------------------------+
; Port Connectivity Checks: "Segs7:BLOCO_7seg|conversorHex7Seg:DEC_4" ;
+----------+-------+----------+---------------------------------------+
; Port     ; Type  ; Severity ; Details                               ;
+----------+-------+----------+---------------------------------------+
; apaga    ; Input ; Info     ; Stuck at GND                          ;
; negativo ; Input ; Info     ; Stuck at GND                          ;
; overflow ; Input ; Info     ; Stuck at GND                          ;
+----------+-------+----------+---------------------------------------+


+------------------------------------------------------------------------+
; Port Connectivity Checks: "Segs7:BLOCO_7seg|registradorGenerico:REG_4" ;
+------+-------+----------+----------------------------------------------+
; Port ; Type  ; Severity ; Details                                      ;
+------+-------+----------+----------------------------------------------+
; rst  ; Input ; Info     ; Stuck at GND                                 ;
+------+-------+----------+----------------------------------------------+


+---------------------------------------------------------------------+
; Port Connectivity Checks: "Segs7:BLOCO_7seg|conversorHex7Seg:DEC_3" ;
+----------+-------+----------+---------------------------------------+
; Port     ; Type  ; Severity ; Details                               ;
+----------+-------+----------+---------------------------------------+
; apaga    ; Input ; Info     ; Stuck at GND                          ;
; negativo ; Input ; Info     ; Stuck at GND                          ;
; overflow ; Input ; Info     ; Stuck at GND                          ;
+----------+-------+----------+---------------------------------------+


+------------------------------------------------------------------------+
; Port Connectivity Checks: "Segs7:BLOCO_7seg|registradorGenerico:REG_3" ;
+------+-------+----------+----------------------------------------------+
; Port ; Type  ; Severity ; Details                                      ;
+------+-------+----------+----------------------------------------------+
; rst  ; Input ; Info     ; Stuck at GND                                 ;
+------+-------+----------+----------------------------------------------+


+---------------------------------------------------------------------+
; Port Connectivity Checks: "Segs7:BLOCO_7seg|conversorHex7Seg:DEC_2" ;
+----------+-------+----------+---------------------------------------+
; Port     ; Type  ; Severity ; Details                               ;
+----------+-------+----------+---------------------------------------+
; apaga    ; Input ; Info     ; Stuck at GND                          ;
; negativo ; Input ; Info     ; Stuck at GND                          ;
; overflow ; Input ; Info     ; Stuck at GND                          ;
+----------+-------+----------+---------------------------------------+


+------------------------------------------------------------------------+
; Port Connectivity Checks: "Segs7:BLOCO_7seg|registradorGenerico:REG_2" ;
+------+-------+----------+----------------------------------------------+
; Port ; Type  ; Severity ; Details                                      ;
+------+-------+----------+----------------------------------------------+
; rst  ; Input ; Info     ; Stuck at GND                                 ;
+------+-------+----------+----------------------------------------------+


+---------------------------------------------------------------------+
; Port Connectivity Checks: "Segs7:BLOCO_7seg|conversorHex7Seg:DEC_1" ;
+----------+-------+----------+---------------------------------------+
; Port     ; Type  ; Severity ; Details                               ;
+----------+-------+----------+---------------------------------------+
; apaga    ; Input ; Info     ; Stuck at GND                          ;
; negativo ; Input ; Info     ; Stuck at GND                          ;
; overflow ; Input ; Info     ; Stuck at GND                          ;
+----------+-------+----------+---------------------------------------+


+------------------------------------------------------------------------+
; Port Connectivity Checks: "Segs7:BLOCO_7seg|registradorGenerico:REG_1" ;
+------+-------+----------+----------------------------------------------+
; Port ; Type  ; Severity ; Details                                      ;
+------+-------+----------+----------------------------------------------+
; rst  ; Input ; Info     ; Stuck at GND                                 ;
+------+-------+----------+----------------------------------------------+


+---------------------------------------------------------------------+
; Port Connectivity Checks: "Segs7:BLOCO_7seg|conversorHex7Seg:DEC_0" ;
+----------+-------+----------+---------------------------------------+
; Port     ; Type  ; Severity ; Details                               ;
+----------+-------+----------+---------------------------------------+
; apaga    ; Input ; Info     ; Stuck at GND                          ;
; negativo ; Input ; Info     ; Stuck at GND                          ;
; overflow ; Input ; Info     ; Stuck at GND                          ;
+----------+-------+----------+---------------------------------------+


+------------------------------------------------------------------------+
; Port Connectivity Checks: "Segs7:BLOCO_7seg|registradorGenerico:REG_0" ;
+------+-------+----------+----------------------------------------------+
; Port ; Type  ; Severity ; Details                                      ;
+------+-------+----------+----------------------------------------------+
; rst  ; Input ; Info     ; Stuck at GND                                 ;
+------+-------+----------+----------------------------------------------+


+----------------------------------------------------------------------------+
; Port Connectivity Checks: "processador:Processador|muxGenerico4x2:MUX_JMP" ;
+-----------+-------+----------+---------------------------------------------+
; Port      ; Type  ; Severity ; Details                                     ;
+-----------+-------+----------+---------------------------------------------+
; entrada11 ; Input ; Info     ; Stuck at GND                                ;
+-----------+-------+----------+---------------------------------------------+


+-----------------------------------------------------------------------------------+
; Port Connectivity Checks: "processador:Processador|registradorGenerico:Salva_Ret" ;
+------+-------+----------+---------------------------------------------------------+
; Port ; Type  ; Severity ; Details                                                 ;
+------+-------+----------+---------------------------------------------------------+
; rst  ; Input ; Info     ; Stuck at GND                                            ;
+------+-------+----------+---------------------------------------------------------+


+-----------------------------------------------------------------------+
; Port Connectivity Checks: "processador:Processador|flipflop:flag_ula" ;
+------+-------+----------+---------------------------------------------+
; Port ; Type  ; Severity ; Details                                     ;
+------+-------+----------+---------------------------------------------+
; rst  ; Input ; Info     ; Stuck at GND                                ;
+------+-------+----------+---------------------------------------------+


+----------------------------------------------------------------------------+
; Port Connectivity Checks: "processador:Processador|registradorGenerico:PC" ;
+--------+-------+----------+------------------------------------------------+
; Port   ; Type  ; Severity ; Details                                        ;
+--------+-------+----------+------------------------------------------------+
; enable ; Input ; Info     ; Stuck at VCC                                   ;
; rst    ; Input ; Info     ; Stuck at GND                                   ;
+--------+-------+----------+------------------------------------------------+


+----------------------------------------------------------------------------------------------------------------------------------+
; Port Connectivity Checks: "processador:Processador"                                                                              ;
+------------------------+--------+----------+-------------------------------------------------------------------------------------+
; Port                   ; Type   ; Severity ; Details                                                                             ;
+------------------------+--------+----------+-------------------------------------------------------------------------------------+
; barramento_ctrl[12..2] ; Output ; Info     ; Connected to dangling logic. Logic that only feeds a dangling port will be removed. ;
; pc_out                 ; Output ; Info     ; Connected to dangling logic. Logic that only feeds a dangling port will be removed. ;
+------------------------+--------+----------+-------------------------------------------------------------------------------------+


+---------------------------------+
; Analysis & Elaboration Messages ;
+---------------------------------+
Info: *******************************************************************
Info: Running Quartus Prime Analysis & Elaboration
    Info: Version 20.1.0 Build 711 06/05/2020 SJ Lite Edition
    Info: Processing started: Thu May  4 12:09:07 2023
Info: Command: quartus_map --read_settings_files=on --write_settings_files=off contador -c contador --analysis_and_elaboration
Warning (18236): Number of processors has not been specified which may cause overloading on shared machines.  Set the global assignment NUM_PARALLEL_PROCESSORS in your QSF to an appropriate value for best performance.
Info (20030): Parallel compilation is enabled and will use 4 of the 4 processors detected
Info (12021): Found 2 design units, including 1 entities, in source file ULASomaSub.vhd
    Info (12022): Found design unit 1: ULASomaSub-comportamento File: /home/antonio/Desktop/Desing_Computadores/relogio/ULASomaSub.vhd Line: 15
    Info (12023): Found entity 1: ULASomaSub File: /home/antonio/Desktop/Desing_Computadores/relogio/ULASomaSub.vhd Line: 5
Info (12021): Found 2 design units, including 1 entities, in source file memoriaROM.vhd
    Info (12022): Found design unit 1: memoriaROM-assincrona File: /home/antonio/Desktop/Desing_Computadores/relogio/memoriaROM.vhd Line: 16
    Info (12023): Found entity 1: memoriaROM File: /home/antonio/Desktop/Desing_Computadores/relogio/memoriaROM.vhd Line: 5
Info (12021): Found 2 design units, including 1 entities, in source file memoriaRAM.vhd
    Info (12022): Found design unit 1: memoriaRAM-rtl File: /home/antonio/Desktop/Desing_Computadores/relogio/memoriaRAM.vhd Line: 21
    Info (12023): Found entity 1: memoriaRAM File: /home/antonio/Desktop/Desing_Computadores/relogio/memoriaRAM.vhd Line: 5
Info (12021): Found 2 design units, including 1 entities, in source file logDesvio.vhd
    Info (12022): Found design unit 1: logDesvio-comportamento File: /home/antonio/Desktop/Desing_Computadores/relogio/logDesvio.vhd Line: 15
    Info (12023): Found entity 1: logDesvio File: /home/antonio/Desktop/Desing_Computadores/relogio/logDesvio.vhd Line: 4
Info (12021): Found 2 design units, including 1 entities, in source file LEDs.vhd
    Info (12022): Found design unit 1: LEDs-comportamento File: /home/antonio/Desktop/Desing_Computadores/relogio/LEDs.vhd Line: 16
    Info (12023): Found entity 1: LEDs File: /home/antonio/Desktop/Desing_Computadores/relogio/LEDs.vhd Line: 4
Info (12021): Found 2 design units, including 1 entities, in source file flipflop.vhd
    Info (12022): Found design unit 1: flipflop-comportamento File: /home/antonio/Desktop/Desing_Computadores/relogio/flipflop.vhd Line: 14
    Info (12023): Found entity 1: flipflop File: /home/antonio/Desktop/Desing_Computadores/relogio/flipflop.vhd Line: 5
Info (12021): Found 2 design units, including 1 entities, in source file somaConstante.vhd
    Info (12022): Found design unit 1: somaConstante-comportamento File: /home/antonio/Desktop/Desing_Computadores/relogio/somaConstante.vhd Line: 18
    Info (12023): Found entity 1: somaConstante File: /home/antonio/Desktop/Desing_Computadores/relogio/somaConstante.vhd Line: 5
Info (12021): Found 2 design units, including 1 entities, in source file registradorGenerico.vhd
    Info (12022): Found design unit 1: registradorGenerico-comportamento File: /home/antonio/Desktop/Desing_Computadores/relogio/registradorGenerico.vhd Line: 15
    Info (12023): Found entity 1: registradorGenerico File: /home/antonio/Desktop/Desing_Computadores/relogio/registradorGenerico.vhd Line: 4
Info (12021): Found 2 design units, including 1 entities, in source file processador.vhd
    Info (12022): Found design unit 1: processador-arquiteturaa File: /home/antonio/Desktop/Desing_Computadores/relogio/processador.vhd Line: 21
    Info (12023): Found entity 1: processador File: /home/antonio/Desktop/Desing_Computadores/relogio/processador.vhd Line: 4
Info (12021): Found 2 design units, including 1 entities, in source file muxGenerico4x2.vhd
    Info (12022): Found design unit 1: muxGenerico4x2-comportamento File: /home/antonio/Desktop/Desing_Computadores/relogio/muxGenerico4x2.vhd Line: 14
    Info (12023): Found entity 1: muxGenerico4x2 File: /home/antonio/Desktop/Desing_Computadores/relogio/muxGenerico4x2.vhd Line: 4
Info (12021): Found 2 design units, including 1 entities, in source file muxGenerico2x1.vhd
    Info (12022): Found design unit 1: muxGenerico2x1-comportamento File: /home/antonio/Desktop/Desing_Computadores/relogio/muxGenerico2x1.vhd Line: 14
    Info (12023): Found entity 1: muxGenerico2x1 File: /home/antonio/Desktop/Desing_Computadores/relogio/muxGenerico2x1.vhd Line: 4
Info (12021): Found 3 design units, including 1 entities, in source file edgeDetector.vhd
    Info (12022): Found design unit 1: edgeDetector-bordaSubida File: /home/antonio/Desktop/Desing_Computadores/relogio/edgeDetector.vhd Line: 10
    Info (12022): Found design unit 2: edgeDetector-bordaDescida File: /home/antonio/Desktop/Desing_Computadores/relogio/edgeDetector.vhd Line: 23
    Info (12023): Found entity 1: edgeDetector File: /home/antonio/Desktop/Desing_Computadores/relogio/edgeDetector.vhd Line: 4
Info (12021): Found 2 design units, including 1 entities, in source file decoderInstru.vhd
    Info (12022): Found design unit 1: decoderInstru-comportamento File: /home/antonio/Desktop/Desing_Computadores/relogio/decoderInstru.vhd Line: 10
    Info (12023): Found entity 1: decoderInstru File: /home/antonio/Desktop/Desing_Computadores/relogio/decoderInstru.vhd Line: 4
Info (12021): Found 2 design units, including 1 entities, in source file decoder3x8.vhd
    Info (12022): Found design unit 1: decoder3x8-comportamento File: /home/antonio/Desktop/Desing_Computadores/relogio/decoder3x8.vhd Line: 10
    Info (12023): Found entity 1: decoder3x8 File: /home/antonio/Desktop/Desing_Computadores/relogio/decoder3x8.vhd Line: 4
Info (12021): Found 2 design units, including 1 entities, in source file conversorHex7Seg.vhd
    Info (12022): Found design unit 1: conversorHex7Seg-comportamento File: /home/antonio/Desktop/Desing_Computadores/relogio/conversorHex7Seg.vhd Line: 17
    Info (12023): Found entity 1: conversorHex7Seg File: /home/antonio/Desktop/Desing_Computadores/relogio/conversorHex7Seg.vhd Line: 4
Info (12021): Found 2 design units, including 1 entities, in source file contador.vhd
    Info (12022): Found design unit 1: contador-arquitetura File: /home/antonio/Desktop/Desing_Computadores/relogio/contador.vhd Line: 24
    Info (12023): Found entity 1: contador File: /home/antonio/Desktop/Desing_Computadores/relogio/contador.vhd Line: 5
Info (12021): Found 2 design units, including 1 entities, in source file Segs7.vhd
    Info (12022): Found design unit 1: Segs7-comportamento File: /home/antonio/Desktop/Desing_Computadores/relogio/Segs7.vhd Line: 15
    Info (12023): Found entity 1: Segs7 File: /home/antonio/Desktop/Desing_Computadores/relogio/Segs7.vhd Line: 4
Info (12021): Found 2 design units, including 1 entities, in source file Input.vhd
    Info (12022): Found design unit 1: Input-comportamento File: /home/antonio/Desktop/Desing_Computadores/relogio/Input.vhd Line: 16
    Info (12023): Found entity 1: Input File: /home/antonio/Desktop/Desing_Computadores/relogio/Input.vhd Line: 4
Info (12021): Found 2 design units, including 1 entities, in source file buffer_3_state_8portas.vhd
    Info (12022): Found design unit 1: buffer_3_state_8portas-comportamento File: /home/antonio/Desktop/Desing_Computadores/relogio/buffer_3_state_8portas.vhd Line: 11
    Info (12023): Found entity 1: buffer_3_state_8portas File: /home/antonio/Desktop/Desing_Computadores/relogio/buffer_3_state_8portas.vhd Line: 4
Info (12021): Found 2 design units, including 1 entities, in source file bancoRegistradoresArqRegMem.vhd
    Info (12022): Found design unit 1: bancoRegistradoresArqRegMem-comportamento File: /home/antonio/Desktop/Desing_Computadores/relogio/bancoRegistradoresArqRegMem.vhd Line: 23
    Info (12023): Found entity 1: bancoRegistradoresArqRegMem File: /home/antonio/Desktop/Desing_Computadores/relogio/bancoRegistradoresArqRegMem.vhd Line: 5
Info (12021): Found 2 design units, including 1 entities, in source file divisorGenerico.vhd
    Info (12022): Found design unit 1: divisorGenerico-divInteiro File: /home/antonio/Desktop/Desing_Computadores/relogio/divisorGenerico.vhd Line: 15
    Info (12023): Found entity 1: divisorGenerico File: /home/antonio/Desktop/Desing_Computadores/relogio/divisorGenerico.vhd Line: 5
Info (12021): Found 2 design units, including 1 entities, in source file divisorGenerico_e_Interface.vhd
    Info (12022): Found design unit 1: divisorGenerico_e_Interface-interface File: /home/antonio/Desktop/Desing_Computadores/relogio/divisorGenerico_e_Interface.vhd Line: 13
    Info (12023): Found entity 1: divisorGenerico_e_Interface File: /home/antonio/Desktop/Desing_Computadores/relogio/divisorGenerico_e_Interface.vhd Line: 5
Info (12127): Elaborating entity "contador" for the top level hierarchy
Warning (10036): Verilog HDL or VHDL warning at contador.vhd(30): object "Pc" assigned a value but never read File: /home/antonio/Desktop/Desing_Computadores/relogio/contador.vhd Line: 30
Warning (10036): Verilog HDL or VHDL warning at contador.vhd(33): object "Botoes" assigned a value but never read File: /home/antonio/Desktop/Desing_Computadores/relogio/contador.vhd Line: 33
Warning (10873): Using initial value X (don't care) for net "LEDR[8]" at contador.vhd(19) File: /home/antonio/Desktop/Desing_Computadores/relogio/contador.vhd Line: 19
Info (12128): Elaborating entity "processador" for hierarchy "processador:Processador" File: /home/antonio/Desktop/Desing_Computadores/relogio/contador.vhd Line: 54
Warning (10036): Verilog HDL or VHDL warning at processador.vhd(45): object "hab_read" assigned a value but never read File: /home/antonio/Desktop/Desing_Computadores/relogio/processador.vhd Line: 45
Warning (10036): Verilog HDL or VHDL warning at processador.vhd(46): object "hab_wrt" assigned a value but never read File: /home/antonio/Desktop/Desing_Computadores/relogio/processador.vhd Line: 46
Info (12128): Elaborating entity "muxGenerico2x1" for hierarchy "processador:Processador|muxGenerico2x1:MUX1" File: /home/antonio/Desktop/Desing_Computadores/relogio/processador.vhd Line: 60
Info (12128): Elaborating entity "bancoRegistradoresArqRegMem" for hierarchy "processador:Processador|bancoRegistradoresArqRegMem:Banco_Reg" File: /home/antonio/Desktop/Desing_Computadores/relogio/processador.vhd Line: 69
Info (12128): Elaborating entity "registradorGenerico" for hierarchy "processador:Processador|registradorGenerico:PC" File: /home/antonio/Desktop/Desing_Computadores/relogio/processador.vhd Line: 74
Info (12128): Elaborating entity "somaConstante" for hierarchy "processador:Processador|somaConstante:incrementaPC" File: /home/antonio/Desktop/Desing_Computadores/relogio/processador.vhd Line: 77
Info (12128): Elaborating entity "ULASomaSub" for hierarchy "processador:Processador|ULASomaSub:ULA1" File: /home/antonio/Desktop/Desing_Computadores/relogio/processador.vhd Line: 82
Info (12128): Elaborating entity "memoriaROM" for hierarchy "processador:Processador|memoriaROM:ROM1" File: /home/antonio/Desktop/Desing_Computadores/relogio/processador.vhd Line: 87
Info (12128): Elaborating entity "decoderInstru" for hierarchy "processador:Processador|decoderInstru:decoder" File: /home/antonio/Desktop/Desing_Computadores/relogio/processador.vhd Line: 91
Info (12128): Elaborating entity "logDesvio" for hierarchy "processador:Processador|logDesvio:Log_Desvio" File: /home/antonio/Desktop/Desing_Computadores/relogio/processador.vhd Line: 98
Info (12128): Elaborating entity "flipflop" for hierarchy "processador:Processador|flipflop:flag_ula" File: /home/antonio/Desktop/Desing_Computadores/relogio/processador.vhd Line: 102
Info (12128): Elaborating entity "muxGenerico4x2" for hierarchy "processador:Processador|muxGenerico4x2:MUX_JMP" File: /home/antonio/Desktop/Desing_Computadores/relogio/processador.vhd Line: 107
Info (10041): Inferred latch for "saida_MUX[0]" at muxGenerico4x2.vhd(16) File: /home/antonio/Desktop/Desing_Computadores/relogio/muxGenerico4x2.vhd Line: 16
Info (10041): Inferred latch for "saida_MUX[1]" at muxGenerico4x2.vhd(16) File: /home/antonio/Desktop/Desing_Computadores/relogio/muxGenerico4x2.vhd Line: 16
Info (10041): Inferred latch for "saida_MUX[2]" at muxGenerico4x2.vhd(16) File: /home/antonio/Desktop/Desing_Computadores/relogio/muxGenerico4x2.vhd Line: 16
Info (10041): Inferred latch for "saida_MUX[3]" at muxGenerico4x2.vhd(16) File: /home/antonio/Desktop/Desing_Computadores/relogio/muxGenerico4x2.vhd Line: 16
Info (10041): Inferred latch for "saida_MUX[4]" at muxGenerico4x2.vhd(16) File: /home/antonio/Desktop/Desing_Computadores/relogio/muxGenerico4x2.vhd Line: 16
Info (10041): Inferred latch for "saida_MUX[5]" at muxGenerico4x2.vhd(16) File: /home/antonio/Desktop/Desing_Computadores/relogio/muxGenerico4x2.vhd Line: 16
Info (10041): Inferred latch for "saida_MUX[6]" at muxGenerico4x2.vhd(16) File: /home/antonio/Desktop/Desing_Computadores/relogio/muxGenerico4x2.vhd Line: 16
Info (10041): Inferred latch for "saida_MUX[7]" at muxGenerico4x2.vhd(16) File: /home/antonio/Desktop/Desing_Computadores/relogio/muxGenerico4x2.vhd Line: 16
Info (10041): Inferred latch for "saida_MUX[8]" at muxGenerico4x2.vhd(16) File: /home/antonio/Desktop/Desing_Computadores/relogio/muxGenerico4x2.vhd Line: 16
Info (12128): Elaborating entity "memoriaRAM" for hierarchy "memoriaRAM:RAM" File: /home/antonio/Desktop/Desing_Computadores/relogio/contador.vhd Line: 62
Info (12128): Elaborating entity "decoder3x8" for hierarchy "decoder3x8:Decoder678" File: /home/antonio/Desktop/Desing_Computadores/relogio/contador.vhd Line: 72
Info (12128): Elaborating entity "Segs7" for hierarchy "Segs7:BLOCO_7seg" File: /home/antonio/Desktop/Desing_Computadores/relogio/contador.vhd Line: 76
Info (12128): Elaborating entity "registradorGenerico" for hierarchy "Segs7:BLOCO_7seg|registradorGenerico:REG_0" File: /home/antonio/Desktop/Desing_Computadores/relogio/Segs7.vhd Line: 23
Info (12128): Elaborating entity "conversorHex7Seg" for hierarchy "Segs7:BLOCO_7seg|conversorHex7Seg:DEC_0" File: /home/antonio/Desktop/Desing_Computadores/relogio/Segs7.vhd Line: 25
Info (12128): Elaborating entity "LEDs" for hierarchy "LEDs:BLOCO_LEDs" File: /home/antonio/Desktop/Desing_Computadores/relogio/contador.vhd Line: 85
Info (12128): Elaborating entity "registradorGenerico" for hierarchy "LEDs:BLOCO_LEDs|registradorGenerico:REG_07" File: /home/antonio/Desktop/Desing_Computadores/relogio/LEDs.vhd Line: 25
Info (12128): Elaborating entity "Input" for hierarchy "Input:BLOCO_SW" File: /home/antonio/Desktop/Desing_Computadores/relogio/contador.vhd Line: 94
Info (12128): Elaborating entity "buffer_3_state_8portas" for hierarchy "Input:BLOCO_SW|buffer_3_state_8portas:Buffer_bloco" File: /home/antonio/Desktop/Desing_Computadores/relogio/Input.vhd Line: 24
Info (12128): Elaborating entity "divisorGenerico_e_Interface" for hierarchy "divisorGenerico_e_Interface:interfaceBaseTempo" File: /home/antonio/Desktop/Desing_Computadores/relogio/contador.vhd Line: 116
Info (12128): Elaborating entity "divisorGenerico" for hierarchy "divisorGenerico_e_Interface:interfaceBaseTempo|divisorGenerico:baseTempo" File: /home/antonio/Desktop/Desing_Computadores/relogio/divisorGenerico_e_Interface.vhd Line: 18
Info: Quartus Prime Analysis & Elaboration was successful. 0 errors, 6 warnings
    Info: Peak virtual memory: 789 megabytes
    Info: Processing ended: Thu May  4 12:09:13 2023
    Info: Elapsed time: 00:00:06
    Info: Total CPU time (on all processors): 00:00:16


