Analysis & Synthesis report for contador
Fri Apr  7 18:39:38 2023
Quartus Prime Version 20.1.0 Build 711 06/05/2020 SJ Lite Edition


---------------------
; Table of Contents ;
---------------------
  1. Legal Notice
  2. Analysis & Synthesis Summary
  3. Analysis & Synthesis Settings
  4. Parallel Compilation
  5. Analysis & Synthesis Source Files Read
  6. Analysis & Synthesis Resource Usage Summary
  7. Analysis & Synthesis Resource Utilization by Entity
  8. Registers Removed During Synthesis
  9. Removed Registers Triggering Further Register Optimizations
 10. General Register Statistics
 11. Parameter Settings for User Entity Instance: Top-level Entity: |contador
 12. Parameter Settings for User Entity Instance: processador:Processador
 13. Parameter Settings for User Entity Instance: processador:Processador|muxGenerico2x1:MUX1
 14. Parameter Settings for User Entity Instance: processador:Processador|bancoRegistradoresArqRegMem:Banco_Reg
 15. Parameter Settings for User Entity Instance: processador:Processador|registradorGenerico:PC
 16. Parameter Settings for User Entity Instance: processador:Processador|somaConstante:incrementaPC
 17. Parameter Settings for User Entity Instance: processador:Processador|ULASomaSub:ULA1
 18. Parameter Settings for User Entity Instance: processador:Processador|memoriaROM:ROM1
 19. Parameter Settings for User Entity Instance: processador:Processador|registradorGenerico:Salva_Ret
 20. Parameter Settings for User Entity Instance: processador:Processador|muxGenerico4x2:MUX_JMP
 21. Parameter Settings for User Entity Instance: memoriaRAM:RAM
 22. Parameter Settings for User Entity Instance: LEDs:BLOCO_LEDs
 23. Parameter Settings for User Entity Instance: LEDs:BLOCO_LEDs|registradorGenerico:REG_07
 24. Parameter Settings for User Entity Instance: Segs7:BLOCO_7seg
 25. Parameter Settings for User Entity Instance: Segs7:BLOCO_7seg|registradorGenerico:REG_0
 26. Parameter Settings for User Entity Instance: Segs7:BLOCO_7seg|registradorGenerico:REG_1
 27. Parameter Settings for User Entity Instance: Segs7:BLOCO_7seg|registradorGenerico:REG_2
 28. Parameter Settings for User Entity Instance: Segs7:BLOCO_7seg|registradorGenerico:REG_3
 29. Parameter Settings for User Entity Instance: Segs7:BLOCO_7seg|registradorGenerico:REG_4
 30. Parameter Settings for User Entity Instance: Segs7:BLOCO_7seg|registradorGenerico:REG_5
 31. Parameter Settings for User Entity Instance: Input:BLOCO_SW
 32. Port Connectivity Checks: "Input:BLOCO_SW|buffer_3_state_8portas:Buffer_sw9"
 33. Port Connectivity Checks: "Input:BLOCO_SW|buffer_3_state_8portas:Buffer_sw8"
 34. Port Connectivity Checks: "Segs7:BLOCO_7seg|conversorHex7Seg:DEC_5"
 35. Port Connectivity Checks: "Segs7:BLOCO_7seg|registradorGenerico:REG_5"
 36. Port Connectivity Checks: "Segs7:BLOCO_7seg|conversorHex7Seg:DEC_4"
 37. Port Connectivity Checks: "Segs7:BLOCO_7seg|registradorGenerico:REG_4"
 38. Port Connectivity Checks: "Segs7:BLOCO_7seg|conversorHex7Seg:DEC_3"
 39. Port Connectivity Checks: "Segs7:BLOCO_7seg|registradorGenerico:REG_3"
 40. Port Connectivity Checks: "Segs7:BLOCO_7seg|conversorHex7Seg:DEC_2"
 41. Port Connectivity Checks: "Segs7:BLOCO_7seg|registradorGenerico:REG_2"
 42. Port Connectivity Checks: "Segs7:BLOCO_7seg|conversorHex7Seg:DEC_1"
 43. Port Connectivity Checks: "Segs7:BLOCO_7seg|registradorGenerico:REG_1"
 44. Port Connectivity Checks: "Segs7:BLOCO_7seg|conversorHex7Seg:DEC_0"
 45. Port Connectivity Checks: "Segs7:BLOCO_7seg|registradorGenerico:REG_0"
 46. Port Connectivity Checks: "LEDs:BLOCO_LEDs|flipflop:FF_9"
 47. Port Connectivity Checks: "LEDs:BLOCO_LEDs|flipflop:FF_8"
 48. Port Connectivity Checks: "LEDs:BLOCO_LEDs|registradorGenerico:REG_07"
 49. Port Connectivity Checks: "processador:Processador|muxGenerico4x2:MUX_JMP"
 50. Port Connectivity Checks: "processador:Processador|registradorGenerico:Salva_Ret"
 51. Port Connectivity Checks: "processador:Processador|flipflop:flag_ula"
 52. Port Connectivity Checks: "processador:Processador|registradorGenerico:PC"
 53. Port Connectivity Checks: "processador:Processador"
 54. Post-Synthesis Netlist Statistics for Top Partition
 55. Elapsed Time Per Partition
 56. Analysis & Synthesis Messages



----------------
; Legal Notice ;
----------------
Copyright (C) 2020  Intel Corporation. All rights reserved.
Your use of Intel Corporation's design tools, logic functions 
and other software and tools, and any partner logic 
functions, and any output files from any of the foregoing 
(including device programming or simulation files), and any 
associated documentation or information are expressly subject 
to the terms and conditions of the Intel Program License 
Subscription Agreement, the Intel Quartus Prime License Agreement,
the Intel FPGA IP License Agreement, or other applicable license
agreement, including, without limitation, that your use is for
the sole purpose of programming logic devices manufactured by
Intel and sold by Intel or its authorized distributors.  Please
refer to the applicable agreement for further details, at
https://fpgasoftware.intel.com/eula.



+-------------------------------------------------------------------------------+
; Analysis & Synthesis Summary                                                  ;
+---------------------------------+---------------------------------------------+
; Analysis & Synthesis Status     ; Successful - Fri Apr  7 18:39:38 2023       ;
; Quartus Prime Version           ; 20.1.0 Build 711 06/05/2020 SJ Lite Edition ;
; Revision Name                   ; contador                                    ;
; Top-level Entity Name           ; contador                                    ;
; Family                          ; Cyclone V                                   ;
; Logic utilization (in ALMs)     ; N/A                                         ;
; Total registers                 ; 0                                           ;
; Total pins                      ; 67                                          ;
; Total virtual pins              ; 0                                           ;
; Total block memory bits         ; 0                                           ;
; Total DSP Blocks                ; 0                                           ;
; Total HSSI RX PCSs              ; 0                                           ;
; Total HSSI PMA RX Deserializers ; 0                                           ;
; Total HSSI TX PCSs              ; 0                                           ;
; Total HSSI PMA TX Serializers   ; 0                                           ;
; Total PLLs                      ; 0                                           ;
; Total DLLs                      ; 0                                           ;
+---------------------------------+---------------------------------------------+


+---------------------------------------------------------------------------------------------------------------------------+
; Analysis & Synthesis Settings                                                                                             ;
+---------------------------------------------------------------------------------+--------------------+--------------------+
; Option                                                                          ; Setting            ; Default Value      ;
+---------------------------------------------------------------------------------+--------------------+--------------------+
; Device                                                                          ; 5CEBA4F23C7        ;                    ;
; Top-level entity name                                                           ; contador           ; contador           ;
; Family name                                                                     ; Cyclone V          ; Cyclone V          ;
; VHDL Show LMF Mapping Messages                                                  ; Off                ;                    ;
; VHDL Version                                                                    ; VHDL_2008          ; VHDL_1993          ;
; Use smart compilation                                                           ; Off                ; Off                ;
; Enable parallel Assembler and Timing Analyzer during compilation                ; On                 ; On                 ;
; Enable compact report table                                                     ; Off                ; Off                ;
; Restructure Multiplexers                                                        ; Auto               ; Auto               ;
; MLAB Add Timing Constraints For Mixed-Port Feed-Through Mode Setting Don't Care ; Off                ; Off                ;
; Create Debugging Nodes for IP Cores                                             ; Off                ; Off                ;
; Preserve fewer node names                                                       ; On                 ; On                 ;
; Intel FPGA IP Evaluation Mode                                                   ; Enable             ; Enable             ;
; Verilog Version                                                                 ; Verilog_2001       ; Verilog_2001       ;
; State Machine Processing                                                        ; Auto               ; Auto               ;
; Safe State Machine                                                              ; Off                ; Off                ;
; Extract Verilog State Machines                                                  ; On                 ; On                 ;
; Extract VHDL State Machines                                                     ; On                 ; On                 ;
; Ignore Verilog initial constructs                                               ; Off                ; Off                ;
; Iteration limit for constant Verilog loops                                      ; 5000               ; 5000               ;
; Iteration limit for non-constant Verilog loops                                  ; 250                ; 250                ;
; Add Pass-Through Logic to Inferred RAMs                                         ; On                 ; On                 ;
; Infer RAMs from Raw Logic                                                       ; On                 ; On                 ;
; Parallel Synthesis                                                              ; On                 ; On                 ;
; DSP Block Balancing                                                             ; Auto               ; Auto               ;
; NOT Gate Push-Back                                                              ; On                 ; On                 ;
; Power-Up Don't Care                                                             ; On                 ; On                 ;
; Remove Redundant Logic Cells                                                    ; Off                ; Off                ;
; Remove Duplicate Registers                                                      ; On                 ; On                 ;
; Ignore CARRY Buffers                                                            ; Off                ; Off                ;
; Ignore CASCADE Buffers                                                          ; Off                ; Off                ;
; Ignore GLOBAL Buffers                                                           ; Off                ; Off                ;
; Ignore ROW GLOBAL Buffers                                                       ; Off                ; Off                ;
; Ignore LCELL Buffers                                                            ; Off                ; Off                ;
; Ignore SOFT Buffers                                                             ; On                 ; On                 ;
; Limit AHDL Integers to 32 Bits                                                  ; Off                ; Off                ;
; Optimization Technique                                                          ; Balanced           ; Balanced           ;
; Carry Chain Length                                                              ; 70                 ; 70                 ;
; Auto Carry Chains                                                               ; On                 ; On                 ;
; Auto Open-Drain Pins                                                            ; On                 ; On                 ;
; Perform WYSIWYG Primitive Resynthesis                                           ; Off                ; Off                ;
; Auto ROM Replacement                                                            ; On                 ; On                 ;
; Auto RAM Replacement                                                            ; On                 ; On                 ;
; Auto DSP Block Replacement                                                      ; On                 ; On                 ;
; Auto Shift Register Replacement                                                 ; Auto               ; Auto               ;
; Allow Shift Register Merging across Hierarchies                                 ; Auto               ; Auto               ;
; Auto Clock Enable Replacement                                                   ; On                 ; On                 ;
; Strict RAM Replacement                                                          ; Off                ; Off                ;
; Allow Synchronous Control Signals                                               ; On                 ; On                 ;
; Force Use of Synchronous Clear Signals                                          ; Off                ; Off                ;
; Auto Resource Sharing                                                           ; Off                ; Off                ;
; Allow Any RAM Size For Recognition                                              ; Off                ; Off                ;
; Allow Any ROM Size For Recognition                                              ; Off                ; Off                ;
; Allow Any Shift Register Size For Recognition                                   ; Off                ; Off                ;
; Use LogicLock Constraints during Resource Balancing                             ; On                 ; On                 ;
; Ignore translate_off and synthesis_off directives                               ; Off                ; Off                ;
; Timing-Driven Synthesis                                                         ; On                 ; On                 ;
; Report Parameter Settings                                                       ; On                 ; On                 ;
; Report Source Assignments                                                       ; On                 ; On                 ;
; Report Connectivity Checks                                                      ; On                 ; On                 ;
; Ignore Maximum Fan-Out Assignments                                              ; Off                ; Off                ;
; Synchronization Register Chain Length                                           ; 3                  ; 3                  ;
; Power Optimization During Synthesis                                             ; Normal compilation ; Normal compilation ;
; HDL message level                                                               ; Level2             ; Level2             ;
; Suppress Register Optimization Related Messages                                 ; Off                ; Off                ;
; Number of Removed Registers Reported in Synthesis Report                        ; 5000               ; 5000               ;
; Number of Swept Nodes Reported in Synthesis Report                              ; 5000               ; 5000               ;
; Number of Inverted Registers Reported in Synthesis Report                       ; 100                ; 100                ;
; Clock MUX Protection                                                            ; On                 ; On                 ;
; Auto Gated Clock Conversion                                                     ; Off                ; Off                ;
; Block Design Naming                                                             ; Auto               ; Auto               ;
; SDC constraint protection                                                       ; Off                ; Off                ;
; Synthesis Effort                                                                ; Auto               ; Auto               ;
; Shift Register Replacement - Allow Asynchronous Clear Signal                    ; On                 ; On                 ;
; Pre-Mapping Resynthesis Optimization                                            ; Off                ; Off                ;
; Analysis & Synthesis Message Level                                              ; Medium             ; Medium             ;
; Disable Register Merging Across Hierarchies                                     ; Auto               ; Auto               ;
; Resource Aware Inference For Block RAM                                          ; On                 ; On                 ;
; Automatic Parallel Synthesis                                                    ; On                 ; On                 ;
; Partial Reconfiguration Bitstream ID                                            ; Off                ; Off                ;
+---------------------------------------------------------------------------------+--------------------+--------------------+


+------------------------------------------+
; Parallel Compilation                     ;
+----------------------------+-------------+
; Processors                 ; Number      ;
+----------------------------+-------------+
; Number detected on machine ; 8           ;
; Maximum allowed            ; 4           ;
;                            ;             ;
; Average used               ; 1.00        ;
; Maximum used               ; 1           ;
;                            ;             ;
; Usage by Processor         ; % Time Used ;
;     Processor 1            ; 100.0%      ;
+----------------------------+-------------+


+---------------------------------------------------------------------------------------------------------------------------------------------------------------------+
; Analysis & Synthesis Source Files Read                                                                                                                              ;
+----------------------------------+-----------------+-----------------+------------------------------------------------------------------------------------+---------+
; File Name with User-Entered Path ; Used in Netlist ; File Type       ; File Name with Absolute Path                                                       ; Library ;
+----------------------------------+-----------------+-----------------+------------------------------------------------------------------------------------+---------+
; ULASomaSub.vhd                   ; yes             ; User VHDL File  ; /home/antonio/Desktop/Desing_Computadores/contador/ULASomaSub.vhd                  ;         ;
; memoriaROM.vhd                   ; yes             ; User VHDL File  ; /home/antonio/Desktop/Desing_Computadores/contador/memoriaROM.vhd                  ;         ;
; memoriaRAM.vhd                   ; yes             ; User VHDL File  ; /home/antonio/Desktop/Desing_Computadores/contador/memoriaRAM.vhd                  ;         ;
; logDesvio.vhd                    ; yes             ; User VHDL File  ; /home/antonio/Desktop/Desing_Computadores/contador/logDesvio.vhd                   ;         ;
; LEDs.vhd                         ; yes             ; User VHDL File  ; /home/antonio/Desktop/Desing_Computadores/contador/LEDs.vhd                        ;         ;
; flipflop.vhd                     ; yes             ; User VHDL File  ; /home/antonio/Desktop/Desing_Computadores/contador/flipflop.vhd                    ;         ;
; somaConstante.vhd                ; yes             ; User VHDL File  ; /home/antonio/Desktop/Desing_Computadores/contador/somaConstante.vhd               ;         ;
; registradorGenerico.vhd          ; yes             ; User VHDL File  ; /home/antonio/Desktop/Desing_Computadores/contador/registradorGenerico.vhd         ;         ;
; processador.vhd                  ; yes             ; User VHDL File  ; /home/antonio/Desktop/Desing_Computadores/contador/processador.vhd                 ;         ;
; muxGenerico4x2.vhd               ; yes             ; User VHDL File  ; /home/antonio/Desktop/Desing_Computadores/contador/muxGenerico4x2.vhd              ;         ;
; muxGenerico2x1.vhd               ; yes             ; User VHDL File  ; /home/antonio/Desktop/Desing_Computadores/contador/muxGenerico2x1.vhd              ;         ;
; edgeDetector.vhd                 ; yes             ; User VHDL File  ; /home/antonio/Desktop/Desing_Computadores/contador/edgeDetector.vhd                ;         ;
; decoderInstru.vhd                ; yes             ; User VHDL File  ; /home/antonio/Desktop/Desing_Computadores/contador/decoderInstru.vhd               ;         ;
; decoder3x8.vhd                   ; yes             ; User VHDL File  ; /home/antonio/Desktop/Desing_Computadores/contador/decoder3x8.vhd                  ;         ;
; conversorHex7Seg.vhd             ; yes             ; User VHDL File  ; /home/antonio/Desktop/Desing_Computadores/contador/conversorHex7Seg.vhd            ;         ;
; contador.vhd                     ; yes             ; User VHDL File  ; /home/antonio/Desktop/Desing_Computadores/contador/contador.vhd                    ;         ;
; Segs7.vhd                        ; yes             ; User VHDL File  ; /home/antonio/Desktop/Desing_Computadores/contador/Segs7.vhd                       ;         ;
; Input.vhd                        ; yes             ; User VHDL File  ; /home/antonio/Desktop/Desing_Computadores/contador/Input.vhd                       ;         ;
; buffer_3_state_8portas.vhd       ; yes             ; User VHDL File  ; /home/antonio/Desktop/Desing_Computadores/contador/buffer_3_state_8portas.vhd      ;         ;
; bancoRegistradoresArqRegMem.vhd  ; yes             ; User VHDL File  ; /home/antonio/Desktop/Desing_Computadores/contador/bancoRegistradoresArqRegMem.vhd ;         ;
+----------------------------------+-----------------+-----------------+------------------------------------------------------------------------------------+---------+


+--------------------------------------------------------+
; Analysis & Synthesis Resource Usage Summary            ;
+---------------------------------------------+----------+
; Resource                                    ; Usage    ;
+---------------------------------------------+----------+
; Estimate of Logic utilization (ALMs needed) ; 0        ;
;                                             ;          ;
; Combinational ALUT usage for logic          ; 0        ;
;     -- 7 input functions                    ; 0        ;
;     -- 6 input functions                    ; 0        ;
;     -- 5 input functions                    ; 0        ;
;     -- 4 input functions                    ; 0        ;
;     -- <=3 input functions                  ; 0        ;
;                                             ;          ;
; Dedicated logic registers                   ; 0        ;
;                                             ;          ;
; I/O pins                                    ; 67       ;
;                                             ;          ;
; Total DSP Blocks                            ; 0        ;
;                                             ;          ;
; Maximum fan-out node                        ; CLOCK_50 ;
; Maximum fan-out                             ; 1        ;
; Total fan-out                               ; 67       ;
; Average fan-out                             ; 0.50     ;
+---------------------------------------------+----------+


+----------------------------------------------------------------------------------------------------------------------------------------------------------------------------------------+
; Analysis & Synthesis Resource Utilization by Entity                                                                                                                                    ;
+----------------------------+---------------------+---------------------------+-------------------+------------+------+--------------+---------------------+-------------+--------------+
; Compilation Hierarchy Node ; Combinational ALUTs ; Dedicated Logic Registers ; Block Memory Bits ; DSP Blocks ; Pins ; Virtual Pins ; Full Hierarchy Name ; Entity Name ; Library Name ;
+----------------------------+---------------------+---------------------------+-------------------+------------+------+--------------+---------------------+-------------+--------------+
; |contador                  ; 0 (0)               ; 0 (0)                     ; 0                 ; 0          ; 67   ; 0            ; |contador           ; contador    ; work         ;
+----------------------------+---------------------+---------------------------+-------------------+------------+------+--------------+---------------------+-------------+--------------+
Note: For table entries with two numbers listed, the numbers in parentheses indicate the number of resources of the given type used by the specific entity alone. The numbers listed outside of parentheses indicate the total resources of the given type used by the specific entity and all of its sub-entities in the hierarchy.


+----------------------------------------------------------------------------------------------------------------+
; Registers Removed During Synthesis                                                                             ;
+------------------------------------------------------------------+---------------------------------------------+
; Register name                                                    ; Reason for Removal                          ;
+------------------------------------------------------------------+---------------------------------------------+
; Segs7:BLOCO_7seg|registradorGenerico:REG_5|DOUT[0..3]            ; Stuck at GND due to stuck port clock_enable ;
; Segs7:BLOCO_7seg|registradorGenerico:REG_4|DOUT[0..3]            ; Stuck at GND due to stuck port clock_enable ;
; Segs7:BLOCO_7seg|registradorGenerico:REG_3|DOUT[0..3]            ; Stuck at GND due to stuck port clock_enable ;
; Segs7:BLOCO_7seg|registradorGenerico:REG_2|DOUT[0..3]            ; Stuck at GND due to stuck port clock_enable ;
; Segs7:BLOCO_7seg|registradorGenerico:REG_1|DOUT[0..3]            ; Stuck at GND due to stuck port clock_enable ;
; Segs7:BLOCO_7seg|registradorGenerico:REG_0|DOUT[0..3]            ; Stuck at GND due to stuck port clock_enable ;
; LEDs:BLOCO_LEDs|flipflop:FF_9|DOUT                               ; Stuck at GND due to stuck port clock_enable ;
; LEDs:BLOCO_LEDs|flipflop:FF_8|DOUT                               ; Stuck at GND due to stuck port clock_enable ;
; LEDs:BLOCO_LEDs|registradorGenerico:REG_07|DOUT[0..7]            ; Stuck at GND due to stuck port clock_enable ;
; processador:Processador|registradorGenerico:Salva_Ret|DOUT[0..8] ; Lost fanout                                 ;
; processador:Processador|flipflop:flag_ula|DOUT                   ; Lost fanout                                 ;
; processador:Processador|registradorGenerico:PC|DOUT[0..8]        ; Lost fanout                                 ;
; edgeDetector:\gravar:detectorSub0|saidaQ                         ; Lost fanout                                 ;
; Total Number of Removed Registers = 54                           ;                                             ;
+------------------------------------------------------------------+---------------------------------------------+


+----------------------------------------------------------------------------------------------------------------------------------------------------------+
; Removed Registers Triggering Further Register Optimizations                                                                                              ;
+---------------------------------------------------------------+--------------------------------+---------------------------------------------------------+
; Register name                                                 ; Reason for Removal             ; Registers Removed due to This Register                  ;
+---------------------------------------------------------------+--------------------------------+---------------------------------------------------------+
; processador:Processador|flipflop:flag_ula|DOUT                ; Lost Fanouts                   ; processador:Processador|registradorGenerico:PC|DOUT[4], ;
;                                                               ;                                ; processador:Processador|registradorGenerico:PC|DOUT[3], ;
;                                                               ;                                ; processador:Processador|registradorGenerico:PC|DOUT[2]  ;
; Segs7:BLOCO_7seg|registradorGenerico:REG_5|DOUT[3]            ; Stuck at GND                   ; processador:Processador|registradorGenerico:PC|DOUT[1], ;
;                                                               ; due to stuck port clock_enable ; processador:Processador|registradorGenerico:PC|DOUT[0]  ;
; processador:Processador|registradorGenerico:Salva_Ret|DOUT[8] ; Lost Fanouts                   ; edgeDetector:\gravar:detectorSub0|saidaQ                ;
+---------------------------------------------------------------+--------------------------------+---------------------------------------------------------+


+------------------------------------------------------+
; General Register Statistics                          ;
+----------------------------------------------+-------+
; Statistic                                    ; Value ;
+----------------------------------------------+-------+
; Total registers                              ; 0     ;
; Number of registers using Synchronous Clear  ; 0     ;
; Number of registers using Synchronous Load   ; 0     ;
; Number of registers using Asynchronous Clear ; 0     ;
; Number of registers using Asynchronous Load  ; 0     ;
; Number of registers using Clock Enable       ; 0     ;
; Number of registers using Preset             ; 0     ;
+----------------------------------------------+-------+


+--------------------------------------------------------------------------+
; Parameter Settings for User Entity Instance: Top-level Entity: |contador ;
+------------------+-------+-----------------------------------------------+
; Parameter Name   ; Value ; Type                                          ;
+------------------+-------+-----------------------------------------------+
; larguraDados     ; 8     ; Signed Integer                                ;
; larguraEnderecos ; 9     ; Signed Integer                                ;
; larguraPalavra   ; 12    ; Signed Integer                                ;
; simulacao        ; false ; Enumerated                                    ;
+------------------+-------+-----------------------------------------------+
Note: In order to hide this table in the UI and the text report file, please set the "Show Parameter Settings in Synthesis Report" option in "Analysis and Synthesis Settings -> More Settings" to "Off".


+----------------------------------------------------------------------+
; Parameter Settings for User Entity Instance: processador:Processador ;
+------------------+-------+-------------------------------------------+
; Parameter Name   ; Value ; Type                                      ;
+------------------+-------+-------------------------------------------+
; larguradados     ; 8     ; Signed Integer                            ;
; larguraenderecos ; 9     ; Signed Integer                            ;
; largurapalavra   ; 12    ; Signed Integer                            ;
+------------------+-------+-------------------------------------------+
Note: In order to hide this table in the UI and the text report file, please set the "Show Parameter Settings in Synthesis Report" option in "Analysis and Synthesis Settings -> More Settings" to "Off".


+------------------------------------------------------------------------------------------+
; Parameter Settings for User Entity Instance: processador:Processador|muxGenerico2x1:MUX1 ;
+----------------+-------+-----------------------------------------------------------------+
; Parameter Name ; Value ; Type                                                            ;
+----------------+-------+-----------------------------------------------------------------+
; larguradados   ; 8     ; Signed Integer                                                  ;
+----------------+-------+-----------------------------------------------------------------+
Note: In order to hide this table in the UI and the text report file, please set the "Show Parameter Settings in Synthesis Report" option in "Analysis and Synthesis Settings -> More Settings" to "Off".


+------------------------------------------------------------------------------------------------------------+
; Parameter Settings for User Entity Instance: processador:Processador|bancoRegistradoresArqRegMem:Banco_Reg ;
+---------------------+-------+------------------------------------------------------------------------------+
; Parameter Name      ; Value ; Type                                                                         ;
+---------------------+-------+------------------------------------------------------------------------------+
; larguradados        ; 8     ; Signed Integer                                                               ;
; larguraendbancoregs ; 2     ; Signed Integer                                                               ;
+---------------------+-------+------------------------------------------------------------------------------+
Note: In order to hide this table in the UI and the text report file, please set the "Show Parameter Settings in Synthesis Report" option in "Analysis and Synthesis Settings -> More Settings" to "Off".


+---------------------------------------------------------------------------------------------+
; Parameter Settings for User Entity Instance: processador:Processador|registradorGenerico:PC ;
+----------------+-------+--------------------------------------------------------------------+
; Parameter Name ; Value ; Type                                                               ;
+----------------+-------+--------------------------------------------------------------------+
; larguradados   ; 9     ; Signed Integer                                                     ;
+----------------+-------+--------------------------------------------------------------------+
Note: In order to hide this table in the UI and the text report file, please set the "Show Parameter Settings in Synthesis Report" option in "Analysis and Synthesis Settings -> More Settings" to "Off".


+-------------------------------------------------------------------------------------------------+
; Parameter Settings for User Entity Instance: processador:Processador|somaConstante:incrementaPC ;
+----------------+-------+------------------------------------------------------------------------+
; Parameter Name ; Value ; Type                                                                   ;
+----------------+-------+------------------------------------------------------------------------+
; larguradados   ; 9     ; Signed Integer                                                         ;
; constante      ; 1     ; Signed Integer                                                         ;
+----------------+-------+------------------------------------------------------------------------+
Note: In order to hide this table in the UI and the text report file, please set the "Show Parameter Settings in Synthesis Report" option in "Analysis and Synthesis Settings -> More Settings" to "Off".


+--------------------------------------------------------------------------------------+
; Parameter Settings for User Entity Instance: processador:Processador|ULASomaSub:ULA1 ;
+----------------+-------+-------------------------------------------------------------+
; Parameter Name ; Value ; Type                                                        ;
+----------------+-------+-------------------------------------------------------------+
; larguradados   ; 8     ; Signed Integer                                              ;
+----------------+-------+-------------------------------------------------------------+
Note: In order to hide this table in the UI and the text report file, please set the "Show Parameter Settings in Synthesis Report" option in "Analysis and Synthesis Settings -> More Settings" to "Off".


+--------------------------------------------------------------------------------------+
; Parameter Settings for User Entity Instance: processador:Processador|memoriaROM:ROM1 ;
+----------------+-------+-------------------------------------------------------------+
; Parameter Name ; Value ; Type                                                        ;
+----------------+-------+-------------------------------------------------------------+
; datawidth      ; 15    ; Signed Integer                                              ;
; addrwidth      ; 9     ; Signed Integer                                              ;
+----------------+-------+-------------------------------------------------------------+
Note: In order to hide this table in the UI and the text report file, please set the "Show Parameter Settings in Synthesis Report" option in "Analysis and Synthesis Settings -> More Settings" to "Off".


+----------------------------------------------------------------------------------------------------+
; Parameter Settings for User Entity Instance: processador:Processador|registradorGenerico:Salva_Ret ;
+----------------+-------+---------------------------------------------------------------------------+
; Parameter Name ; Value ; Type                                                                      ;
+----------------+-------+---------------------------------------------------------------------------+
; larguradados   ; 9     ; Signed Integer                                                            ;
+----------------+-------+---------------------------------------------------------------------------+
Note: In order to hide this table in the UI and the text report file, please set the "Show Parameter Settings in Synthesis Report" option in "Analysis and Synthesis Settings -> More Settings" to "Off".


+---------------------------------------------------------------------------------------------+
; Parameter Settings for User Entity Instance: processador:Processador|muxGenerico4x2:MUX_JMP ;
+----------------+-------+--------------------------------------------------------------------+
; Parameter Name ; Value ; Type                                                               ;
+----------------+-------+--------------------------------------------------------------------+
; larguradados   ; 9     ; Signed Integer                                                     ;
+----------------+-------+--------------------------------------------------------------------+
Note: In order to hide this table in the UI and the text report file, please set the "Show Parameter Settings in Synthesis Report" option in "Analysis and Synthesis Settings -> More Settings" to "Off".


+-------------------------------------------------------------+
; Parameter Settings for User Entity Instance: memoriaRAM:RAM ;
+----------------+-------+------------------------------------+
; Parameter Name ; Value ; Type                               ;
+----------------+-------+------------------------------------+
; datawidth      ; 8     ; Signed Integer                     ;
; addrwidth      ; 6     ; Signed Integer                     ;
+----------------+-------+------------------------------------+
Note: In order to hide this table in the UI and the text report file, please set the "Show Parameter Settings in Synthesis Report" option in "Analysis and Synthesis Settings -> More Settings" to "Off".


+--------------------------------------------------------------+
; Parameter Settings for User Entity Instance: LEDs:BLOCO_LEDs ;
+----------------+-------+-------------------------------------+
; Parameter Name ; Value ; Type                                ;
+----------------+-------+-------------------------------------+
; larguradados   ; 8     ; Signed Integer                      ;
+----------------+-------+-------------------------------------+
Note: In order to hide this table in the UI and the text report file, please set the "Show Parameter Settings in Synthesis Report" option in "Analysis and Synthesis Settings -> More Settings" to "Off".


+-----------------------------------------------------------------------------------------+
; Parameter Settings for User Entity Instance: LEDs:BLOCO_LEDs|registradorGenerico:REG_07 ;
+----------------+-------+----------------------------------------------------------------+
; Parameter Name ; Value ; Type                                                           ;
+----------------+-------+----------------------------------------------------------------+
; larguradados   ; 8     ; Signed Integer                                                 ;
+----------------+-------+----------------------------------------------------------------+
Note: In order to hide this table in the UI and the text report file, please set the "Show Parameter Settings in Synthesis Report" option in "Analysis and Synthesis Settings -> More Settings" to "Off".


+---------------------------------------------------------------+
; Parameter Settings for User Entity Instance: Segs7:BLOCO_7seg ;
+----------------+-------+--------------------------------------+
; Parameter Name ; Value ; Type                                 ;
+----------------+-------+--------------------------------------+
; larguradados   ; 4     ; Signed Integer                       ;
+----------------+-------+--------------------------------------+
Note: In order to hide this table in the UI and the text report file, please set the "Show Parameter Settings in Synthesis Report" option in "Analysis and Synthesis Settings -> More Settings" to "Off".


+-----------------------------------------------------------------------------------------+
; Parameter Settings for User Entity Instance: Segs7:BLOCO_7seg|registradorGenerico:REG_0 ;
+----------------+-------+----------------------------------------------------------------+
; Parameter Name ; Value ; Type                                                           ;
+----------------+-------+----------------------------------------------------------------+
; larguradados   ; 4     ; Signed Integer                                                 ;
+----------------+-------+----------------------------------------------------------------+
Note: In order to hide this table in the UI and the text report file, please set the "Show Parameter Settings in Synthesis Report" option in "Analysis and Synthesis Settings -> More Settings" to "Off".


+-----------------------------------------------------------------------------------------+
; Parameter Settings for User Entity Instance: Segs7:BLOCO_7seg|registradorGenerico:REG_1 ;
+----------------+-------+----------------------------------------------------------------+
; Parameter Name ; Value ; Type                                                           ;
+----------------+-------+----------------------------------------------------------------+
; larguradados   ; 4     ; Signed Integer                                                 ;
+----------------+-------+----------------------------------------------------------------+
Note: In order to hide this table in the UI and the text report file, please set the "Show Parameter Settings in Synthesis Report" option in "Analysis and Synthesis Settings -> More Settings" to "Off".


+-----------------------------------------------------------------------------------------+
; Parameter Settings for User Entity Instance: Segs7:BLOCO_7seg|registradorGenerico:REG_2 ;
+----------------+-------+----------------------------------------------------------------+
; Parameter Name ; Value ; Type                                                           ;
+----------------+-------+----------------------------------------------------------------+
; larguradados   ; 4     ; Signed Integer                                                 ;
+----------------+-------+----------------------------------------------------------------+
Note: In order to hide this table in the UI and the text report file, please set the "Show Parameter Settings in Synthesis Report" option in "Analysis and Synthesis Settings -> More Settings" to "Off".


+-----------------------------------------------------------------------------------------+
; Parameter Settings for User Entity Instance: Segs7:BLOCO_7seg|registradorGenerico:REG_3 ;
+----------------+-------+----------------------------------------------------------------+
; Parameter Name ; Value ; Type                                                           ;
+----------------+-------+----------------------------------------------------------------+
; larguradados   ; 4     ; Signed Integer                                                 ;
+----------------+-------+----------------------------------------------------------------+
Note: In order to hide this table in the UI and the text report file, please set the "Show Parameter Settings in Synthesis Report" option in "Analysis and Synthesis Settings -> More Settings" to "Off".


+-----------------------------------------------------------------------------------------+
; Parameter Settings for User Entity Instance: Segs7:BLOCO_7seg|registradorGenerico:REG_4 ;
+----------------+-------+----------------------------------------------------------------+
; Parameter Name ; Value ; Type                                                           ;
+----------------+-------+----------------------------------------------------------------+
; larguradados   ; 4     ; Signed Integer                                                 ;
+----------------+-------+----------------------------------------------------------------+
Note: In order to hide this table in the UI and the text report file, please set the "Show Parameter Settings in Synthesis Report" option in "Analysis and Synthesis Settings -> More Settings" to "Off".


+-----------------------------------------------------------------------------------------+
; Parameter Settings for User Entity Instance: Segs7:BLOCO_7seg|registradorGenerico:REG_5 ;
+----------------+-------+----------------------------------------------------------------+
; Parameter Name ; Value ; Type                                                           ;
+----------------+-------+----------------------------------------------------------------+
; larguradados   ; 4     ; Signed Integer                                                 ;
+----------------+-------+----------------------------------------------------------------+
Note: In order to hide this table in the UI and the text report file, please set the "Show Parameter Settings in Synthesis Report" option in "Analysis and Synthesis Settings -> More Settings" to "Off".


+-------------------------------------------------------------+
; Parameter Settings for User Entity Instance: Input:BLOCO_SW ;
+----------------+-------+------------------------------------+
; Parameter Name ; Value ; Type                               ;
+----------------+-------+------------------------------------+
; larguradados   ; 8     ; Signed Integer                     ;
+----------------+-------+------------------------------------+
Note: In order to hide this table in the UI and the text report file, please set the "Show Parameter Settings in Synthesis Report" option in "Analysis and Synthesis Settings -> More Settings" to "Off".


+------------------------------------------------------------------------------+
; Port Connectivity Checks: "Input:BLOCO_SW|buffer_3_state_8portas:Buffer_sw9" ;
+---------------+-------+----------+-------------------------------------------+
; Port          ; Type  ; Severity ; Details                                   ;
+---------------+-------+----------+-------------------------------------------+
; entrada[7..1] ; Input ; Info     ; Stuck at GND                              ;
+---------------+-------+----------+-------------------------------------------+


+------------------------------------------------------------------------------+
; Port Connectivity Checks: "Input:BLOCO_SW|buffer_3_state_8portas:Buffer_sw8" ;
+---------------+-------+----------+-------------------------------------------+
; Port          ; Type  ; Severity ; Details                                   ;
+---------------+-------+----------+-------------------------------------------+
; entrada[7..1] ; Input ; Info     ; Stuck at GND                              ;
+---------------+-------+----------+-------------------------------------------+


+---------------------------------------------------------------------+
; Port Connectivity Checks: "Segs7:BLOCO_7seg|conversorHex7Seg:DEC_5" ;
+----------+-------+----------+---------------------------------------+
; Port     ; Type  ; Severity ; Details                               ;
+----------+-------+----------+---------------------------------------+
; apaga    ; Input ; Info     ; Stuck at GND                          ;
; negativo ; Input ; Info     ; Stuck at GND                          ;
; overflow ; Input ; Info     ; Stuck at GND                          ;
+----------+-------+----------+---------------------------------------+


+------------------------------------------------------------------------+
; Port Connectivity Checks: "Segs7:BLOCO_7seg|registradorGenerico:REG_5" ;
+------+-------+----------+----------------------------------------------+
; Port ; Type  ; Severity ; Details                                      ;
+------+-------+----------+----------------------------------------------+
; rst  ; Input ; Info     ; Stuck at GND                                 ;
+------+-------+----------+----------------------------------------------+


+---------------------------------------------------------------------+
; Port Connectivity Checks: "Segs7:BLOCO_7seg|conversorHex7Seg:DEC_4" ;
+----------+-------+----------+---------------------------------------+
; Port     ; Type  ; Severity ; Details                               ;
+----------+-------+----------+---------------------------------------+
; apaga    ; Input ; Info     ; Stuck at GND                          ;
; negativo ; Input ; Info     ; Stuck at GND                          ;
; overflow ; Input ; Info     ; Stuck at GND                          ;
+----------+-------+----------+---------------------------------------+


+------------------------------------------------------------------------+
; Port Connectivity Checks: "Segs7:BLOCO_7seg|registradorGenerico:REG_4" ;
+------+-------+----------+----------------------------------------------+
; Port ; Type  ; Severity ; Details                                      ;
+------+-------+----------+----------------------------------------------+
; rst  ; Input ; Info     ; Stuck at GND                                 ;
+------+-------+----------+----------------------------------------------+


+---------------------------------------------------------------------+
; Port Connectivity Checks: "Segs7:BLOCO_7seg|conversorHex7Seg:DEC_3" ;
+----------+-------+----------+---------------------------------------+
; Port     ; Type  ; Severity ; Details                               ;
+----------+-------+----------+---------------------------------------+
; apaga    ; Input ; Info     ; Stuck at GND                          ;
; negativo ; Input ; Info     ; Stuck at GND                          ;
; overflow ; Input ; Info     ; Stuck at GND                          ;
+----------+-------+----------+---------------------------------------+


+------------------------------------------------------------------------+
; Port Connectivity Checks: "Segs7:BLOCO_7seg|registradorGenerico:REG_3" ;
+------+-------+----------+----------------------------------------------+
; Port ; Type  ; Severity ; Details                                      ;
+------+-------+----------+----------------------------------------------+
; rst  ; Input ; Info     ; Stuck at GND                                 ;
+------+-------+----------+----------------------------------------------+


+---------------------------------------------------------------------+
; Port Connectivity Checks: "Segs7:BLOCO_7seg|conversorHex7Seg:DEC_2" ;
+----------+-------+----------+---------------------------------------+
; Port     ; Type  ; Severity ; Details                               ;
+----------+-------+----------+---------------------------------------+
; apaga    ; Input ; Info     ; Stuck at GND                          ;
; negativo ; Input ; Info     ; Stuck at GND                          ;
; overflow ; Input ; Info     ; Stuck at GND                          ;
+----------+-------+----------+---------------------------------------+


+------------------------------------------------------------------------+
; Port Connectivity Checks: "Segs7:BLOCO_7seg|registradorGenerico:REG_2" ;
+------+-------+----------+----------------------------------------------+
; Port ; Type  ; Severity ; Details                                      ;
+------+-------+----------+----------------------------------------------+
; rst  ; Input ; Info     ; Stuck at GND                                 ;
+------+-------+----------+----------------------------------------------+


+---------------------------------------------------------------------+
; Port Connectivity Checks: "Segs7:BLOCO_7seg|conversorHex7Seg:DEC_1" ;
+----------+-------+----------+---------------------------------------+
; Port     ; Type  ; Severity ; Details                               ;
+----------+-------+----------+---------------------------------------+
; apaga    ; Input ; Info     ; Stuck at GND                          ;
; negativo ; Input ; Info     ; Stuck at GND                          ;
; overflow ; Input ; Info     ; Stuck at GND                          ;
+----------+-------+----------+---------------------------------------+


+------------------------------------------------------------------------+
; Port Connectivity Checks: "Segs7:BLOCO_7seg|registradorGenerico:REG_1" ;
+------+-------+----------+----------------------------------------------+
; Port ; Type  ; Severity ; Details                                      ;
+------+-------+----------+----------------------------------------------+
; rst  ; Input ; Info     ; Stuck at GND                                 ;
+------+-------+----------+----------------------------------------------+


+---------------------------------------------------------------------+
; Port Connectivity Checks: "Segs7:BLOCO_7seg|conversorHex7Seg:DEC_0" ;
+----------+-------+----------+---------------------------------------+
; Port     ; Type  ; Severity ; Details                               ;
+----------+-------+----------+---------------------------------------+
; apaga    ; Input ; Info     ; Stuck at GND                          ;
; negativo ; Input ; Info     ; Stuck at GND                          ;
; overflow ; Input ; Info     ; Stuck at GND                          ;
+----------+-------+----------+---------------------------------------+


+------------------------------------------------------------------------+
; Port Connectivity Checks: "Segs7:BLOCO_7seg|registradorGenerico:REG_0" ;
+------+-------+----------+----------------------------------------------+
; Port ; Type  ; Severity ; Details                                      ;
+------+-------+----------+----------------------------------------------+
; rst  ; Input ; Info     ; Stuck at GND                                 ;
+------+-------+----------+----------------------------------------------+


+-----------------------------------------------------------+
; Port Connectivity Checks: "LEDs:BLOCO_LEDs|flipflop:FF_9" ;
+------+-------+----------+---------------------------------+
; Port ; Type  ; Severity ; Details                         ;
+------+-------+----------+---------------------------------+
; rst  ; Input ; Info     ; Stuck at GND                    ;
+------+-------+----------+---------------------------------+


+-----------------------------------------------------------+
; Port Connectivity Checks: "LEDs:BLOCO_LEDs|flipflop:FF_8" ;
+------+-------+----------+---------------------------------+
; Port ; Type  ; Severity ; Details                         ;
+------+-------+----------+---------------------------------+
; rst  ; Input ; Info     ; Stuck at GND                    ;
+------+-------+----------+---------------------------------+


+------------------------------------------------------------------------+
; Port Connectivity Checks: "LEDs:BLOCO_LEDs|registradorGenerico:REG_07" ;
+------+-------+----------+----------------------------------------------+
; Port ; Type  ; Severity ; Details                                      ;
+------+-------+----------+----------------------------------------------+
; rst  ; Input ; Info     ; Stuck at GND                                 ;
+------+-------+----------+----------------------------------------------+


+----------------------------------------------------------------------------+
; Port Connectivity Checks: "processador:Processador|muxGenerico4x2:MUX_JMP" ;
+-----------+-------+----------+---------------------------------------------+
; Port      ; Type  ; Severity ; Details                                     ;
+-----------+-------+----------+---------------------------------------------+
; entrada11 ; Input ; Info     ; Stuck at GND                                ;
+-----------+-------+----------+---------------------------------------------+


+-----------------------------------------------------------------------------------+
; Port Connectivity Checks: "processador:Processador|registradorGenerico:Salva_Ret" ;
+------+-------+----------+---------------------------------------------------------+
; Port ; Type  ; Severity ; Details                                                 ;
+------+-------+----------+---------------------------------------------------------+
; rst  ; Input ; Info     ; Stuck at GND                                            ;
+------+-------+----------+---------------------------------------------------------+


+-----------------------------------------------------------------------+
; Port Connectivity Checks: "processador:Processador|flipflop:flag_ula" ;
+------+-------+----------+---------------------------------------------+
; Port ; Type  ; Severity ; Details                                     ;
+------+-------+----------+---------------------------------------------+
; rst  ; Input ; Info     ; Stuck at GND                                ;
+------+-------+----------+---------------------------------------------+


+----------------------------------------------------------------------------+
; Port Connectivity Checks: "processador:Processador|registradorGenerico:PC" ;
+--------+-------+----------+------------------------------------------------+
; Port   ; Type  ; Severity ; Details                                        ;
+--------+-------+----------+------------------------------------------------+
; enable ; Input ; Info     ; Stuck at VCC                                   ;
; rst    ; Input ; Info     ; Stuck at GND                                   ;
+--------+-------+----------+------------------------------------------------+


+----------------------------------------------------------------------------------------------------------------------------------+
; Port Connectivity Checks: "processador:Processador"                                                                              ;
+------------------------+--------+----------+-------------------------------------------------------------------------------------+
; Port                   ; Type   ; Severity ; Details                                                                             ;
+------------------------+--------+----------+-------------------------------------------------------------------------------------+
; barramento_ctrl[11..2] ; Output ; Info     ; Connected to dangling logic. Logic that only feeds a dangling port will be removed. ;
; pc_out                 ; Output ; Info     ; Connected to dangling logic. Logic that only feeds a dangling port will be removed. ;
+------------------------+--------+----------+-------------------------------------------------------------------------------------+


+-----------------------------------------------------+
; Post-Synthesis Netlist Statistics for Top Partition ;
+-----------------------+-----------------------------+
; Type                  ; Count                       ;
+-----------------------+-----------------------------+
; arriav_lcell_comb     ; 2                           ;
;     normal            ; 2                           ;
;         0 data inputs ; 2                           ;
; boundary_port         ; 67                          ;
;                       ;                             ;
; Max LUT depth         ; 0.00                        ;
; Average LUT depth     ; 0.00                        ;
+-----------------------+-----------------------------+


+-------------------------------+
; Elapsed Time Per Partition    ;
+----------------+--------------+
; Partition Name ; Elapsed Time ;
+----------------+--------------+
; Top            ; 00:00:00     ;
+----------------+--------------+


+-------------------------------+
; Analysis & Synthesis Messages ;
+-------------------------------+
Info: *******************************************************************
Info: Running Quartus Prime Analysis & Synthesis
    Info: Version 20.1.0 Build 711 06/05/2020 SJ Lite Edition
    Info: Processing started: Fri Apr  7 18:39:31 2023
Info: Command: quartus_map --read_settings_files=on --write_settings_files=off contador -c contador
Warning (18236): Number of processors has not been specified which may cause overloading on shared machines.  Set the global assignment NUM_PARALLEL_PROCESSORS in your QSF to an appropriate value for best performance.
Info (20030): Parallel compilation is enabled and will use 4 of the 4 processors detected
Info (12021): Found 2 design units, including 1 entities, in source file ULASomaSub.vhd
    Info (12022): Found design unit 1: ULASomaSub-comportamento File: /home/antonio/Desktop/Desing_Computadores/contador/ULASomaSub.vhd Line: 15
    Info (12023): Found entity 1: ULASomaSub File: /home/antonio/Desktop/Desing_Computadores/contador/ULASomaSub.vhd Line: 5
Info (12021): Found 2 design units, including 1 entities, in source file memoriaROM.vhd
    Info (12022): Found design unit 1: memoriaROM-assincrona File: /home/antonio/Desktop/Desing_Computadores/contador/memoriaROM.vhd Line: 16
    Info (12023): Found entity 1: memoriaROM File: /home/antonio/Desktop/Desing_Computadores/contador/memoriaROM.vhd Line: 5
Info (12021): Found 2 design units, including 1 entities, in source file memoriaRAM.vhd
    Info (12022): Found design unit 1: memoriaRAM-rtl File: /home/antonio/Desktop/Desing_Computadores/contador/memoriaRAM.vhd Line: 21
    Info (12023): Found entity 1: memoriaRAM File: /home/antonio/Desktop/Desing_Computadores/contador/memoriaRAM.vhd Line: 5
Info (12021): Found 2 design units, including 1 entities, in source file logDesvio.vhd
    Info (12022): Found design unit 1: logDesvio-comportamento File: /home/antonio/Desktop/Desing_Computadores/contador/logDesvio.vhd Line: 14
    Info (12023): Found entity 1: logDesvio File: /home/antonio/Desktop/Desing_Computadores/contador/logDesvio.vhd Line: 4
Info (12021): Found 2 design units, including 1 entities, in source file LEDs.vhd
    Info (12022): Found design unit 1: LEDs-comportamento File: /home/antonio/Desktop/Desing_Computadores/contador/LEDs.vhd Line: 16
    Info (12023): Found entity 1: LEDs File: /home/antonio/Desktop/Desing_Computadores/contador/LEDs.vhd Line: 4
Info (12021): Found 2 design units, including 1 entities, in source file flipflop.vhd
    Info (12022): Found design unit 1: flipflop-comportamento File: /home/antonio/Desktop/Desing_Computadores/contador/flipflop.vhd Line: 14
    Info (12023): Found entity 1: flipflop File: /home/antonio/Desktop/Desing_Computadores/contador/flipflop.vhd Line: 5
Info (12021): Found 2 design units, including 1 entities, in source file somaConstante.vhd
    Info (12022): Found design unit 1: somaConstante-comportamento File: /home/antonio/Desktop/Desing_Computadores/contador/somaConstante.vhd Line: 18
    Info (12023): Found entity 1: somaConstante File: /home/antonio/Desktop/Desing_Computadores/contador/somaConstante.vhd Line: 5
Info (12021): Found 2 design units, including 1 entities, in source file registradorGenerico.vhd
    Info (12022): Found design unit 1: registradorGenerico-comportamento File: /home/antonio/Desktop/Desing_Computadores/contador/registradorGenerico.vhd Line: 15
    Info (12023): Found entity 1: registradorGenerico File: /home/antonio/Desktop/Desing_Computadores/contador/registradorGenerico.vhd Line: 4
Info (12021): Found 2 design units, including 1 entities, in source file processador.vhd
    Info (12022): Found design unit 1: processador-arquiteturaa File: /home/antonio/Desktop/Desing_Computadores/contador/processador.vhd Line: 21
    Info (12023): Found entity 1: processador File: /home/antonio/Desktop/Desing_Computadores/contador/processador.vhd Line: 4
Info (12021): Found 2 design units, including 1 entities, in source file muxGenerico4x2.vhd
    Info (12022): Found design unit 1: muxGenerico4x2-comportamento File: /home/antonio/Desktop/Desing_Computadores/contador/muxGenerico4x2.vhd Line: 14
    Info (12023): Found entity 1: muxGenerico4x2 File: /home/antonio/Desktop/Desing_Computadores/contador/muxGenerico4x2.vhd Line: 4
Info (12021): Found 2 design units, including 1 entities, in source file muxGenerico2x1.vhd
    Info (12022): Found design unit 1: muxGenerico2x1-comportamento File: /home/antonio/Desktop/Desing_Computadores/contador/muxGenerico2x1.vhd Line: 14
    Info (12023): Found entity 1: muxGenerico2x1 File: /home/antonio/Desktop/Desing_Computadores/contador/muxGenerico2x1.vhd Line: 4
Info (12021): Found 3 design units, including 1 entities, in source file edgeDetector.vhd
    Info (12022): Found design unit 1: edgeDetector-bordaSubida File: /home/antonio/Desktop/Desing_Computadores/contador/edgeDetector.vhd Line: 10
    Info (12022): Found design unit 2: edgeDetector-bordaDescida File: /home/antonio/Desktop/Desing_Computadores/contador/edgeDetector.vhd Line: 23
    Info (12023): Found entity 1: edgeDetector File: /home/antonio/Desktop/Desing_Computadores/contador/edgeDetector.vhd Line: 4
Info (12021): Found 2 design units, including 1 entities, in source file decoderInstru.vhd
    Info (12022): Found design unit 1: decoderInstru-comportamento File: /home/antonio/Desktop/Desing_Computadores/contador/decoderInstru.vhd Line: 10
    Info (12023): Found entity 1: decoderInstru File: /home/antonio/Desktop/Desing_Computadores/contador/decoderInstru.vhd Line: 4
Info (12021): Found 2 design units, including 1 entities, in source file decoder3x8.vhd
    Info (12022): Found design unit 1: decoder3x8-comportamento File: /home/antonio/Desktop/Desing_Computadores/contador/decoder3x8.vhd Line: 10
    Info (12023): Found entity 1: decoder3x8 File: /home/antonio/Desktop/Desing_Computadores/contador/decoder3x8.vhd Line: 4
Info (12021): Found 2 design units, including 1 entities, in source file conversorHex7Seg.vhd
    Info (12022): Found design unit 1: conversorHex7Seg-comportamento File: /home/antonio/Desktop/Desing_Computadores/contador/conversorHex7Seg.vhd Line: 17
    Info (12023): Found entity 1: conversorHex7Seg File: /home/antonio/Desktop/Desing_Computadores/contador/conversorHex7Seg.vhd Line: 4
Info (12021): Found 2 design units, including 1 entities, in source file contador.vhd
    Info (12022): Found design unit 1: contador-arquitetura File: /home/antonio/Desktop/Desing_Computadores/contador/contador.vhd Line: 23
    Info (12023): Found entity 1: contador File: /home/antonio/Desktop/Desing_Computadores/contador/contador.vhd Line: 5
Info (12021): Found 2 design units, including 1 entities, in source file Segs7.vhd
    Info (12022): Found design unit 1: Segs7-comportamento File: /home/antonio/Desktop/Desing_Computadores/contador/Segs7.vhd Line: 15
    Info (12023): Found entity 1: Segs7 File: /home/antonio/Desktop/Desing_Computadores/contador/Segs7.vhd Line: 4
Info (12021): Found 2 design units, including 1 entities, in source file Input.vhd
    Info (12022): Found design unit 1: Input-comportamento File: /home/antonio/Desktop/Desing_Computadores/contador/Input.vhd Line: 15
    Info (12023): Found entity 1: Input File: /home/antonio/Desktop/Desing_Computadores/contador/Input.vhd Line: 4
Info (12021): Found 2 design units, including 1 entities, in source file buffer_3_state_8portas.vhd
    Info (12022): Found design unit 1: buffer_3_state_8portas-comportamento File: /home/antonio/Desktop/Desing_Computadores/contador/buffer_3_state_8portas.vhd Line: 11
    Info (12023): Found entity 1: buffer_3_state_8portas File: /home/antonio/Desktop/Desing_Computadores/contador/buffer_3_state_8portas.vhd Line: 4
Info (12021): Found 2 design units, including 1 entities, in source file bancoRegistradoresArqRegMem.vhd
    Info (12022): Found design unit 1: bancoRegistradoresArqRegMem-comportamento File: /home/antonio/Desktop/Desing_Computadores/contador/bancoRegistradoresArqRegMem.vhd Line: 23
    Info (12023): Found entity 1: bancoRegistradoresArqRegMem File: /home/antonio/Desktop/Desing_Computadores/contador/bancoRegistradoresArqRegMem.vhd Line: 5
Info (12127): Elaborating entity "contador" for the top level hierarchy
Warning (10036): Verilog HDL or VHDL warning at contador.vhd(29): object "Pc" assigned a value but never read File: /home/antonio/Desktop/Desing_Computadores/contador/contador.vhd Line: 29
Info (12129): Elaborating entity "edgeDetector" using architecture "A:bordasubida" for hierarchy "edgeDetector:\gravar:detectorSub0" File: /home/antonio/Desktop/Desing_Computadores/contador/contador.vhd Line: 43
Info (12128): Elaborating entity "processador" for hierarchy "processador:Processador" File: /home/antonio/Desktop/Desing_Computadores/contador/contador.vhd Line: 48
Warning (10036): Verilog HDL or VHDL warning at processador.vhd(45): object "hab_read" assigned a value but never read File: /home/antonio/Desktop/Desing_Computadores/contador/processador.vhd Line: 45
Warning (10036): Verilog HDL or VHDL warning at processador.vhd(46): object "hab_wrt" assigned a value but never read File: /home/antonio/Desktop/Desing_Computadores/contador/processador.vhd Line: 46
Info (12128): Elaborating entity "muxGenerico2x1" for hierarchy "processador:Processador|muxGenerico2x1:MUX1" File: /home/antonio/Desktop/Desing_Computadores/contador/processador.vhd Line: 60
Info (12128): Elaborating entity "bancoRegistradoresArqRegMem" for hierarchy "processador:Processador|bancoRegistradoresArqRegMem:Banco_Reg" File: /home/antonio/Desktop/Desing_Computadores/contador/processador.vhd Line: 69
Info (12128): Elaborating entity "registradorGenerico" for hierarchy "processador:Processador|registradorGenerico:PC" File: /home/antonio/Desktop/Desing_Computadores/contador/processador.vhd Line: 74
Info (12128): Elaborating entity "somaConstante" for hierarchy "processador:Processador|somaConstante:incrementaPC" File: /home/antonio/Desktop/Desing_Computadores/contador/processador.vhd Line: 77
Info (12128): Elaborating entity "ULASomaSub" for hierarchy "processador:Processador|ULASomaSub:ULA1" File: /home/antonio/Desktop/Desing_Computadores/contador/processador.vhd Line: 82
Info (12128): Elaborating entity "memoriaROM" for hierarchy "processador:Processador|memoriaROM:ROM1" File: /home/antonio/Desktop/Desing_Computadores/contador/processador.vhd Line: 87
Info (12128): Elaborating entity "decoderInstru" for hierarchy "processador:Processador|decoderInstru:decoder" File: /home/antonio/Desktop/Desing_Computadores/contador/processador.vhd Line: 91
Info (12128): Elaborating entity "logDesvio" for hierarchy "processador:Processador|logDesvio:Log_Desvio" File: /home/antonio/Desktop/Desing_Computadores/contador/processador.vhd Line: 98
Info (12128): Elaborating entity "flipflop" for hierarchy "processador:Processador|flipflop:flag_ula" File: /home/antonio/Desktop/Desing_Computadores/contador/processador.vhd Line: 102
Info (12128): Elaborating entity "muxGenerico4x2" for hierarchy "processador:Processador|muxGenerico4x2:MUX_JMP" File: /home/antonio/Desktop/Desing_Computadores/contador/processador.vhd Line: 107
Info (10041): Inferred latch for "saida_MUX[0]" at muxGenerico4x2.vhd(16) File: /home/antonio/Desktop/Desing_Computadores/contador/muxGenerico4x2.vhd Line: 16
Info (10041): Inferred latch for "saida_MUX[1]" at muxGenerico4x2.vhd(16) File: /home/antonio/Desktop/Desing_Computadores/contador/muxGenerico4x2.vhd Line: 16
Info (10041): Inferred latch for "saida_MUX[2]" at muxGenerico4x2.vhd(16) File: /home/antonio/Desktop/Desing_Computadores/contador/muxGenerico4x2.vhd Line: 16
Info (10041): Inferred latch for "saida_MUX[3]" at muxGenerico4x2.vhd(16) File: /home/antonio/Desktop/Desing_Computadores/contador/muxGenerico4x2.vhd Line: 16
Info (10041): Inferred latch for "saida_MUX[4]" at muxGenerico4x2.vhd(16) File: /home/antonio/Desktop/Desing_Computadores/contador/muxGenerico4x2.vhd Line: 16
Info (10041): Inferred latch for "saida_MUX[5]" at muxGenerico4x2.vhd(16) File: /home/antonio/Desktop/Desing_Computadores/contador/muxGenerico4x2.vhd Line: 16
Info (10041): Inferred latch for "saida_MUX[6]" at muxGenerico4x2.vhd(16) File: /home/antonio/Desktop/Desing_Computadores/contador/muxGenerico4x2.vhd Line: 16
Info (10041): Inferred latch for "saida_MUX[7]" at muxGenerico4x2.vhd(16) File: /home/antonio/Desktop/Desing_Computadores/contador/muxGenerico4x2.vhd Line: 16
Info (10041): Inferred latch for "saida_MUX[8]" at muxGenerico4x2.vhd(16) File: /home/antonio/Desktop/Desing_Computadores/contador/muxGenerico4x2.vhd Line: 16
Info (12128): Elaborating entity "memoriaRAM" for hierarchy "memoriaRAM:RAM" File: /home/antonio/Desktop/Desing_Computadores/contador/contador.vhd Line: 51
Info (12128): Elaborating entity "decoder3x8" for hierarchy "decoder3x8:Decoder678" File: /home/antonio/Desktop/Desing_Computadores/contador/contador.vhd Line: 55
Info (12128): Elaborating entity "LEDs" for hierarchy "LEDs:BLOCO_LEDs" File: /home/antonio/Desktop/Desing_Computadores/contador/contador.vhd Line: 58
Info (12128): Elaborating entity "registradorGenerico" for hierarchy "LEDs:BLOCO_LEDs|registradorGenerico:REG_07" File: /home/antonio/Desktop/Desing_Computadores/contador/LEDs.vhd Line: 25
Info (12128): Elaborating entity "Segs7" for hierarchy "Segs7:BLOCO_7seg" File: /home/antonio/Desktop/Desing_Computadores/contador/contador.vhd Line: 61
Info (12128): Elaborating entity "registradorGenerico" for hierarchy "Segs7:BLOCO_7seg|registradorGenerico:REG_0" File: /home/antonio/Desktop/Desing_Computadores/contador/Segs7.vhd Line: 23
Info (12128): Elaborating entity "conversorHex7Seg" for hierarchy "Segs7:BLOCO_7seg|conversorHex7Seg:DEC_0" File: /home/antonio/Desktop/Desing_Computadores/contador/Segs7.vhd Line: 25
Info (12128): Elaborating entity "Input" for hierarchy "Input:BLOCO_SW" File: /home/antonio/Desktop/Desing_Computadores/contador/contador.vhd Line: 63
Info (12128): Elaborating entity "buffer_3_state_8portas" for hierarchy "Input:BLOCO_SW|buffer_3_state_8portas:Buffer_bloco" File: /home/antonio/Desktop/Desing_Computadores/contador/Input.vhd Line: 21
Info (276014): Found 2 instances of uninferred RAM logic
    Info (276007): RAM logic "memoriaRAM:RAM|ram" is uninferred due to asynchronous read logic File: /home/antonio/Desktop/Desing_Computadores/contador/memoriaRAM.vhd Line: 27
    Info (276004): RAM logic "processador:Processador|bancoRegistradoresArqRegMem:Banco_Reg|registrador" is uninferred due to inappropriate RAM size File: /home/antonio/Desktop/Desing_Computadores/contador/bancoRegistradoresArqRegMem.vhd Line: 29
Warning (13046): Tri-state node(s) do not directly drive top-level pin(s)
    Warning (13048): Converted tri-state node "barramento_R[7]" into a selector File: /home/antonio/Desktop/Desing_Computadores/contador/muxGenerico2x1.vhd Line: 10
    Warning (13048): Converted tri-state node "barramento_R[6]" into a selector File: /home/antonio/Desktop/Desing_Computadores/contador/muxGenerico2x1.vhd Line: 10
    Warning (13048): Converted tri-state node "barramento_R[5]" into a selector File: /home/antonio/Desktop/Desing_Computadores/contador/muxGenerico2x1.vhd Line: 10
    Warning (13048): Converted tri-state node "barramento_R[4]" into a selector File: /home/antonio/Desktop/Desing_Computadores/contador/muxGenerico2x1.vhd Line: 10
    Warning (13048): Converted tri-state node "barramento_R[3]" into a selector File: /home/antonio/Desktop/Desing_Computadores/contador/muxGenerico2x1.vhd Line: 10
    Warning (13048): Converted tri-state node "barramento_R[2]" into a selector File: /home/antonio/Desktop/Desing_Computadores/contador/muxGenerico2x1.vhd Line: 10
    Warning (13048): Converted tri-state node "barramento_R[1]" into a selector File: /home/antonio/Desktop/Desing_Computadores/contador/muxGenerico2x1.vhd Line: 10
    Warning (13048): Converted tri-state node "barramento_R[0]" into a selector File: /home/antonio/Desktop/Desing_Computadores/contador/muxGenerico2x1.vhd Line: 10
Warning (13024): Output pins are stuck at VCC or GND
    Warning (13410): Pin "HEX0[0]" is stuck at GND File: /home/antonio/Desktop/Desing_Computadores/contador/contador.vhd Line: 17
    Warning (13410): Pin "HEX0[1]" is stuck at GND File: /home/antonio/Desktop/Desing_Computadores/contador/contador.vhd Line: 17
    Warning (13410): Pin "HEX0[2]" is stuck at GND File: /home/antonio/Desktop/Desing_Computadores/contador/contador.vhd Line: 17
    Warning (13410): Pin "HEX0[3]" is stuck at GND File: /home/antonio/Desktop/Desing_Computadores/contador/contador.vhd Line: 17
    Warning (13410): Pin "HEX0[4]" is stuck at GND File: /home/antonio/Desktop/Desing_Computadores/contador/contador.vhd Line: 17
    Warning (13410): Pin "HEX0[5]" is stuck at GND File: /home/antonio/Desktop/Desing_Computadores/contador/contador.vhd Line: 17
    Warning (13410): Pin "HEX0[6]" is stuck at VCC File: /home/antonio/Desktop/Desing_Computadores/contador/contador.vhd Line: 17
    Warning (13410): Pin "HEX1[0]" is stuck at GND File: /home/antonio/Desktop/Desing_Computadores/contador/contador.vhd Line: 17
    Warning (13410): Pin "HEX1[1]" is stuck at GND File: /home/antonio/Desktop/Desing_Computadores/contador/contador.vhd Line: 17
    Warning (13410): Pin "HEX1[2]" is stuck at GND File: /home/antonio/Desktop/Desing_Computadores/contador/contador.vhd Line: 17
    Warning (13410): Pin "HEX1[3]" is stuck at GND File: /home/antonio/Desktop/Desing_Computadores/contador/contador.vhd Line: 17
    Warning (13410): Pin "HEX1[4]" is stuck at GND File: /home/antonio/Desktop/Desing_Computadores/contador/contador.vhd Line: 17
    Warning (13410): Pin "HEX1[5]" is stuck at GND File: /home/antonio/Desktop/Desing_Computadores/contador/contador.vhd Line: 17
    Warning (13410): Pin "HEX1[6]" is stuck at VCC File: /home/antonio/Desktop/Desing_Computadores/contador/contador.vhd Line: 17
    Warning (13410): Pin "HEX2[0]" is stuck at GND File: /home/antonio/Desktop/Desing_Computadores/contador/contador.vhd Line: 17
    Warning (13410): Pin "HEX2[1]" is stuck at GND File: /home/antonio/Desktop/Desing_Computadores/contador/contador.vhd Line: 17
    Warning (13410): Pin "HEX2[2]" is stuck at GND File: /home/antonio/Desktop/Desing_Computadores/contador/contador.vhd Line: 17
    Warning (13410): Pin "HEX2[3]" is stuck at GND File: /home/antonio/Desktop/Desing_Computadores/contador/contador.vhd Line: 17
    Warning (13410): Pin "HEX2[4]" is stuck at GND File: /home/antonio/Desktop/Desing_Computadores/contador/contador.vhd Line: 17
    Warning (13410): Pin "HEX2[5]" is stuck at GND File: /home/antonio/Desktop/Desing_Computadores/contador/contador.vhd Line: 17
    Warning (13410): Pin "HEX2[6]" is stuck at VCC File: /home/antonio/Desktop/Desing_Computadores/contador/contador.vhd Line: 17
    Warning (13410): Pin "HEX3[0]" is stuck at GND File: /home/antonio/Desktop/Desing_Computadores/contador/contador.vhd Line: 17
    Warning (13410): Pin "HEX3[1]" is stuck at GND File: /home/antonio/Desktop/Desing_Computadores/contador/contador.vhd Line: 17
    Warning (13410): Pin "HEX3[2]" is stuck at GND File: /home/antonio/Desktop/Desing_Computadores/contador/contador.vhd Line: 17
    Warning (13410): Pin "HEX3[3]" is stuck at GND File: /home/antonio/Desktop/Desing_Computadores/contador/contador.vhd Line: 17
    Warning (13410): Pin "HEX3[4]" is stuck at GND File: /home/antonio/Desktop/Desing_Computadores/contador/contador.vhd Line: 17
    Warning (13410): Pin "HEX3[5]" is stuck at GND File: /home/antonio/Desktop/Desing_Computadores/contador/contador.vhd Line: 17
    Warning (13410): Pin "HEX3[6]" is stuck at VCC File: /home/antonio/Desktop/Desing_Computadores/contador/contador.vhd Line: 17
    Warning (13410): Pin "HEX4[0]" is stuck at GND File: /home/antonio/Desktop/Desing_Computadores/contador/contador.vhd Line: 17
    Warning (13410): Pin "HEX4[1]" is stuck at GND File: /home/antonio/Desktop/Desing_Computadores/contador/contador.vhd Line: 17
    Warning (13410): Pin "HEX4[2]" is stuck at GND File: /home/antonio/Desktop/Desing_Computadores/contador/contador.vhd Line: 17
    Warning (13410): Pin "HEX4[3]" is stuck at GND File: /home/antonio/Desktop/Desing_Computadores/contador/contador.vhd Line: 17
    Warning (13410): Pin "HEX4[4]" is stuck at GND File: /home/antonio/Desktop/Desing_Computadores/contador/contador.vhd Line: 17
    Warning (13410): Pin "HEX4[5]" is stuck at GND File: /home/antonio/Desktop/Desing_Computadores/contador/contador.vhd Line: 17
    Warning (13410): Pin "HEX4[6]" is stuck at VCC File: /home/antonio/Desktop/Desing_Computadores/contador/contador.vhd Line: 17
    Warning (13410): Pin "HEX5[0]" is stuck at GND File: /home/antonio/Desktop/Desing_Computadores/contador/contador.vhd Line: 17
    Warning (13410): Pin "HEX5[1]" is stuck at GND File: /home/antonio/Desktop/Desing_Computadores/contador/contador.vhd Line: 17
    Warning (13410): Pin "HEX5[2]" is stuck at GND File: /home/antonio/Desktop/Desing_Computadores/contador/contador.vhd Line: 17
    Warning (13410): Pin "HEX5[3]" is stuck at GND File: /home/antonio/Desktop/Desing_Computadores/contador/contador.vhd Line: 17
    Warning (13410): Pin "HEX5[4]" is stuck at GND File: /home/antonio/Desktop/Desing_Computadores/contador/contador.vhd Line: 17
    Warning (13410): Pin "HEX5[5]" is stuck at GND File: /home/antonio/Desktop/Desing_Computadores/contador/contador.vhd Line: 17
    Warning (13410): Pin "HEX5[6]" is stuck at VCC File: /home/antonio/Desktop/Desing_Computadores/contador/contador.vhd Line: 17
    Warning (13410): Pin "LEDR[0]" is stuck at GND File: /home/antonio/Desktop/Desing_Computadores/contador/contador.vhd Line: 18
    Warning (13410): Pin "LEDR[1]" is stuck at GND File: /home/antonio/Desktop/Desing_Computadores/contador/contador.vhd Line: 18
    Warning (13410): Pin "LEDR[2]" is stuck at GND File: /home/antonio/Desktop/Desing_Computadores/contador/contador.vhd Line: 18
    Warning (13410): Pin "LEDR[3]" is stuck at GND File: /home/antonio/Desktop/Desing_Computadores/contador/contador.vhd Line: 18
    Warning (13410): Pin "LEDR[4]" is stuck at GND File: /home/antonio/Desktop/Desing_Computadores/contador/contador.vhd Line: 18
    Warning (13410): Pin "LEDR[5]" is stuck at GND File: /home/antonio/Desktop/Desing_Computadores/contador/contador.vhd Line: 18
    Warning (13410): Pin "LEDR[6]" is stuck at GND File: /home/antonio/Desktop/Desing_Computadores/contador/contador.vhd Line: 18
    Warning (13410): Pin "LEDR[7]" is stuck at GND File: /home/antonio/Desktop/Desing_Computadores/contador/contador.vhd Line: 18
    Warning (13410): Pin "LEDR[8]" is stuck at GND File: /home/antonio/Desktop/Desing_Computadores/contador/contador.vhd Line: 18
    Warning (13410): Pin "LEDR[9]" is stuck at GND File: /home/antonio/Desktop/Desing_Computadores/contador/contador.vhd Line: 18
Info (17049): 20 registers lost all their fanouts during netlist optimizations.
Info (16010): Generating hard_block partition "hard_block:auto_generated_inst"
    Info (16011): Adding 0 node(s), including 0 DDIO, 0 PLL, 0 transceiver and 0 LCELL
Warning (21074): Design contains 15 input pin(s) that do not drive logic
    Warning (15610): No output dependent on input pin "CLOCK_50" File: /home/antonio/Desktop/Desing_Computadores/contador/contador.vhd Line: 13
    Warning (15610): No output dependent on input pin "KEY[0]" File: /home/antonio/Desktop/Desing_Computadores/contador/contador.vhd Line: 14
    Warning (15610): No output dependent on input pin "KEY[1]" File: /home/antonio/Desktop/Desing_Computadores/contador/contador.vhd Line: 14
    Warning (15610): No output dependent on input pin "KEY[2]" File: /home/antonio/Desktop/Desing_Computadores/contador/contador.vhd Line: 14
    Warning (15610): No output dependent on input pin "KEY[3]" File: /home/antonio/Desktop/Desing_Computadores/contador/contador.vhd Line: 14
    Warning (15610): No output dependent on input pin "SW[0]" File: /home/antonio/Desktop/Desing_Computadores/contador/contador.vhd Line: 15
    Warning (15610): No output dependent on input pin "SW[1]" File: /home/antonio/Desktop/Desing_Computadores/contador/contador.vhd Line: 15
    Warning (15610): No output dependent on input pin "SW[2]" File: /home/antonio/Desktop/Desing_Computadores/contador/contador.vhd Line: 15
    Warning (15610): No output dependent on input pin "SW[3]" File: /home/antonio/Desktop/Desing_Computadores/contador/contador.vhd Line: 15
    Warning (15610): No output dependent on input pin "SW[4]" File: /home/antonio/Desktop/Desing_Computadores/contador/contador.vhd Line: 15
    Warning (15610): No output dependent on input pin "SW[5]" File: /home/antonio/Desktop/Desing_Computadores/contador/contador.vhd Line: 15
    Warning (15610): No output dependent on input pin "SW[6]" File: /home/antonio/Desktop/Desing_Computadores/contador/contador.vhd Line: 15
    Warning (15610): No output dependent on input pin "SW[7]" File: /home/antonio/Desktop/Desing_Computadores/contador/contador.vhd Line: 15
    Warning (15610): No output dependent on input pin "SW[8]" File: /home/antonio/Desktop/Desing_Computadores/contador/contador.vhd Line: 15
    Warning (15610): No output dependent on input pin "SW[9]" File: /home/antonio/Desktop/Desing_Computadores/contador/contador.vhd Line: 15
Info (21057): Implemented 67 device resources after synthesis - the final resource count might be different
    Info (21058): Implemented 15 input pins
    Info (21059): Implemented 52 output pins
Info: Quartus Prime Analysis & Synthesis was successful. 0 errors, 82 warnings
    Info: Peak virtual memory: 480 megabytes
    Info: Processing ended: Fri Apr  7 18:39:38 2023
    Info: Elapsed time: 00:00:07
    Info: Total CPU time (on all processors): 00:00:17


