------------------------------------------------------------
Timing Analyzer Summary
------------------------------------------------------------

Type  : Slow 1100mV 85C Model Setup 'CLOCK_50'
Slack : -7.749
TNS   : -3447.846

Type  : Slow 1100mV 85C Model Hold 'CLOCK_50'
Slack : 0.745
TNS   : 0.000

Type  : Slow 1100mV 85C Model Minimum Pulse Width 'CLOCK_50'
Slack : -0.538
TNS   : -534.397

Type  : Slow 1100mV 0C Model Setup 'CLOCK_50'
Slack : -7.819
TNS   : -3341.299

Type  : Slow 1100mV 0C Model Hold 'CLOCK_50'
Slack : 0.702
TNS   : 0.000

Type  : Slow 1100mV 0C Model Minimum Pulse Width 'CLOCK_50'
Slack : -0.538
TNS   : -475.162

Type  : Fast 1100mV 85C Model Setup 'CLOCK_50'
Slack : -3.549
TNS   : -1491.692

Type  : Fast 1100mV 85C Model Hold 'CLOCK_50'
Slack : 0.389
TNS   : 0.000

Type  : Fast 1100mV 85C Model Minimum Pulse Width 'CLOCK_50'
Slack : -0.409
TNS   : -272.140

Type  : Fast 1100mV 0C Model Setup 'CLOCK_50'
Slack : -3.112
TNS   : -1277.811

Type  : Fast 1100mV 0C Model Hold 'CLOCK_50'
Slack : 0.348
TNS   : 0.000

Type  : Fast 1100mV 0C Model Minimum Pulse Width 'CLOCK_50'
Slack : -0.446
TNS   : -326.490

------------------------------------------------------------
