------------------------------------------------------------
Timing Analyzer Summary
------------------------------------------------------------

Type  : Slow 1100mV 85C Model Setup 'KEY[0]'
Slack : -1.551
TNS   : -7.515

Type  : Slow 1100mV 85C Model Hold 'KEY[0]'
Slack : 0.459
TNS   : 0.000

Type  : Slow 1100mV 85C Model Recovery 'KEY[0]'
Slack : -0.877
TNS   : -3.500

Type  : Slow 1100mV 85C Model Removal 'KEY[0]'
Slack : 0.972
TNS   : 0.000

Type  : Slow 1100mV 85C Model Minimum Pulse Width 'KEY[0]'
Slack : -0.538
TNS   : -6.987

Type  : Slow 1100mV 0C Model Setup 'KEY[0]'
Slack : -1.408
TNS   : -7.102

Type  : Slow 1100mV 0C Model Hold 'KEY[0]'
Slack : 0.469
TNS   : 0.000

Type  : Slow 1100mV 0C Model Recovery 'KEY[0]'
Slack : -0.879
TNS   : -3.506

Type  : Slow 1100mV 0C Model Removal 'KEY[0]'
Slack : 0.921
TNS   : 0.000

Type  : Slow 1100mV 0C Model Minimum Pulse Width 'KEY[0]'
Slack : -0.538
TNS   : -7.088

Type  : Fast 1100mV 85C Model Setup 'KEY[0]'
Slack : -0.145
TNS   : -0.578

Type  : Fast 1100mV 85C Model Hold 'KEY[0]'
Slack : 0.181
TNS   : 0.000

Type  : Fast 1100mV 85C Model Recovery 'KEY[0]'
Slack : 0.152
TNS   : 0.000

Type  : Fast 1100mV 85C Model Removal 'KEY[0]'
Slack : 0.446
TNS   : 0.000

Type  : Fast 1100mV 85C Model Minimum Pulse Width 'KEY[0]'
Slack : -0.090
TNS   : -0.790

Type  : Fast 1100mV 0C Model Setup 'KEY[0]'
Slack : -0.034
TNS   : -0.134

Type  : Fast 1100mV 0C Model Hold 'KEY[0]'
Slack : 0.172
TNS   : 0.000

Type  : Fast 1100mV 0C Model Recovery 'KEY[0]'
Slack : 0.201
TNS   : 0.000

Type  : Fast 1100mV 0C Model Removal 'KEY[0]'
Slack : 0.406
TNS   : 0.000

Type  : Fast 1100mV 0C Model Minimum Pulse Width 'KEY[0]'
Slack : -0.092
TNS   : -0.816

------------------------------------------------------------
